Product: MDK-ARM Professional 5.10
Component: ARM Compiler 5.04 update 1 (build 49)
Tool: armlink [5040049]

==============================================================================

Section Cross References

    main.o(.text) refers to mhscpu_timer.o(.text) for TIM_ClearITPendingBit
    main.o(.text) refers to uart.o(.text) for debugPrint
    main.o(.text) refers to board.o(.text) for init_clock
    main.o(.text) refers to timer.o(.text) for init_timer
    main.o(.text) refers to memseta.o(.text) for __aeabi_memclr4
    main.o(.text) refers to usbd_core.o(.text) for USBD_Init
    main.o(.text) refers to hal_flash_interface.o(.text) for HAL_Flash_Interface_Init
    main.o(.text) refers to mhscpu_flash.o(.text) for WriteFlash
    main.o(.text) refers to mh_rand.o(.text) for mh_rand_init
    main.o(.text) refers to cos.o(.text) for cos_init
    main.o(.text) refers to main.o(.constdata) for .constdata
    main.o(.text) refers to main.o(.bss) for USB_OTG_dev
    main.o(.text) refers to usbd_usr.o(.data) for USRD_cb
    main.o(.text) refers to usbd_msc_core.o(.data) for USBD_MSC_cb
    main.o(.text) refers to usbd_desc.o(.data) for USR_desc
    main.o(.text) refers to main.o(.conststring) for .conststring
    board.o(.text) refers to misc.o(.text) for NVIC_Init
    board.o(.text) refers to mhscpu_exti.o(.text) for EXTI_DeInit
    board.o(.text) refers to mhscpu_gpio.o(.text) for GPIO_Init
    board.o(.text) refers to mhscpu_sysctrl.o(.text) for SYSCTRL_SYSCLKSourceSelect
    board.o(.text) refers to board.o(.data) for init_sequence
    board.o(.data) refers to board.o(.text) for init_clock
    timer.o(.text) refers to mhscpu_sysctrl.o(.text) for SYSCTRL_GetClocksFreq
    timer.o(.text) refers to mhscpu_timer.o(.text) for TIM_Init
    uart.o(.text) refers to mhscpu_gpio.o(.text) for GPIO_PinRemapConfig
    uart.o(.text) refers to mhscpu_uart.o(.text) for UART_Init
    uart.o(.text) refers to printfa.o(i.__0vsprintf) for __c89vsprintf
    uart.o(.text) refers to strlen.o(.text) for strlen
    app_cmd.o(.text) refers to cos.o(.text) for cos_dev_auth
    app_cmd.o(.text) refers to hal_alg.o(.text) for hal_alg_genrand
    app_cmd.o(.text) refers to app_cmd.o(.bss) for g_APDU
    app_cmd.o(.text) refers to app_cmd.o(.data) for g_randstate
    app_cmd.o(.text) refers to hal_flash_interface.o(.bss) for flash_device
    app_cmd.o(.data) refers to app_cmd.o(.text) for APP_CMD_DevAuth
    startup_mhscpu.o(RESET) refers to startup_mhscpu.o(STACK) for __initial_sp
    startup_mhscpu.o(RESET) refers to startup_mhscpu.o(.text) for Reset_Handler
    startup_mhscpu.o(RESET) refers to mhscpu_it.o(.text) for NMI_Handler
    startup_mhscpu.o(RESET) refers to main.o(.text) for TIM0_0_IRQHandler
    startup_mhscpu.o(RESET) refers to board.o(.text) for EXTI2_IRQHandler
    startup_mhscpu.o(RESET) refers to mh_rand.o(.text) for TRNG_IRQHandler
    startup_mhscpu.o(.text) refers to startup_mhscpu.o(RESET) for __Vectors
    startup_mhscpu.o(.text) refers to system_mhscpu.o(.text) for SystemInit
    startup_mhscpu.o(.text) refers to entry.o(.ARM.Collect$$$$00000000) for __main
    mhscpu_exti.o(.text) refers to board.o(.text) for assert_failed
    mhscpu_gpio.o(.text) refers to memmovea.o(.text) for __aeabi_memcpy4
    mhscpu_gpio.o(.text) refers to board.o(.text) for assert_failed
    mhscpu_gpio.o(.text) refers to mhscpu_sysctrl.o(.text) for SYSCTRL_APBPeriphResetCmd
    mhscpu_gpio.o(.text) refers to mhscpu_gpio.o(.constdata) for .constdata
    mhscpu_gpio.o(.text) refers to mhscpu_gpio.o(.bss) for GPIO_OD_Mark
    mhscpu_sysctrl.o(.text) refers to board.o(.text) for assert_failed
    mhscpu_timer.o(.text) refers to board.o(.text) for assert_failed
    mhscpu_timer.o(.text) refers to mhscpu_sysctrl.o(.text) for SYSCTRL_APBPeriphResetCmd
    mhscpu_uart.o(.text) refers to mhscpu_sysctrl.o(.text) for SYSCTRL_UART_Reset
    mhscpu_uart.o(.text) refers to board.o(.text) for assert_failed
    misc.o(.text) refers to board.o(.text) for assert_failed
    mhscpu_it.o(.text) refers to printfb.o(i.__0printf$bare) for __2printf
    mhscpu_it.o(.text) refers to usb_dcd_int.o(.text) for USBD_OTG_ISR_Handler
    mhscpu_it.o(.text) refers to main.o(.bss) for USB_OTG_dev
    mhscpu_flash.o(.text) refers to board.o(.text) for assert_failed
    mhscpu_flash.o(.text) refers to mhscpu_flash.o(.data) for pfFlash_Done
    mh_rand.o(.text) refers to dflti.o(.text) for __aeabi_i2d
    mh_rand.o(.text) refers to dadd.o(.text) for __aeabi_dadd
    mh_rand.o(.text) refers to dfltui.o(.text) for __aeabi_ui2d
    mh_rand.o(.text) refers to sqrt.o(i.sqrt) for sqrt
    mh_rand.o(.text) refers to ddiv.o(.text) for __aeabi_ddiv
    mh_rand.o(.text) refers to erf.o(i.erfc) for erfc
    mh_rand.o(.text) refers to dmul.o(.text) for __aeabi_dmul
    mh_rand.o(.text) refers to mh_cephes.o(.text) for mh_cephes_igamc
    mh_rand.o(.text) refers to cdrcmple.o(.text) for __aeabi_cdrcmple
    mh_rand.o(.text) refers to memseta.o(.text) for __aeabi_memclr4
[...]
    SCSI_ReadCapacity10                      0x010089f1   Thumb Code   172  usbd_msc_scsi.o(.text)
    SCSI_ReadFormatCapacity                  0x01008a9d   Thumb Code   122  usbd_msc_scsi.o(.text)
    SCSI_ModeSense10                         0x01008b17   Thumb Code    34  usbd_msc_scsi.o(.text)
    SCSI_ModeSense6                          0x01008b39   Thumb Code    34  usbd_msc_scsi.o(.text)
    SCSI_StartStopUnit                       0x01008b5b   Thumb Code    10  usbd_msc_scsi.o(.text)
    SCSI_Inquiry                             0x01008b65   Thumb Code    70  usbd_msc_scsi.o(.text)
    SCSI_RequestSense                        0x01008bab   Thumb Code   132  usbd_msc_scsi.o(.text)
    SCSI_TestUnitReady                       0x01008c2f   Thumb Code    68  usbd_msc_scsi.o(.text)
    .text                                    0x01008ea4   Section        0  cos.o(.text)
    .text                                    0x0100a578   Section        0  hal_alg.o(.text)
    .text                                    0x0100a948   Section        0  hal_flash_interface.o(.text)
    .text                                    0x0100aa40   Section        0  mh_des.o(.text)
    mh_ssc_backup                            0x0100aa41   Thumb Code    50  mh_des.o(.text)
    mh_ssc_recover                           0x0100aa73   Thumb Code    38  mh_des.o(.text)
    mh_ssc_sec_enable                        0x0100aa99   Thumb Code    74  mh_des.o(.text)
    mh_des_is_equal                          0x0100aae3   Thumb Code   212  mh_des.o(.text)
    mh_des_cpy_swap                          0x0100abb7   Thumb Code   208  mh_des.o(.text)
    mh_des_cpy                               0x0100ac87   Thumb Code   186  mh_des.o(.text)
    mh_des                                   0x0100ad41   Thumb Code  1686  mh_des.o(.text)
    mh_tdes_is_equal                         0x0100b3d7   Thumb Code   212  mh_des.o(.text)
    mh_tdes_cpy_swap                         0x0100b4ab   Thumb Code   208  mh_des.o(.text)
    mh_tdes_cpy                              0x0100b57b   Thumb Code   186  mh_des.o(.text)
    mh_tdes                                  0x0100b635   Thumb Code  1522  mh_des.o(.text)
    mh_ssc_rand_branch_enable                0x0100bce7   Thumb Code    18  mh_des.o(.text)
    mh_ssc_rand_branch_disable               0x0100bcf9   Thumb Code    18  mh_des.o(.text)
    .text                                    0x0100bd24   Section        0  mh_cephes.o(.text)
    .text                                    0x0100c9a8   Section        0  mh_sm4.o(.text)
    mh_ssc_rand_branch_enable                0x0100dd43   Thumb Code    18  mh_sm4.o(.text)
    mh_ssc_rand_branch_disable               0x0100dd55   Thumb Code    18  mh_sm4.o(.text)
    mh_ssc_sec_enable                        0x0100dd67   Thumb Code    74  mh_sm4.o(.text)
    .text                                    0x0100ddec   Section       88  mh_misc_swap.o(.text)
    .text                                    0x0100de44   Section        0  memmovea.o(.text)
    .text                                    0x0100de84   Section        0  memseta.o(.text)
    .text                                    0x0100dea8   Section        0  strlen.o(.text)
    .text                                    0x0100deb6   Section        0  memcmp.o(.text)
    .text                                    0x0100ded0   Section        0  dadd.o(.text)
    .text                                    0x0100e01e   Section        0  dmul.o(.text)
    .text                                    0x0100e102   Section        0  ddiv.o(.text)
    .text                                    0x0100e1e0   Section        0  dflti.o(.text)
    .text                                    0x0100e202   Section        0  dfltui.o(.text)
    .text                                    0x0100e21c   Section        0  dfixi.o(.text)
    .text                                    0x0100e25c   Section       40  cdcmple.o(.text)
    .text                                    0x0100e284   Section       40  cdrcmple.o(.text)
    .text                                    0x0100e2ac   Section        0  uidiv.o(.text)
    .text                                    0x0100e2d8   Section        0  uldiv.o(.text)
    .text                                    0x0100e33a   Section        0  llshl.o(.text)
    .text                                    0x0100e358   Section        0  llushr.o(.text)
    .text                                    0x0100e378   Section        0  llsshr.o(.text)
    .text                                    0x0100e39c   Section        0  depilogue.o(.text)
    .text                                    0x0100e39c   Section        0  iusefp.o(.text)
    .text                                    0x0100e452   Section        0  dscalb.o(.text)
    .text                                    0x0100e480   Section        0  dsqrt.o(.text)
    .text                                    0x0100e522   Section        0  dfixul.o(.text)
    .text                                    0x0100e554   Section       36  init.o(.text)
    .text                                    0x0100e578   Section        0  __dczerorl2.o(.text)
    .text                                    0x0100e578   Section        0  iusesemip.o(.text)
    .text                                    0x0100e578   Section        0  semi.o(.text)
    i.__0printf$bare                         0x0100e5d0   Section        0  printfb.o(i.__0printf$bare)
    i.__0vsprintf                            0x0100e5e0   Section        0  printfa.o(i.__0vsprintf)
    i.__ARM_fpclassify                       0x0100e604   Section        0  fpclassify.o(i.__ARM_fpclassify)
    i.__ieee754_rem_pio2                     0x0100e62c   Section        0  rred.o(i.__ieee754_rem_pio2)
    i.__kernel_cos                           0x0100e9b4   Section        0  cos_i.o(i.__kernel_cos)
    i.__kernel_poly                          0x0100eab0   Section        0  poly.o(i.__kernel_poly)
    i.__kernel_sin                           0x0100eb5c   Section        0  sin_i.o(i.__kernel_sin)
    i.__mathlib_dbl_underflow                0x0100ec48   Section        0  dunder.o(i.__mathlib_dbl_underflow)
    i.__scatterload_copy                     0x0100ec58   Section       14  handlers.o(i.__scatterload_copy)
    i.__scatterload_null                     0x0100ec66   Section        2  handlers.o(i.__scatterload_null)
    i.__scatterload_zeroinit                 0x0100ec68   Section       14  handlers.o(i.__scatterload_zeroinit)
    i.__set_errno                            0x0100ec78   Section        0  errno.o(i.__set_errno)
    i._fp_digits                             0x0100ec84   Section        0  printfa.o(i._fp_digits)
    _fp_digits                               0x0100ec85   Thumb Code   334  printfa.o(i._fp_digits)
    i._printf_core                           0x0100ede8   Section        0  printfb.o(i._printf_core)
    _printf_core                             0x0100ede9   Thumb Code    34  printfb.o(i._printf_core)
    i._printf_core                           0x0100ee0c   Section        0  printfa.o(i._printf_core)
    _printf_core                             0x0100ee0d   Thumb Code  1744  printfa.o(i._printf_core)
    i._printf_post_padding                   0x0100f4e8   Section        0  printfa.o(i._printf_post_padding)
    _printf_post_padding                     0x0100f4e9   Thumb Code    36  printfa.o(i._printf_post_padding)
    i._printf_pre_padding                    0x0100f50c   Section        0  printfa.o(i._printf_pre_padding)
    _printf_pre_padding                      0x0100f50d   Thumb Code    46  printfa.o(i._printf_pre_padding)
    i._sputc                                 0x0100f53a   Section        0  printfa.o(i._sputc)
    _sputc                                   0x0100f53b   Thumb Code    10  printfa.o(i._sputc)
    i.erf                                    0x0100f544   Section        0  erf.o(i.erf)
    i.erfc                                   0x0100f810   Section        0  erf.o(i.erfc)
    i.exp                                    0x0100fb24   Section        0  exp.o(i.exp)
    i.floor                                  0x0100fdb4   Section        0  floor.o(i.floor)
    i.fputc                                  0x0100fe90   Section        0  fputc.o(i.fputc)
    i.log                                    0x0100fea4   Section        0  log.o(i.log)
    i.sin                                    0x01010214   Section        0  sin.o(i.sin)
    i.sqrt                                   0x010102c4   Section        0  sqrt.o(i.sqrt)
    .constdata                               0x01010310   Section       16  main.o(.constdata)
    .constdata                               0x01010320   Section       24  mhscpu_gpio.o(.constdata)
    .constdata                               0x01010338   Section     1024  mh_rand.o(.constdata)
    .constdata                               0x01010738   Section       36  usbd_storage_msd.o(.constdata)
    .constdata                               0x0101075c   Section       23  usbd_msc_data.o(.constdata)
    .constdata                               0x01010774   Section      384  mh_sm4.o(.constdata)
    .constdata                               0x010108f8   Section      424  erf.o(.constdata)
    pp                                       0x010108f8   Data          40  erf.o(.constdata)
    qq                                       0x01010920   Data          40  erf.o(.constdata)
    pa                                       0x01010948   Data          56  erf.o(.constdata)
    qa                                       0x01010980   Data          48  erf.o(.constdata)
    ra                                       0x010109b0   Data          64  erf.o(.constdata)
    sa                                       0x010109f0   Data          64  erf.o(.constdata)
    rb                                       0x01010a30   Data          56  erf.o(.constdata)
    sb                                       0x01010a68   Data          56  erf.o(.constdata)
    .constdata                               0x01010aa0   Section       88  exp.o(.constdata)
    halF                                     0x01010aa0   Data          16  exp.o(.constdata)
    ln2HI                                    0x01010ab0   Data          16  exp.o(.constdata)
    ln2LO                                    0x01010ac0   Data          16  exp.o(.constdata)
    P                                        0x01010ad0   Data          40  exp.o(.constdata)
    .constdata                               0x01010af8   Section       56  log.o(.constdata)
    Lg2                                      0x01010af8   Data          24  log.o(.constdata)
    Lg                                       0x01010b10   Data          32  log.o(.constdata)
    .constdata                               0x01010b30   Section       48  cos_i.o(.constdata)
    C                                        0x01010b30   Data          48  cos_i.o(.constdata)
    .constdata                               0x01010b60   Section        8  qnan.o(.constdata)
    .constdata                               0x01010b68   Section      200  rred.o(.constdata)
    pio2s                                    0x01010b68   Data          48  rred.o(.constdata)
    twooverpi                                0x01010b98   Data         152  rred.o(.constdata)
    .constdata                               0x01010c30   Section       40  sin_i.o(.constdata)
    S                                        0x01010c30   Data          40  sin_i.o(.constdata)
    .conststring                             0x01010c58   Section       66  main.o(.conststring)
    .conststring                             0x01010c9c   Section       65  usb_core.o(.conststring)
    .data                                    0x20000000   Section       16  board.o(.data)
    .data                                    0x20000010   Section       38  app_cmd.o(.data)
    former_cmd                               0x20000032   Data           4  app_cmd.o(.data)
    .data                                    0x20000038   Section       12  mhscpu_flash.o(.data)
    gu32FLASH_Key1                           0x20000038   Data           4  mhscpu_flash.o(.data)
    gu32FLASH_Key2                           0x2000003c   Data           4  mhscpu_flash.o(.data)
    pfFlash_Done                             0x20000040   Data           4  mhscpu_flash.o(.data)
    .data                                    0x20000044   Section        4  system_mhscpu.o(.data)
    .data                                    0x20000048   Section       60  usbd_desc.o(.data)
    .data                                    0x20000084   Section       40  usbd_storage_msd.o(.data)
    .data                                    0x200000ac   Section       28  usbd_usr.o(.data)
    .data                                    0x200000c8   Section        2  usb_dcd_int.o(.data)
    .data                                    0x200000cc   Section       52  usbd_core.o(.data)
    .data                                    0x20000100   Section       13  usbd_req.o(.data)
    cfgidx                                   0x2000010c   Data           1  usbd_req.o(.data)
    .data                                    0x2000010e   Section        4  usbd_msc_bot.o(.data)
    .data                                    0x20000114   Section       78  usbd_msc_core.o(.data)
    USBD_MSC_MaxLun                          0x20000160   Data           1  usbd_msc_core.o(.data)
    USBD_MSC_AltSet                          0x20000161   Data           1  usbd_msc_core.o(.data)
    .data                                    0x20000164   Section       30  usbd_msc_scsi.o(.data)
    slength                                  0x20000180   Data           2  usbd_msc_scsi.o(.data)
    .data                                    0x20000184   Section       14  cos.o(.data)
    .data                                    0x20000198   Section      188  mh_cephes.o(.data)
    big                                      0x200001b8   Data           8  mh_cephes.o(.data)
    biginv                                   0x200001c0   Data           8  mh_cephes.o(.data)
    A                                        0x200001cc   Data          40  mh_cephes.o(.data)
    B                                        0x200001f4   Data          48  mh_cephes.o(.data)
    C                                        0x20000224   Data          48  mh_cephes.o(.data)
    .data                                    0x20000254   Section        4  stdout.o(.data)
    .data                                    0x20000258   Section        4  errno.o(.data)
    _errno                                   0x20000258   Data           4  errno.o(.data)
    .bss                                     0x2000025c   Section     1388  main.o(.bss)
    .bss                                     0x200007c8   Section       46  app_cmd.o(.bss)
    .bss                                     0x200007f6   Section       12  mhscpu_gpio.o(.bss)
    GPIO_OD_Mark                             0x200007f6   Data          12  mhscpu_gpio.o(.bss)
    .bss                                     0x20000804   Section     1080  mh_rand.o(.bss)
    .bss                                     0x20000c3c   Section    36864  usbd_storage_msd.o(.bss)
    fat0_8_buf                               0x20000c3c   Data        4096  usbd_storage_msd.o(.bss)
    fat8_32_buf                              0x20001c3c   Data       16384  usbd_storage_msd.o(.bss)
    fat16_24_buf                             0x20005c3c   Data        4096  usbd_storage_msd.o(.bss)
    fat64_72_buf                             0x20006c3c   Data        4096  usbd_storage_msd.o(.bss)
    fat504_512_buf                           0x20007c3c   Data        4096  usbd_storage_msd.o(.bss)
    fat1016_1024_buf                         0x20008c3c   Data        4096  usbd_storage_msd.o(.bss)
    .bss                                     0x20009c3c   Section       64  usbd_req.o(.bss)
    .bss                                     0x20009c7c   Section     4144  usbd_msc_bot.o(.bss)
    .bss                                     0x2000acac   Section     2080  usbd_msc_scsi.o(.bss)
    .bss                                     0x2000b4cc   Section       68  cos.o(.bss)
    .bss                                     0x2000b510   Section       24  hal_flash_interface.o(.bss)
    STACK                                    0x2000b528   Section    17408  startup_mhscpu.o(STACK)

    Global Symbols

    Symbol Name                              Value     Ov Type        Size  Object(Section)

    BuildAttributes$$THM_ISAv4$P$D$K$B$S$PE$A:L22UL41UL21$X:L11$S22US41US21$IEEE1$IW$USESV6$~STKCKD$USESV7$~SHL$OTIME$ROPI$IEEEX$EBA8$MICROLIB$REQ8$PRES8$EABIv2 0x00000000   Number         0  anon$$obj.o ABSOLUTE
    __ARM_use_no_argv                        0x00000000   Number         0  main.o ABSOLUTE
    __cpp_initialize__aeabi_                  - Undefined Weak Reference
    __cxa_finalize                            - Undefined Weak Reference
    _clock_init                               - Undefined Weak Reference
    _microlib_exit                            - Undefined Weak Reference
    __Vectors_Size                           0x000000cc   Number         0  startup_mhscpu.o ABSOLUTE
    __Vectors                                0x01001000   Data           4  startup_mhscpu.o(RESET)
    __Vectors_End                            0x010010cc   Data           0  startup_mhscpu.o(RESET)
    __main                                   0x010010cd   Thumb Code     0  entry.o(.ARM.Collect$$$$00000000)
    _main_stk                                0x010010cd   Thumb Code     0  entry2.o(.ARM.Collect$$$$00000001)
    _main_scatterload                        0x010010d1   Thumb Code     0  entry5.o(.ARM.Collect$$$$00000004)
    __main_after_scatterload                 0x010010d5   Thumb Code     0  entry5.o(.ARM.Collect$$$$00000004)
    _main_clock                              0x010010d5   Thumb Code     0  entry7b.o(.ARM.Collect$$$$00000008)
    _main_cpp_init                           0x010010d5   Thumb Code     0  entry8b.o(.ARM.Collect$$$$0000000A)
    _main_init                               0x010010d5   Thumb Code     0  entry9a.o(.ARM.Collect$$$$0000000B)
    __rt_final_cpp                           0x010010dd   Thumb Code     0  entry10a.o(.ARM.Collect$$$$0000000D)
    __rt_final_exit                          0x010010dd   Thumb Code     0  entry11a.o(.ARM.Collect$$$$0000000F)
    TIM0_0_IRQHandler                        0x010010e1   Thumb Code    18  main.o(.text)
    test_read_template_totals                0x010010f3   Thumb Code    46  main.o(.text)
    delete_fingerprint_id                    0x01001121   Thumb Code    54  main.o(.text)
    clean_all_fingerprint                    0x01001157   Thumb Code    44  main.o(.text)
    test_enroll                              0x01001183   Thumb Code   102  main.o(.text)
    match_fingerprint                        0x010011e9   Thumb Code    78  main.o(.text)
    save_enroll                              0x01001237   Thumb Code    46  main.o(.text)
    main                                     0x01001265   Thumb Code   396  main.o(.text)
    NVIC_Configuration                       0x01001587   Thumb Code    82  board.o(.text)
    assert_failed                            0x010015d9   Thumb Code     4  board.o(.text)
    GPIO_Configuration                       0x010015dd   Thumb Code    90  board.o(.text)
    init_clock                               0x01001637   Thumb Code   100  board.o(.text)
    init_all_peripheral_devices              0x0100169b   Thumb Code    22  board.o(.text)
    hardwareInit                             0x010016b1   Thumb Code     8  board.o(.text)
    EXTI2_IRQHandler                         0x010016b9   Thumb Code    16  board.o(.text)
    init_timer                               0x010016f9   Thumb Code    60  timer.o(.text)
    uartInit                                 0x01001739   Thumb Code    48  uart.o(.text)
    uartSendBuff                             0x01001769   Thumb Code    38  uart.o(.text)
    uartSendBuffEmpty                        0x0100178f   Thumb Code    12  uart.o(.text)
    debugPrint                               0x0100179b   Thumb Code    46  uart.o(.text)
    HAL_UART_SendData                        0x010017c9   Thumb Code    16  uart.o(.text)
    HAL_UART_SEND_ASC                        0x010017d9   Thumb Code   120  uart.o(.text)
    UART_printf                              0x01001851   Thumb Code    50  uart.o(.text)
    APP_CMD_DevAuth                          0x0100188d   Thumb Code    98  app_cmd.o(.text)
    APP_CMD_VeryfyPin                        0x010018ef   Thumb Code   104  app_cmd.o(.text)
    APP_CMD_GenRand                          0x01001957   Thumb Code    72  app_cmd.o(.text)
    APP_CMD_KeyInit                          0x0100199f   Thumb Code    54  app_cmd.o(.text)
    APP_CMD_EndInit                          0x010019d5   Thumb Code    34  app_cmd.o(.text)
    Command                                  0x010019f7   Thumb Code    90  app_cmd.o(.text)
    Reset_Handler                            0x01001a69   Thumb Code    18  startup_mhscpu.o(.text)
    ADC_IRQHandler                           0x01001a8d   Thumb Code     0  startup_mhscpu.o(.text)
    CRYPT0_IRQHandler                        0x01001a8d   Thumb Code     0  startup_mhscpu.o(.text)
    DMA_IRQHandler                           0x01001a8d   Thumb Code     0  startup_mhscpu.o(.text)
    EXTI0_IRQHandler                         0x01001a8d   Thumb Code     0  startup_mhscpu.o(.text)
    EXTI1_IRQHandler                         0x01001a8d   Thumb Code     0  startup_mhscpu.o(.text)
    EXTI3_IRQHandler                         0x01001a8d   Thumb Code     0  startup_mhscpu.o(.text)
    EXTI4_IRQHandler                         0x01001a8d   Thumb Code     0  startup_mhscpu.o(.text)
    EXTI5_IRQHandler                         0x01001a8d   Thumb Code     0  startup_mhscpu.o(.text)
    I2C0_IRQHandler                          0x01001a8d   Thumb Code     0  startup_mhscpu.o(.text)
    KCU_IRQHandler                           0x01001a8d   Thumb Code     0  startup_mhscpu.o(.text)
    LCD_IRQHandler                           0x01001a8d   Thumb Code     0  startup_mhscpu.o(.text)
    RTC_IRQHandler                           0x01001a8d   Thumb Code     0  startup_mhscpu.o(.text)
    SCI0_IRQHandler                          0x01001a8d   Thumb Code     0  startup_mhscpu.o(.text)
    SCI1_IRQHandler                          0x01001a8d   Thumb Code     0  startup_mhscpu.o(.text)
    SCI2_IRQHandler                          0x01001a8d   Thumb Code     0  startup_mhscpu.o(.text)
    SENSOR_IRQHandler                        0x01001a8d   Thumb Code     0  startup_mhscpu.o(.text)
    SPI0_IRQHandler                          0x01001a8d   Thumb Code     0  startup_mhscpu.o(.text)
    SPI1_IRQHandler                          0x01001a8d   Thumb Code     0  startup_mhscpu.o(.text)
    SPI2_IRQHandler                          0x01001a8d   Thumb Code     0  startup_mhscpu.o(.text)
    SPI3_IRQHandler                          0x01001a8d   Thumb Code     0  startup_mhscpu.o(.text)
    SSC_IRQHandler                           0x01001a8d   Thumb Code     0  startup_mhscpu.o(.text)
    TIM0_1_IRQHandler                        0x01001a8d   Thumb Code     0  startup_mhscpu.o(.text)
    TIM0_2_IRQHandler                        0x01001a8d   Thumb Code     0  startup_mhscpu.o(.text)
    TIM0_3_IRQHandler                        0x01001a8d   Thumb Code     0  startup_mhscpu.o(.text)
    TIM0_4_IRQHandler                        0x01001a8d   Thumb Code     0  startup_mhscpu.o(.text)
    TIM0_5_IRQHandler                        0x01001a8d   Thumb Code     0  startup_mhscpu.o(.text)
    UART0_IRQHandler                         0x01001a8d   Thumb Code     0  startup_mhscpu.o(.text)
    UART1_IRQHandler                         0x01001a8d   Thumb Code     0  startup_mhscpu.o(.text)
    UART2_IRQHandler                         0x01001a8d   Thumb Code     0  startup_mhscpu.o(.text)
    UART3_IRQHandler                         0x01001a8d   Thumb Code     0  startup_mhscpu.o(.text)
    USBDMA_IRQHandler                        0x01001a8d   Thumb Code     0  startup_mhscpu.o(.text)
    EXTI_DeInit                              0x01001aa1   Thumb Code    30  mhscpu_exti.o(.text)
    EXTI_LineConfig                          0x01001abf   Thumb Code   146  mhscpu_exti.o(.text)
    EXTI_GetITStatus                         0x01001b51   Thumb Code    60  mhscpu_exti.o(.text)
    EXTI_GetITLineStatus                     0x01001b8d   Thumb Code    12  mhscpu_exti.o(.text)
    EXTI_ClearITPendingBit                   0x01001b99   Thumb Code    14  mhscpu_exti.o(.text)
    GPIO_DeInit                              0x01001c51   Thumb Code    12  mhscpu_gpio.o(.text)
    GPIO_PinRemapConfig                      0x01001c5d   Thumb Code   264  mhscpu_gpio.o(.text)
    GPIO_Init                                0x01001d65   Thumb Code   340  mhscpu_gpio.o(.text)
    GPIO_StructInit                          0x01001eb9   Thumb Code    14  mhscpu_gpio.o(.text)
    GPIO_ReadInputDataBit                    0x01001ec7   Thumb Code   172  mhscpu_gpio.o(.text)
    GPIO_ReadInputData                       0x01001f73   Thumb Code    14  mhscpu_gpio.o(.text)
    GPIO_ReadOutputDataBit                   0x01001f81   Thumb Code   242  mhscpu_gpio.o(.text)
    GPIO_ReadOutputData                      0x01002073   Thumb Code     8  mhscpu_gpio.o(.text)
    GPIO_SetBits                             0x0100207b   Thumb Code   150  mhscpu_gpio.o(.text)
    GPIO_ResetBits                           0x01002111   Thumb Code   156  mhscpu_gpio.o(.text)
    GPIO_WriteBit                            0x010021ad   Thumb Code   116  mhscpu_gpio.o(.text)
    GPIO_Write                               0x01002221   Thumb Code   170  mhscpu_gpio.o(.text)
    GPIO_PullUpCmd                           0x010022cb   Thumb Code   108  mhscpu_gpio.o(.text)
    GPIO_WakeEvenDeInit                      0x01002337   Thumb Code     8  mhscpu_gpio.o(.text)
    GPIO_WeakEvenConfig                      0x0100233f   Thumb Code   224  mhscpu_gpio.o(.text)
    SYSCTRL_AHBPeriphClockCmd                0x01002431   Thumb Code    82  mhscpu_sysctrl.o(.text)
    SYSCTRL_APBPeriphClockCmd                0x01002483   Thumb Code    66  mhscpu_sysctrl.o(.text)
    SYSCTRL_AHBPeriphResetCmd                0x010024c5   Thumb Code   120  mhscpu_sysctrl.o(.text)
    SYSCTRL_APBPeriphResetCmd                0x0100253d   Thumb Code    66  mhscpu_sysctrl.o(.text)
    SYSCTRL_EnterSleep                       0x0100257f   Thumb Code   134  mhscpu_sysctrl.o(.text)
    SYSCTRL_GetWakeupFlag1Status             0x01002605   Thumb Code    10  mhscpu_sysctrl.o(.text)
    SYSCTRL_GetWakeupFlag2Status             0x0100260f   Thumb Code    12  mhscpu_sysctrl.o(.text)
    SYSCTRL_WakeIntDeInit                    0x0100261b   Thumb Code    14  mhscpu_sysctrl.o(.text)
    SYSCTRL_WakeUpInt1Config                 0x01002629   Thumb Code    26  mhscpu_sysctrl.o(.text)
    SYSCTRL_WakeUpInt2Config                 0x01002643   Thumb Code    26  mhscpu_sysctrl.o(.text)
    SYSCTRL_SYSCLKSourceSelect               0x0100265d   Thumb Code    62  mhscpu_sysctrl.o(.text)
    SYSCTRL_PLLConfig                        0x0100269b   Thumb Code   146  mhscpu_sysctrl.o(.text)
    SYSCTRL_HCLKConfig                       0x0100272d   Thumb Code   130  mhscpu_sysctrl.o(.text)
    SYSCTRL_PCLKConfig                       0x010027af   Thumb Code    82  mhscpu_sysctrl.o(.text)
    SYSCTRL_GetClocksFreq                    0x01002801   Thumb Code   164  mhscpu_sysctrl.o(.text)
    SYSCTRL_DMA_ChannelConfig                0x010028a5   Thumb Code   408  mhscpu_sysctrl.o(.text)
    SYSCTRL_SPI_Reset                        0x01002a3d   Thumb Code   104  mhscpu_sysctrl.o(.text)
    SYSCTRL_SPI_MasterSlaveModeSet           0x01002aa5   Thumb Code   132  mhscpu_sysctrl.o(.text)
    SYSCTRL_UART_Reset                       0x01002b29   Thumb Code    74  mhscpu_sysctrl.o(.text)
    SYSCTRL_I2S_Reset                        0x01002b73   Thumb Code    24  mhscpu_sysctrl.o(.text)
    TIM_DeInit                               0x01002bc5   Thumb Code    42  mhscpu_timer.o(.text)
    TIM_Cmd                                  0x01002bef   Thumb Code    56  mhscpu_timer.o(.text)
    TIM_Init                                 0x01002c27   Thumb Code   160  mhscpu_timer.o(.text)
    TIM_PWMInit                              0x01002cc7   Thumb Code   172  mhscpu_timer.o(.text)
    TIM_ModeConfig                           0x01002d73   Thumb Code   130  mhscpu_timer.o(.text)
    TIM_SetPeriod                            0x01002df5   Thumb Code    66  mhscpu_timer.o(.text)
    TIM_SetPWMPeriod                         0x01002e37   Thumb Code    80  mhscpu_timer.o(.text)
    TIM_ITConfig                             0x01002e87   Thumb Code   126  mhscpu_timer.o(.text)
    TIM_ClearITPendingBit                    0x01002f05   Thumb Code    68  mhscpu_timer.o(.text)
    TIM_GetITStatus                          0x01002f49   Thumb Code    82  mhscpu_timer.o(.text)
    TIM_GetAllITStatus                       0x01002f9b   Thumb Code    86  mhscpu_timer.o(.text)
    TIM_GetRawITStatus                       0x01002ff1   Thumb Code    82  mhscpu_timer.o(.text)
    TIM_GetAllRawITStatus                    0x01003043   Thumb Code    28  mhscpu_timer.o(.text)
    get_current_count_value                  0x0100305f   Thumb Code    14  mhscpu_timer.o(.text)
    UART_DeInit                              0x01003071   Thumb Code    12  mhscpu_uart.o(.text)
    UART_Init                                0x0100307d   Thumb Code   180  mhscpu_uart.o(.text)
    UART_StructInit                          0x01003131   Thumb Code    18  mhscpu_uart.o(.text)
    UART_ITConfig                            0x01003143   Thumb Code    18  mhscpu_uart.o(.text)
    UART_SendData                            0x01003155   Thumb Code     6  mhscpu_uart.o(.text)
    UART_ReceiveData                         0x0100315b   Thumb Code     8  mhscpu_uart.o(.text)
    UART_AutoFlowCtrlCmd                     0x01003163   Thumb Code    22  mhscpu_uart.o(.text)
    UART_SetDTR                              0x01003179   Thumb Code    10  mhscpu_uart.o(.text)
    UART_ResetDTR                            0x01003183   Thumb Code    10  mhscpu_uart.o(.text)
    UART_SetRTS                              0x0100318d   Thumb Code    10  mhscpu_uart.o(.text)
    UART_ResetRTS                            0x01003197   Thumb Code    10  mhscpu_uart.o(.text)
    UART_FIFOInit                            0x010031a1   Thumb Code   124  mhscpu_uart.o(.text)
    UART_FIFOStructInit                      0x0100321d   Thumb Code    20  mhscpu_uart.o(.text)
    UART_FIFOReset                           0x01003231   Thumb Code    26  mhscpu_uart.o(.text)
    UART_FIFOCmd                             0x0100324b   Thumb Code    30  mhscpu_uart.o(.text)
    UART_GetLineStatus                       0x01003269   Thumb Code     6  mhscpu_uart.o(.text)
    UART_GetModemStatus                      0x0100326f   Thumb Code     6  mhscpu_uart.o(.text)
    UART_GetITIdentity                       0x01003275   Thumb Code     6  mhscpu_uart.o(.text)
    UART_IsRXFIFOError                       0x0100327b   Thumb Code    18  mhscpu_uart.o(.text)
    UART_IsRXFramingError                    0x0100328d   Thumb Code    18  mhscpu_uart.o(.text)
    UART_IsRXParityError                     0x0100329f   Thumb Code    18  mhscpu_uart.o(.text)
    UART_IsRXOverrunError                    0x010032b1   Thumb Code    18  mhscpu_uart.o(.text)
    UART_IsRXReceived                        0x010032c3   Thumb Code    18  mhscpu_uart.o(.text)
    UART_IsTXEmpty                           0x010032d5   Thumb Code    18  mhscpu_uart.o(.text)
    UART_IsTXHoldingRegisterEmpty            0x010032e7   Thumb Code    18  mhscpu_uart.o(.text)
    UART_IsTXFIFOTrigger                     0x010032f9   Thumb Code    18  mhscpu_uart.o(.text)
    UART_IsRXFIFOFull                        0x0100330b   Thumb Code    18  mhscpu_uart.o(.text)
    UART_IsRXFIFONotEmpty                    0x0100331d   Thumb Code    18  mhscpu_uart.o(.text)
    UART_IsTXFIFOEmpty                       0x0100332f   Thumb Code    18  mhscpu_uart.o(.text)
    UART_IsTXFIFONotFull                     0x01003341   Thumb Code    18  mhscpu_uart.o(.text)
    UART_IsUARTBusy                          0x01003353   Thumb Code    18  mhscpu_uart.o(.text)
    UART_DMAGenerateSoftAck                  0x01003365   Thumb Code    14  mhscpu_uart.o(.text)
    UART_TXHaltCmd                           0x01003373   Thumb Code    30  mhscpu_uart.o(.text)
    UART_FIFOAccessModeCmd                   0x01003391   Thumb Code    22  mhscpu_uart.o(.text)
    UART_FIFOTxRead                          0x010033a7   Thumb Code     8  mhscpu_uart.o(.text)
    UART_IrDACmd                             0x010033af   Thumb Code    46  mhscpu_uart.o(.text)
    UART_SendBreak                           0x010033dd   Thumb Code    14  mhscpu_uart.o(.text)
    NVIC_PriorityGroupConfig                 0x01003425   Thumb Code    44  misc.o(.text)
    NVIC_Init                                0x01003451   Thumb Code   264  misc.o(.text)
    NVIC_SetVectorTable                      0x01003559   Thumb Code    60  misc.o(.text)
    NMI_Handler                              0x010035d9   Thumb Code     2  mhscpu_it.o(.text)
    HardFault_Handler                        0x010035db   Thumb Code     4  mhscpu_it.o(.text)
    MemManage_Handler                        0x010035df   Thumb Code     4  mhscpu_it.o(.text)
    BusFault_Handler                         0x010035e3   Thumb Code     4  mhscpu_it.o(.text)
    UsageFault_Handler                       0x010035e7   Thumb Code     4  mhscpu_it.o(.text)
    SVC_Handler                              0x010035eb   Thumb Code     2  mhscpu_it.o(.text)
    DebugMon_Handler                         0x010035ed   Thumb Code     2  mhscpu_it.o(.text)
    PendSV_Handler                           0x010035ef   Thumb Code     2  mhscpu_it.o(.text)
    SysTick_Handler                          0x010035f1   Thumb Code    10  mhscpu_it.o(.text)
    USB_IRQHandler                           0x010035fb   Thumb Code    26  mhscpu_it.o(.text)
    FLASH_Operate                            0x01003631   Thumb Code    18  mhscpu_flash.o(.text)
    FLASH_SetLatency                         0x01003643   Thumb Code    30  mhscpu_flash.o(.text)
    FLASH_Unlock                             0x01003661   Thumb Code    14  mhscpu_flash.o(.text)
    FLASH_Lock                               0x0100366f   Thumb Code    26  mhscpu_flash.o(.text)
    FLASH_ErasePage                          0x01003689   Thumb Code   118  mhscpu_flash.o(.text)
    FLASH_EraseAllPages                      0x010036ff   Thumb Code    88  mhscpu_flash.o(.text)
    FLASH_ProgramWord                        0x01003757   Thumb Code   214  mhscpu_flash.o(.text)
    FLASH_Protect                            0x0100382d   Thumb Code    88  mhscpu_flash.o(.text)
    FLASH_IsProtect                          0x01003885   Thumb Code    80  mhscpu_flash.o(.text)
    FLASH_SetProtect                         0x010038d5   Thumb Code    22  mhscpu_flash.o(.text)
    FLASH_GetProtect                         0x010038eb   Thumb Code    20  mhscpu_flash.o(.text)
    FLASH_SetProtectLock                     0x010038ff   Thumb Code    36  mhscpu_flash.o(.text)
    FLASH_GetProtectLock                     0x01003923   Thumb Code    20  mhscpu_flash.o(.text)
    FLASH_UnProtect                          0x01003937   Thumb Code    72  mhscpu_flash.o(.text)
    FLASH_SetUnProtect                       0x0100397f   Thumb Code    22  mhscpu_flash.o(.text)
    FLASH_ProtectLock                        0x01003995   Thumb Code   104  mhscpu_flash.o(.text)
    FLASH_IsProtectLock                      0x010039fd   Thumb Code   180  mhscpu_flash.o(.text)
    FLASH_WriteBlock                         0x01003ab1   Thumb Code   458  mhscpu_flash.o(.text)
    ReadFlash                                0x01003c7b   Thumb Code    20  mhscpu_flash.o(.text)
    WriteFlash                               0x01003c8f   Thumb Code   442  mhscpu_flash.o(.text)
    writeonebyte                             0x01003e49   Thumb Code   114  mhscpu_flash.o(.text)
    mh_frequency                             0x01003ebd   Thumb Code   154  mh_rand.o(.text)
    mh_block_frequency                       0x01003f57   Thumb Code   328  mh_rand.o(.text)
    mh_runs                                  0x0100409f   Thumb Code   462  mh_rand.o(.text)
    mh_longest_run_of_ones                   0x0100426d   Thumb Code   510  mh_rand.o(.text)
    mh_rand_check                            0x0100446b   Thumb Code    28  mh_rand.o(.text)
    mh_trand_buf_init                        0x01004487   Thumb Code    42  mh_rand.o(.text)
    mh_trand_polling                         0x010044d3   Thumb Code   218  mh_rand.o(.text)
    mh_trand_buf_attack_get                  0x010045ad   Thumb Code    20  mh_rand.o(.text)
    mh_trand_buf_attack_clean                0x010045c1   Thumb Code     8  mh_rand.o(.text)
    mh_trand_buf_count                       0x010045c9   Thumb Code     8  mh_rand.o(.text)
    mh_trand                                 0x01004633   Thumb Code   284  mh_rand.o(.text)
    mh_frand                                 0x0100474f   Thumb Code    38  mh_rand.o(.text)
    mh_rand                                  0x01004775   Thumb Code    16  mh_rand.o(.text)
    TRNG_ClearITPendingBit                   0x01004785   Thumb Code    12  mh_rand.o(.text)
    TRNG_IRQHandler                          0x01004791   Thumb Code   216  mh_rand.o(.text)
    mh_rand_init                             0x01004869   Thumb Code    20  mh_rand.o(.text)
    mh_rand_p                                0x0100487d   Thumb Code    18  mh_rand.o(.text)
    SystemCoreClockUpdate                    0x010048dd   Thumb Code     8  system_mhscpu.o(.text)
    SystemInit                               0x010048e5   Thumb Code     2  system_mhscpu.o(.text)
    USBD_USR_DeviceDescriptor                0x010048f1   Thumb Code    10  usbd_desc.o(.text)
    USBD_USR_LangIDStrDescriptor             0x010048fb   Thumb Code    10  usbd_desc.o(.text)
    USBD_USR_ProductStrDescriptor            0x01004905   Thumb Code    34  usbd_desc.o(.text)
    USBD_USR_ManufacturerStrDescriptor       0x01004927   Thumb Code    20  usbd_desc.o(.text)
    USBD_USR_SerialStrDescriptor             0x0100493b   Thumb Code    34  usbd_desc.o(.text)
    USBD_USR_ConfigStrDescriptor             0x0100495d   Thumb Code    34  usbd_desc.o(.text)
    USBD_USR_InterfaceStrDescriptor          0x0100497f   Thumb Code    34  usbd_desc.o(.text)
    USB_OTG_BSP_Init                         0x01004a25   Thumb Code     2  usb_bsp.o(.text)
    USB_OTG_BSP_EnableInterrupt              0x01004a27   Thumb Code     2  usb_bsp.o(.text)
    USB_OTG_BSP_DriveVBUS                    0x01004a29   Thumb Code     2  usb_bsp.o(.text)
    USB_OTG_BSP_ConfigVBUS                   0x01004a2b   Thumb Code     2  usb_bsp.o(.text)
    USB_OTG_BSP_uDelay                       0x01004a2f   Thumb Code    34  usb_bsp.o(.text)
    USB_OTG_BSP_mDelay                       0x01004a51   Thumb Code    18  usb_bsp.o(.text)
    USB_OTG_BSP_TimerIRQ                     0x01004a63   Thumb Code     2  usb_bsp.o(.text)
    STORAGE_Init                             0x01004a65   Thumb Code     6  usbd_storage_msd.o(.text)
    STORAGE_GetCapacity                      0x01004a6b   Thumb Code    14  usbd_storage_msd.o(.text)
    STORAGE_IsReady                          0x01004a79   Thumb Code     4  usbd_storage_msd.o(.text)
    STORAGE_IsWriteProtected                 0x01004a7d   Thumb Code     6  usbd_storage_msd.o(.text)
    STORAGE_Read                             0x01004a83   Thumb Code   220  usbd_storage_msd.o(.text)
    STORAGE_Write                            0x01004b5f   Thumb Code   220  usbd_storage_msd.o(.text)
    STORAGE_GetMaxLun                        0x01004c3b   Thumb Code     4  usbd_storage_msd.o(.text)
    USBD_USR_Init                            0x01004c55   Thumb Code     2  usbd_usr.o(.text)
    USBD_USR_DeviceReset                     0x01004c57   Thumb Code     2  usbd_usr.o(.text)
    USBD_USR_DeviceConfigured                0x01004c59   Thumb Code     2  usbd_usr.o(.text)
    USBD_USR_DeviceConnected                 0x01004c5b   Thumb Code     2  usbd_usr.o(.text)
    USBD_USR_DeviceDisconnected              0x01004c5d   Thumb Code     2  usbd_usr.o(.text)
    USBD_USR_DeviceSuspended                 0x01004c5f   Thumb Code     2  usbd_usr.o(.text)
    USBD_USR_DeviceResumed                   0x01004c61   Thumb Code     2  usbd_usr.o(.text)
    USB_OTG_DMAInt                           0x01004c65   Thumb Code    78  usb_core.o(.text)
    USB_OTG_DMA_Cmd                          0x01004cb3   Thumb Code   762  usb_core.o(.text)
    USB_OTG_DMA_DataTransferInt              0x01004fad   Thumb Code    50  usb_core.o(.text)
    USB_OTG_DMA_IntCmd                       0x01004fdf   Thumb Code    34  usb_core.o(.text)
    USB_OTG_InitDevSpeed                     0x01005093   Thumb Code     2  usb_core.o(.text)
    USB_OTG_WritePacket                      0x010051c9   Thumb Code   218  usb_core.o(.text)
    USB_OTG_ReadPacket                       0x010052a3   Thumb Code    62  usb_core.o(.text)
    USB_OTG_SelectCore                       0x010052e1   Thumb Code   208  usb_core.o(.text)
    USB_OTG_CoreInit                         0x010053b1   Thumb Code     6  usb_core.o(.text)
    USB_OTG_EnableGlobalInt                  0x010053b7   Thumb Code    12  usb_core.o(.text)
    USB_OTG_DisableGlobalInt                 0x010053c3   Thumb Code    14  usb_core.o(.text)
    USB_OTG_FlushTxFifo                      0x010053d1   Thumb Code    54  usb_core.o(.text)
    USB_OTG_FlushRxFifo                      0x01005407   Thumb Code    66  usb_core.o(.text)
    USB_OTG_SetCurrentMode                   0x01005449   Thumb Code   162  usb_core.o(.text)
    USB_OTG_GetMode                          0x010054eb   Thumb Code    12  usb_core.o(.text)
    USB_OTG_IsDeviceMode                     0x010054f7   Thumb Code    22  usb_core.o(.text)
    USB_OTG_IsHostMode                       0x0100550d   Thumb Code    20  usb_core.o(.text)
    USB_OTG_ReadCoreItr                      0x01005521   Thumb Code    16  usb_core.o(.text)
    USB_OTG_ReadOtgItr                       0x01005531   Thumb Code     8  usb_core.o(.text)
    USB_OTG_EnableDevInt                     0x01005539   Thumb Code   108  usb_core.o(.text)
    USB_OTG_CoreInitDev                      0x010055a5   Thumb Code   322  usb_core.o(.text)
    USB_OTG_GetDeviceSpeed                   0x010056e7   Thumb Code     8  usb_core.o(.text)
    USB_OTG_EP0Activate                      0x010056ef   Thumb Code     6  usb_core.o(.text)
    USB_OTG_EPActivate                       0x010056f5   Thumb Code    62  usb_core.o(.text)
    USB_OTG_EPDeactivate                     0x01005733   Thumb Code    62  usb_core.o(.text)
    USB_OTG_EPStartXfer                      0x01005771   Thumb Code   630  usb_core.o(.text)
    USB_OTG_EP0StartXfer                     0x010059e7   Thumb Code   228  usb_core.o(.text)
    USB_OTG_EPSetStall                       0x01005acb   Thumb Code   164  usb_core.o(.text)
    USB_OTG_EPClearStall                     0x01005b6f   Thumb Code   164  usb_core.o(.text)
    USB_OTG_ReadDevAllOutEp_itr              0x01005c13   Thumb Code    18  usb_core.o(.text)
    USB_OTG_ReadDevOutEP_itr                 0x01005c25   Thumb Code    24  usb_core.o(.text)
    USB_OTG_ReadDevAllInEPItr                0x01005c3d   Thumb Code    16  usb_core.o(.text)
    USB_OTG_EP0_OutStart                     0x01005c4d   Thumb Code     2  usb_core.o(.text)
    USB_OTG_ActiveRemoteWakeup               0x01005c4f   Thumb Code    56  usb_core.o(.text)
    USB_OTG_UngateClock                      0x01005c87   Thumb Code     2  usb_core.o(.text)
    USB_OTG_StopDevice                       0x01005c89   Thumb Code     2  usb_core.o(.text)
    USB_OTG_GetEPStatus                      0x01005c8b   Thumb Code   130  usb_core.o(.text)
    USB_OTG_SetEPStatus                      0x01005d0d   Thumb Code   270  usb_core.o(.text)
    DCD_Init                                 0x01005e1b   Thumb Code   154  usb_dcd.o(.text)
    DCD_EP_Open                              0x01005eb5   Thumb Code   104  usb_dcd.o(.text)
    DCD_EP_Close                             0x01005f1d   Thumb Code    74  usb_dcd.o(.text)
    DCD_EP_PrepareRx                         0x01005f67   Thumb Code    82  usb_dcd.o(.text)
    DCD_EP_Tx                                0x01005fb9   Thumb Code    78  usb_dcd.o(.text)
    DCD_EP_Stall                             0x01006007   Thumb Code    72  usb_dcd.o(.text)
    DCD_EP_ClrStall                          0x0100604f   Thumb Code    72  usb_dcd.o(.text)
    DCD_EP_Flush                             0x01006097   Thumb Code    36  usb_dcd.o(.text)
    DCD_EP_SetAddress                        0x010060bb   Thumb Code    32  usb_dcd.o(.text)
    DCD_DevConnect                           0x010060db   Thumb Code    38  usb_dcd.o(.text)
    DCD_DevDisconnect                        0x01006101   Thumb Code    36  usb_dcd.o(.text)
    DCD_GetEPStatus                          0x01006125   Thumb Code    64  usb_dcd.o(.text)
    DCD_SetEPStatus                          0x01006165   Thumb Code    62  usb_dcd.o(.text)
    USBD_OTG_DMA_ISR_Handler                 0x010061a5   Thumb Code  1930  usb_dcd_int.o(.text)
    USBD_OTG_ISR_Handler                     0x01007221   Thumb Code   700  usb_dcd_int.o(.text)
    USBD_DeInit                              0x01007529   Thumb Code     6  usbd_core.o(.text)
    USBD_Init                                0x0100752f   Thumb Code    66  usbd_core.o(.text)
    USBD_SetCfg                              0x010077b3   Thumb Code    30  usbd_core.o(.text)
    USBD_ClrCfg                              0x010077d1   Thumb Code    22  usbd_core.o(.text)
    USBD_CtlSendData                         0x01007849   Thumb Code    44  usbd_ioreq.o(.text)
    USBD_CtlContinueSendData                 0x01007875   Thumb Code    30  usbd_ioreq.o(.text)
    USBD_CtlPrepareRx                        0x01007893   Thumb Code    44  usbd_ioreq.o(.text)
    USBD_CtlContinueRx                       0x010078bf   Thumb Code    30  usbd_ioreq.o(.text)
    USBD_CtlSendStatus                       0x010078dd   Thumb Code    34  usbd_ioreq.o(.text)
    USBD_CtlReceiveStatus                    0x010078ff   Thumb Code    34  usbd_ioreq.o(.text)
    USBD_GetRxCount                          0x01007921   Thumb Code    20  usbd_ioreq.o(.text)
    USBD_CtlError                            0x01007935   Thumb Code    30  usbd_req.o(.text)
    USBD_StdDevReq                           0x01007d09   Thumb Code   404  usbd_req.o(.text)
    USBD_StdItfReq                           0x01007e9d   Thumb Code   164  usbd_req.o(.text)
    USBD_StdEPReq                            0x01007f41   Thumb Code   470  usbd_req.o(.text)
    USBD_ParseSetupRequest                   0x01008117   Thumb Code    68  usbd_req.o(.text)
    USBD_GetString                           0x0100816f   Thumb Code    82  usbd_req.o(.text)
    MSC_BOT_Init                             0x010081c5   Thumb Code    54  usbd_msc_bot.o(.text)
    MSC_BOT_Reset                            0x010081fb   Thumb Code    46  usbd_msc_bot.o(.text)
    MSC_BOT_DeInit                           0x01008229   Thumb Code     8  usbd_msc_bot.o(.text)
    MSC_BOT_SendCSW                          0x01008231   Thumb Code    48  usbd_msc_bot.o(.text)
    MSC_BOT_DataIn                           0x01008261   Thumb Code    70  usbd_msc_bot.o(.text)
    MSC_BOT_DataOut                          0x010083d7   Thumb Code    70  usbd_msc_bot.o(.text)
    MSC_BOT_CplClrFeature                    0x0100841d   Thumb Code    56  usbd_msc_bot.o(.text)
    USBD_MSC_DeInit                          0x01008479   Thumb Code    32  usbd_msc_core.o(.text)
    USBD_MSC_Init                            0x01008499   Thumb Code    48  usbd_msc_core.o(.text)
    USBD_MSC_Setup                           0x010084c9   Thumb Code   276  usbd_msc_core.o(.text)
    USBD_MSC_DataIn                          0x010085dd   Thumb Code    18  usbd_msc_core.o(.text)
    USBD_MSC_DataOut                         0x010085ef   Thumb Code    18  usbd_msc_core.o(.text)
    USBD_MSC_GetCfgDesc                      0x01008601   Thumb Code    10  usbd_msc_core.o(.text)
    SCSI_SenseCode                           0x0100861d   Thumb Code    50  usbd_msc_scsi.o(.text)
    SCSI_ProcessCmd                          0x01008c73   Thumb Code   562  usbd_msc_scsi.o(.text)
    cos_version                              0x01008ea5   Thumb Code     8  cos.o(.text)
    printfsector                             0x01008ead   Thumb Code    38  cos.o(.text)
    cos_dev_format                           0x01008ed3   Thumb Code    50  cos.o(.text)
    cos_set_devicenum                        0x01008f05   Thumb Code    26  cos.o(.text)
    cos_get_devicenum                        0x01008f1f   Thumb Code    20  cos.o(.text)
    cos_set_keynum                           0x01008f33   Thumb Code   106  cos.o(.text)
    cos_get_keynum                           0x01008f9d   Thumb Code    92  cos.o(.text)
    cos_get_pri_sectorinfo                   0x01008ff9   Thumb Code    16  cos.o(.text)
    cos_writedata                            0x01009009   Thumb Code   144  cos.o(.text)
    cos_dataaddr                             0x01009099   Thumb Code    58  cos.o(.text)
    cos_updatesectorlist                     0x010090d3   Thumb Code    86  cos.o(.text)
    cos_sectortoaddr                         0x01009129   Thumb Code    10  cos.o(.text)
    cos_malloc_space                         0x01009133   Thumb Code    64  cos.o(.text)
    cos_check_space                          0x01009173   Thumb Code   102  cos.o(.text)
    cos_instantiation_file                   0x010091d9   Thumb Code   306  cos.o(.text)
    cos_check_MF                             0x0100930b   Thumb Code    36  cos.o(.text)
    cos_creat_initMF                         0x0100932f   Thumb Code    94  cos.o(.text)
    cos_checksectorlist                      0x0100938d   Thumb Code    62  cos.o(.text)
    cos_init                                 0x010093cb   Thumb Code   158  cos.o(.text)
    cos_getsizeinfo                          0x01009469   Thumb Code    46  cos.o(.text)
    cos_setsecurestate                       0x01009497   Thumb Code     6  cos.o(.text)
    cos_getsecurestate                       0x0100949d   Thumb Code     6  cos.o(.text)
    cos_clearsecurestate                     0x010094a3   Thumb Code    12  cos.o(.text)
    cos_addrtosector                         0x010094af   Thumb Code    12  cos.o(.text)
    cos_updatesectorstate                    0x010094bb   Thumb Code    24  cos.o(.text)
    cos_readdata                             0x010094d3   Thumb Code   144  cos.o(.text)
    cos_init_dev_authkey                     0x01009563   Thumb Code    78  cos.o(.text)
    cos_dev_auth                             0x010095b1   Thumb Code   260  cos.o(.text)
    cos_changedevkey                         0x010096b5   Thumb Code   294  cos.o(.text)
    cos_getpininfo                           0x010097db   Thumb Code    50  cos.o(.text)
    cos_blockuserpin                         0x0100980d   Thumb Code    70  cos.o(.text)
    cos_unblock_userpin                      0x01009853   Thumb Code   552  cos.o(.text)
    cos_veryfypin                            0x01009a7b   Thumb Code   374  cos.o(.text)
    cos_changepin                            0x01009bf1   Thumb Code   318  cos.o(.text)
    cos_updatefilerfu                        0x01009d2f   Thumb Code    70  cos.o(.text)
    cos_getfilerfu                           0x01009d75   Thumb Code    60  cos.o(.text)
    cos_check_auth                           0x01009db1   Thumb Code    88  cos.o(.text)
    cos_check_FIDok                          0x01009e09   Thumb Code   106  cos.o(.text)
    cos_free_space                           0x01009e73   Thumb Code    60  cos.o(.text)
    cos_drop_file                            0x01009eaf   Thumb Code   278  cos.o(.text)
    cos_read_filedata                        0x01009fc5   Thumb Code    66  cos.o(.text)
    cos_write_filedata                       0x0100a007   Thumb Code    66  cos.o(.text)
    cos_creat_app                            0x0100a049   Thumb Code   250  cos.o(.text)
    cos_open_app                             0x0100a143   Thumb Code   124  cos.o(.text)
    cos_close_app                            0x0100a1bf   Thumb Code    20  cos.o(.text)
    cos_delete_app                           0x0100a1d3   Thumb Code    14  cos.o(.text)
    cos_enum_app                             0x0100a1e1   Thumb Code    60  cos.o(.text)
    cos_creat_file                           0x0100a21d   Thumb Code   116  cos.o(.text)
    cos_open_file                            0x0100a291   Thumb Code   136  cos.o(.text)
    cos_enum_file                            0x0100a319   Thumb Code   182  cos.o(.text)
    cos_enum_file1                           0x0100a3cf   Thumb Code   170  cos.o(.text)
    cos_write_file                           0x0100a479   Thumb Code    54  cos.o(.text)
    cos_delete_file                          0x0100a4af   Thumb Code    14  cos.o(.text)
    cos_get_fileinfo                         0x0100a4bd   Thumb Code   112  cos.o(.text)
    cos_read_file                            0x0100a52d   Thumb Code    68  cos.o(.text)
    TOOL_BcdToAsc                            0x0100a579   Thumb Code    96  hal_alg.o(.text)
    hal_alg_filldata                         0x0100a5d9   Thumb Code    74  hal_alg.o(.text)
    hal_alg_defilldata                       0x0100a623   Thumb Code    72  hal_alg.o(.text)
    hal_alg_genrand                          0x0100a66b   Thumb Code    18  hal_alg.o(.text)
    hal_sm4_oper                             0x0100a67d   Thumb Code   220  hal_alg.o(.text)
    hal_ssf33_oper                           0x0100a759   Thumb Code    12  hal_alg.o(.text)
    hal_sm1_oper                             0x0100a765   Thumb Code    12  hal_alg.o(.text)
    hal_3des_oper                            0x0100a771   Thumb Code   240  hal_alg.o(.text)
    hal_alg_bcae                             0x0100a861   Thumb Code    90  hal_alg.o(.text)
    hal_alg_calmac                           0x0100a8bb   Thumb Code   130  hal_alg.o(.text)
    _hal_flash_init                          0x0100a949   Thumb Code     8  hal_flash_interface.o(.text)
    _hal_flash_updatedata                    0x0100a951   Thumb Code    40  hal_flash_interface.o(.text)
    _hal_flash_writedata                     0x0100a979   Thumb Code    40  hal_flash_interface.o(.text)
    _hal_flash_readdata                      0x0100a9a1   Thumb Code    20  hal_flash_interface.o(.text)
    _hal_erasepage                           0x0100a9b5   Thumb Code    36  hal_flash_interface.o(.text)
    _hal_updateflag                          0x0100a9d9   Thumb Code    44  hal_flash_interface.o(.text)
    HAL_Flash_Interface_Init                 0x0100aa05   Thumb Code    46  hal_flash_interface.o(.text)
    mh_des_enc                               0x0100bc27   Thumb Code    48  mh_des.o(.text)
    mh_des_dec                               0x0100bc57   Thumb Code    48  mh_des.o(.text)
    mh_tdes_enc                              0x0100bc87   Thumb Code    48  mh_des.o(.text)
    mh_tdes_dec                              0x0100bcb7   Thumb Code    48  mh_des.o(.text)
    mh_cephes_polevl                         0x0100bd25   Thumb Code    80  mh_cephes.o(.text)
    mh_cephes_p1evl                          0x0100bd75   Thumb Code    96  mh_cephes.o(.text)
    mh_cephes_lgam                           0x0100bdd5   Thumb Code   974  mh_cephes.o(.text)
    mh_cephes_igam                           0x0100c1a3   Thumb Code   424  mh_cephes.o(.text)
    mh_cephes_igamc                          0x0100c34b   Thumb Code   686  mh_cephes.o(.text)
    mh_cephes_erfc                           0x0100c5f9   Thumb Code   438  mh_cephes.o(.text)
    mh_cephes_erf                            0x0100c7af   Thumb Code   304  mh_cephes.o(.text)
    mh_cephes_normal                         0x0100c8df   Thumb Code   156  mh_cephes.o(.text)
    mh_sm4                                   0x0100c9a9   Thumb Code  4922  mh_sm4.o(.text)
    mh_sm4_enc                               0x0100dce3   Thumb Code    48  mh_sm4.o(.text)
    mh_sm4_dec                               0x0100dd13   Thumb Code    48  mh_sm4.o(.text)
    mh_swap_u32                              0x0100dded   Thumb Code    38  mh_misc_swap.o(.text)
    mh_is_equal_swap_u32                     0x0100de13   Thumb Code    50  mh_misc_swap.o(.text)
    ___aeabi_memcpy8$move                    0x0100de45   Thumb Code     0  memmovea.o(.text)
    __aeabi_memcpy                           0x0100de45   Thumb Code    64  memmovea.o(.text)
    __aeabi_memcpy4                          0x0100de45   Thumb Code     0  memmovea.o(.text)
    __aeabi_memmove                          0x0100de45   Thumb Code     0  memmovea.o(.text)
    __aeabi_memmove4                         0x0100de45   Thumb Code     0  memmovea.o(.text)
    __aeabi_memmove8                         0x0100de45   Thumb Code     0  memmovea.o(.text)
    __aeabi_memset                           0x0100de85   Thumb Code    14  memseta.o(.text)
    __aeabi_memset4                          0x0100de85   Thumb Code     0  memseta.o(.text)
    __aeabi_memset8                          0x0100de85   Thumb Code     0  memseta.o(.text)
    __aeabi_memclr                           0x0100de93   Thumb Code     4  memseta.o(.text)
    __aeabi_memclr4                          0x0100de93   Thumb Code     0  memseta.o(.text)
    __aeabi_memclr8                          0x0100de93   Thumb Code     0  memseta.o(.text)
    _memset$wrapper                          0x0100de97   Thumb Code    18  memseta.o(.text)
    strlen                                   0x0100dea9   Thumb Code    14  strlen.o(.text)
    memcmp                                   0x0100deb7   Thumb Code    26  memcmp.o(.text)
    __aeabi_dadd                             0x0100ded1   Thumb Code   322  dadd.o(.text)
    __aeabi_dsub                             0x0100e013   Thumb Code     6  dadd.o(.text)
    __aeabi_drsub                            0x0100e019   Thumb Code     6  dadd.o(.text)
    __aeabi_dmul                             0x0100e01f   Thumb Code   228  dmul.o(.text)
    __aeabi_ddiv                             0x0100e103   Thumb Code   222  ddiv.o(.text)
    __aeabi_i2d                              0x0100e1e1   Thumb Code    34  dflti.o(.text)
    __aeabi_ui2d                             0x0100e203   Thumb Code    26  dfltui.o(.text)
    __aeabi_d2iz                             0x0100e21d   Thumb Code    62  dfixi.o(.text)
    __aeabi_cdcmpeq                          0x0100e25d   Thumb Code     0  cdcmple.o(.text)
    __aeabi_cdcmple                          0x0100e25d   Thumb Code    38  cdcmple.o(.text)
    __aeabi_cdrcmple                         0x0100e285   Thumb Code    38  cdrcmple.o(.text)
    __aeabi_uidiv                            0x0100e2ad   Thumb Code     0  uidiv.o(.text)
    __aeabi_uidivmod                         0x0100e2ad   Thumb Code    44  uidiv.o(.text)
    __aeabi_uldivmod                         0x0100e2d9   Thumb Code    98  uldiv.o(.text)
    __aeabi_llsl                             0x0100e33b   Thumb Code    30  llshl.o(.text)
    _ll_shift_l                              0x0100e33b   Thumb Code     0  llshl.o(.text)
    __aeabi_llsr                             0x0100e359   Thumb Code    32  llushr.o(.text)
    _ll_ushift_r                             0x0100e359   Thumb Code     0  llushr.o(.text)
    __aeabi_lasr                             0x0100e379   Thumb Code    36  llsshr.o(.text)
    _ll_sshift_r                             0x0100e379   Thumb Code     0  llsshr.o(.text)
    __I$use$fp                               0x0100e39d   Thumb Code     0  iusefp.o(.text)
    _double_round                            0x0100e39d   Thumb Code    26  depilogue.o(.text)
    _double_epilogue                         0x0100e3b7   Thumb Code   156  depilogue.o(.text)
    __ARM_scalbn                             0x0100e453   Thumb Code    46  dscalb.o(.text)
    scalbn                                   0x0100e453   Thumb Code     0  dscalb.o(.text)
    _dsqrt                                   0x0100e481   Thumb Code   162  dsqrt.o(.text)
    __aeabi_d2ulz                            0x0100e523   Thumb Code    48  dfixul.o(.text)
    __scatterload                            0x0100e555   Thumb Code    28  init.o(.text)
    __scatterload_rt2                        0x0100e555   Thumb Code     0  init.o(.text)
    __I$use$semihosting$fputc                0x0100e579   Thumb Code     0  iusesemip.o(.text)
    __decompress                             0x0100e579   Thumb Code     0  __dczerorl2.o(.text)
    __decompress1                            0x0100e579   Thumb Code    86  __dczerorl2.o(.text)
    __semihosting_library_function           0x0100e579   Thumb Code     0  semi.o(.text)
    __0printf$bare                           0x0100e5d1   Thumb Code     8  printfb.o(i.__0printf$bare)
    __1printf$bare                           0x0100e5d1   Thumb Code     0  printfb.o(i.__0printf$bare)
    __2printf                                0x0100e5d1   Thumb Code     0  printfb.o(i.__0printf$bare)
    __0vsprintf                              0x0100e5e1   Thumb Code    30  printfa.o(i.__0vsprintf)
    __1vsprintf                              0x0100e5e1   Thumb Code     0  printfa.o(i.__0vsprintf)
    __2vsprintf                              0x0100e5e1   Thumb Code     0  printfa.o(i.__0vsprintf)
    __c89vsprintf                            0x0100e5e1   Thumb Code     0  printfa.o(i.__0vsprintf)
    vsprintf                                 0x0100e5e1   Thumb Code     0  printfa.o(i.__0vsprintf)
    __ARM_fpclassify                         0x0100e605   Thumb Code    40  fpclassify.o(i.__ARM_fpclassify)
    __ieee754_rem_pio2                       0x0100e62d   Thumb Code   830  rred.o(i.__ieee754_rem_pio2)
    __kernel_cos                             0x0100e9b5   Thumb Code   230  cos_i.o(i.__kernel_cos)
    __kernel_poly                            0x0100eab1   Thumb Code   170  poly.o(i.__kernel_poly)
    __kernel_sin                             0x0100eb5d   Thumb Code   224  sin_i.o(i.__kernel_sin)
    __mathlib_dbl_underflow                  0x0100ec49   Thumb Code    10  dunder.o(i.__mathlib_dbl_underflow)
    __scatterload_copy                       0x0100ec59   Thumb Code    14  handlers.o(i.__scatterload_copy)
    __scatterload_null                       0x0100ec67   Thumb Code     2  handlers.o(i.__scatterload_null)
    __scatterload_zeroinit                   0x0100ec69   Thumb Code    14  handlers.o(i.__scatterload_zeroinit)
    __set_errno                              0x0100ec79   Thumb Code     6  errno.o(i.__set_errno)
    erf                                      0x0100f545   Thumb Code   632  erf.o(i.erf)
    erfc                                     0x0100f811   Thumb Code   706  erf.o(i.erfc)
    exp                                      0x0100fb25   Thumb Code   566  exp.o(i.exp)
    floor                                    0x0100fdb5   Thumb Code   204  floor.o(i.floor)
    fputc                                    0x0100fe91   Thumb Code    18  fputc.o(i.fputc)
    log                                      0x0100fea5   Thumb Code   822  log.o(i.log)
    sin                                      0x01010215   Thumb Code   166  sin.o(i.sin)
    sqrt                                     0x010102c5   Thumb Code    76  sqrt.o(i.sqrt)
    mh_freq_tab                              0x01010338   Data         256  mh_rand.o(.constdata)
    mh_blk_freq_tab                          0x01010438   Data         256  mh_rand.o(.constdata)
    mh_runs_tab                              0x01010538   Data         256  mh_rand.o(.constdata)
    mh_longest_run_tab                       0x01010638   Data         256  mh_rand.o(.constdata)
    STORAGE_Inquirydata                      0x01010738   Data          36  usbd_storage_msd.o(.constdata)
    MSC_Page00_Inquiry_Data                  0x0101075c   Data           7  usbd_msc_data.o(.constdata)
    MSC_Mode_Sense6_data                     0x01010763   Data           8  usbd_msc_data.o(.constdata)
    MSC_Mode_Sense10_data                    0x0101076b   Data           8  usbd_msc_data.o(.constdata)
    __mh_sm4_table                           0x01010774   Data         384  mh_sm4.o(.constdata)
    __mathlib_zero                           0x01010b60   Data           8  qnan.o(.constdata)
    Region$$Table$$Base                      0x01010ce0   Number         0  anon$$obj.o(Region$$Table)
    Region$$Table$$Limit                     0x01010d00   Number         0  anon$$obj.o(Region$$Table)
    init_sequence                            0x20000000   Data          16  board.o(.data)
    g_rand                                   0x20000010   Data           8  app_cmd.o(.data)
    g_randstate                              0x20000018   Data           1  app_cmd.o(.data)
    g_same_cmd                               0x20000019   Data           1  app_cmd.o(.data)
    key_cmd                                  0x2000001a   Data          24  app_cmd.o(.data)
    SystemCoreClock                          0x20000044   Data           4  system_mhscpu.o(.data)
    USR_desc                                 0x20000048   Data          28  usbd_desc.o(.data)
    USBD_DeviceDesc                          0x20000064   Data          18  usbd_desc.o(.data)
    USBD_DeviceQualifierDesc                 0x20000076   Data          10  usbd_desc.o(.data)
    USBD_LangIDDesc                          0x20000080   Data           4  usbd_desc.o(.data)
    USBD_MICRO_SDIO_fops                     0x20000084   Data          32  usbd_storage_msd.o(.data)
    USBD_STORAGE_fops                        0x200000a4   Data           4  usbd_storage_msd.o(.data)
    count                                    0x200000a8   Data           4  usbd_storage_msd.o(.data)
    USRD_cb                                  0x200000ac   Data          28  usbd_usr.o(.data)
    SetAddress_Flag                          0x200000c8   Data           1  usb_dcd_int.o(.data)
    Address_Value                            0x200000c9   Data           1  usb_dcd_int.o(.data)
    SET_TEST_MODE                            0x200000cc   Data           1  usbd_core.o(.data)
    USBD_DCD_INT_cb                          0x200000d0   Data          44  usbd_core.o(.data)
    USBD_DCD_INT_fops                        0x200000fc   Data           4  usbd_core.o(.data)
    USBD_ep_status                           0x20000100   Data           4  usbd_req.o(.data)
    USBD_default_cfg                         0x20000104   Data           4  usbd_req.o(.data)
    USBD_cfg_status                          0x20000108   Data           4  usbd_req.o(.data)
    MSC_BOT_DataLen                          0x2000010e   Data           2  usbd_msc_bot.o(.data)
    MSC_BOT_State                            0x20000110   Data           1  usbd_msc_bot.o(.data)
    MSC_BOT_Status                           0x20000111   Data           1  usbd_msc_bot.o(.data)
    USBD_MSC_cb                              0x20000114   Data          44  usbd_msc_core.o(.data)
    USBD_MSC_CfgDesc                         0x20000140   Data          32  usbd_msc_core.o(.data)
    SCSI_Sense_Head                          0x20000164   Data           1  usbd_msc_scsi.o(.data)
    SCSI_Sense_Tail                          0x20000165   Data           1  usbd_msc_scsi.o(.data)
    SCSI_blk_size                            0x20000168   Data           4  usbd_msc_scsi.o(.data)
    SCSI_blk_nbr                             0x2000016c   Data           4  usbd_msc_scsi.o(.data)
    SCSI_blk_addr                            0x20000170   Data           4  usbd_msc_scsi.o(.data)
    SCSI_blk_len                             0x20000174   Data           4  usbd_msc_scsi.o(.data)
    cdev                                     0x20000178   Data           4  usbd_msc_scsi.o(.data)
    g_b_MassComm                             0x2000017c   Data           4  usbd_msc_scsi.o(.data)
    p_sector_info                            0x20000184   Data           4  cos.o(.data)
    p_g_EF_head                              0x20000188   Data           4  cos.o(.data)
    p_g_DF_head                              0x2000018c   Data           4  cos.o(.data)
    g_secure_state                           0x20000190   Data           1  cos.o(.data)
    g_init_flag                              0x20000191   Data           1  cos.o(.data)
    MACHEP                                   0x20000198   Data           8  mh_cephes.o(.data)
    MAXLOG                                   0x200001a0   Data           8  mh_cephes.o(.data)
    MAXNUM                                   0x200001a8   Data           8  mh_cephes.o(.data)
    PI                                       0x200001b0   Data           8  mh_cephes.o(.data)
    sgngam                                   0x200001c8   Data           4  mh_cephes.o(.data)
    __stdout                                 0x20000254   Data           4  stdout.o(.data)
    USB_OTG_dev                              0x2000025c   Data        1388  main.o(.bss)
    g_session_key                            0x200007c8   Data          20  app_cmd.o(.bss)
    g_APDU                                   0x200007dc   Data          26  app_cmd.o(.bss)
    g_trng_buf                               0x20000804   Data        1044  mh_rand.o(.bss)
    g_trng_ext_buf                           0x20000c18   Data          36  mh_rand.o(.bss)
    USBD_StrDesc                             0x20009c3c   Data          64  usbd_req.o(.bss)
    MSC_BOT_Data                             0x20009c7c   Data        4096  usbd_msc_bot.o(.bss)
    MSC_BOT_cbw                              0x2000ac7c   Data          32  usbd_msc_bot.o(.bss)
    MSC_BOT_csw                              0x2000ac9c   Data          16  usbd_msc_bot.o(.bss)
    SCSI_Sense                               0x2000acac   Data          32  usbd_msc_scsi.o(.bss)
    G_XFA_Data                               0x2000accc   Data        2048  usbd_msc_scsi.o(.bss)
    g_sector_info                            0x2000b4cc   Data          68  cos.o(.bss)
    flash_device                             0x2000b510   Data          24  hal_flash_interface.o(.bss)
    __initial_sp                             0x2000f928   Data           0  startup_mhscpu.o(STACK)



==============================================================================

Memory Map of the image

  Image Entry point : 0x010010cd

  Load Region LR_IROM1 (Base: 0x01001000, Size: 0x0000ff5c, Max: 0x00032000, ABSOLUTE, COMPRESSED[0x0000fea0])

    Execution Region ER_IROM1 (Base: 0x01001000, Size: 0x0000fd00, Max: 0x00032000, ABSOLUTE)

    Base Addr    Size         Type   Attr      Idx    E Section Name        Object

    0x01001000   0x000000cc   Data   RO          277    RESET               startup_mhscpu.o
    0x010010cc   0x00000000   Code   RO         1055  * .ARM.Collect$$$$00000000  mc_w.l(entry.o)
    0x010010cc   0x00000004   Code   RO         1369    .ARM.Collect$$$$00000001  mc_w.l(entry2.o)
    0x010010d0   0x00000004   Code   RO         1372    .ARM.Collect$$$$00000004  mc_w.l(entry5.o)
    0x010010d4   0x00000000   Code   RO         1374    .ARM.Collect$$$$00000008  mc_w.l(entry7b.o)
    0x010010d4   0x00000000   Code   RO         1376    .ARM.Collect$$$$0000000A  mc_w.l(entry8b.o)
    0x010010d4   0x00000008   Code   RO         1377    .ARM.Collect$$$$0000000B  mc_w.l(entry9a.o)
    0x010010dc   0x00000000   Code   RO         1379    .ARM.Collect$$$$0000000D  mc_w.l(entry10a.o)
    0x010010dc   0x00000000   Code   RO         1381    .ARM.Collect$$$$0000000F  mc_w.l(entry11a.o)
    0x010010dc   0x00000004   Code   RO         1370    .ARM.Collect$$$$00002712  mc_w.l(entry2.o)
    0x010010e0   0x00000488   Code   RO            3    .text               main.o
    0x01001568   0x00000190   Code   RO          174    .text               board.o
    0x010016f8   0x00000040   Code   RO          201    .text               timer.o
    0x01001738   0x00000154   Code   RO          221    .text               uart.o
    0x0100188c   0x000001dc   Code   RO          246    .text               app_cmd.o
    0x01001a68   0x00000038   Code   RO          278    .text               startup_mhscpu.o
    0x01001aa0   0x00000148   Code   RO          284    .text               mhscpu_exti.o
    0x01001be8   0x00000848   Code   RO          304    .text               mhscpu_gpio.o
    0x01002430   0x00000794   Code   RO          327    .text               mhscpu_sysctrl.o
    0x01002bc4   0x000004ac   Code   RO          347    .text               mhscpu_timer.o
    0x01003070   0x000003b4   Code   RO          367    .text               mhscpu_uart.o
    0x01003424   0x000001b4   Code   RO          387    .text               misc.o
    0x010035d8   0x00000058   Code   RO          411    .text               mhscpu_it.o
    0x01003630   0x0000088a   Code   RO          443    .text               mhscpu_flash.o
    0x01003eba   0x00000002   PAD
    0x01003ebc   0x00000a20   Code   RO          465    .text               mh_rand.o
    0x010048dc   0x00000014   Code   RO          513    .text               system_mhscpu.o
    0x010048f0   0x00000134   Code   RO          540    .text               usbd_desc.o
    0x01004a24   0x00000040   Code   RO          570    .text               usb_bsp.o
    0x01004a64   0x000001f0   Code   RO          596    .text               usbd_storage_msd.o
    0x01004c54   0x0000000e   Code   RO          624    .text               usbd_usr.o
    0x01004c62   0x00000002   PAD
    0x01004c64   0x000011b6   Code   RO          651    .text               usb_core.o
    0x01005e1a   0x00000388   Code   RO          672    .text               usb_dcd.o
    0x010061a2   0x00000002   PAD
    0x010061a4   0x00001384   Code   RO          692    .text               usb_dcd_int.o
    0x01007528   0x00000320   Code   RO          715    .text               usbd_core.o
    0x01007848   0x000000ec   Code   RO          741    .text               usbd_ioreq.o
    0x01007934   0x00000890   Code   RO          761    .text               usbd_req.o
    0x010081c4   0x000002b4   Code   RO          790    .text               usbd_msc_bot.o
    0x01008478   0x000001a4   Code   RO          826    .text               usbd_msc_core.o
    0x0100861c   0x00000888   Code   RO          876    .text               usbd_msc_scsi.o
    0x01008ea4   0x000016d4   Code   RO          910    .text               cos.o
    0x0100a578   0x000003d0   Code   RO          932    .text               hal_alg.o
    0x0100a948   0x000000f8   Code   RO          962    .text               hal_flash_interface.o
    0x0100aa40   0x000012e4   Code   RO          986    .text               crypt_lib.lib(mh_des.o)
    0x0100bd24   0x00000c84   Code   RO          988    .text               crypt_lib.lib(mh_cephes.o)
    0x0100c9a8   0x00001444   Code   RO          991    .text               crypt_lib.lib(mh_sm4.o)
    0x0100ddec   0x00000058   Code   RO          995    .text               crypt_lib.lib(mh_misc_swap.o)
    0x0100de44   0x00000040   Code   RO         1060    .text               mc_w.l(memmovea.o)
    0x0100de84   0x00000024   Code   RO         1062    .text               mc_w.l(memseta.o)
    0x0100dea8   0x0000000e   Code   RO         1064    .text               mc_w.l(strlen.o)
    0x0100deb6   0x0000001a   Code   RO         1066    .text               mc_w.l(memcmp.o)
    0x0100ded0   0x0000014e   Code   RO         1332    .text               mf_w.l(dadd.o)
    0x0100e01e   0x000000e4   Code   RO         1334    .text               mf_w.l(dmul.o)
    0x0100e102   0x000000de   Code   RO         1336    .text               mf_w.l(ddiv.o)
    0x0100e1e0   0x00000022   Code   RO         1338    .text               mf_w.l(dflti.o)
    0x0100e202   0x0000001a   Code   RO         1340    .text               mf_w.l(dfltui.o)
    0x0100e21c   0x0000003e   Code   RO         1342    .text               mf_w.l(dfixi.o)
    0x0100e25a   0x00000002   PAD
    0x0100e25c   0x00000028   Code   RO         1344    .text               mf_w.l(cdcmple.o)
    0x0100e284   0x00000028   Code   RO         1346    .text               mf_w.l(cdrcmple.o)
    0x0100e2ac   0x0000002c   Code   RO         1386    .text               mc_w.l(uidiv.o)
    0x0100e2d8   0x00000062   Code   RO         1388    .text               mc_w.l(uldiv.o)
    0x0100e33a   0x0000001e   Code   RO         1390    .text               mc_w.l(llshl.o)
    0x0100e358   0x00000020   Code   RO         1392    .text               mc_w.l(llushr.o)
    0x0100e378   0x00000024   Code   RO         1394    .text               mc_w.l(llsshr.o)
    0x0100e39c   0x00000000   Code   RO         1403    .text               mc_w.l(iusefp.o)
    0x0100e39c   0x000000b6   Code   RO         1404    .text               mf_w.l(depilogue.o)
    0x0100e452   0x0000002e   Code   RO         1406    .text               mf_w.l(dscalb.o)
    0x0100e480   0x000000a2   Code   RO         1408    .text               mf_w.l(dsqrt.o)
    0x0100e522   0x00000030   Code   RO         1410    .text               mf_w.l(dfixul.o)
    0x0100e552   0x00000002   PAD
    0x0100e554   0x00000024   Code   RO         1412    .text               mc_w.l(init.o)
    0x0100e578   0x00000000   Code   RO         1414    .text               mc_w.l(semi.o)
    0x0100e578   0x00000000   Code   RO         1415    .text               mc_w.l(iusesemip.o)
    0x0100e578   0x00000056   Code   RO         1424    .text               mc_w.l(__dczerorl2.o)
    0x0100e5ce   0x00000002   PAD
    0x0100e5d0   0x00000010   Code   RO         1073    i.__0printf$bare    mc_w.l(printfb.o)
    0x0100e5e0   0x00000024   Code   RO         1311    i.__0vsprintf       mc_w.l(printfa.o)
    0x0100e604   0x00000028   Code   RO         1353    i.__ARM_fpclassify  m_ws.l(fpclassify.o)
    0x0100e62c   0x00000388   Code   RO         1358    i.__ieee754_rem_pio2  m_ws.l(rred.o)
    0x0100e9b4   0x000000fc   Code   RO         1348    i.__kernel_cos      m_ws.l(cos_i.o)
    0x0100eab0   0x000000aa   Code   RO         1355    i.__kernel_poly     m_ws.l(poly.o)
    0x0100eb5a   0x00000002   PAD
    0x0100eb5c   0x000000ec   Code   RO         1363    i.__kernel_sin      m_ws.l(sin_i.o)
    0x0100ec48   0x00000010   Code   RO         1351    i.__mathlib_dbl_underflow  m_ws.l(dunder.o)
    0x0100ec58   0x0000000e   Code   RO         1418    i.__scatterload_copy  mc_w.l(handlers.o)
    0x0100ec66   0x00000002   Code   RO         1419    i.__scatterload_null  mc_w.l(handlers.o)
    0x0100ec68   0x0000000e   Code   RO         1420    i.__scatterload_zeroinit  mc_w.l(handlers.o)
    0x0100ec76   0x00000002   PAD
    0x0100ec78   0x0000000c   Code   RO         1398    i.__set_errno       mc_w.l(errno.o)
    0x0100ec84   0x00000164   Code   RO         1312    i._fp_digits        mc_w.l(printfa.o)
    0x0100ede8   0x00000022   Code   RO         1080    i._printf_core      mc_w.l(printfb.o)
    0x0100ee0a   0x00000002   PAD
    0x0100ee0c   0x000006dc   Code   RO         1313    i._printf_core      mc_w.l(printfa.o)
    0x0100f4e8   0x00000024   Code   RO         1314    i._printf_post_padding  mc_w.l(printfa.o)
    0x0100f50c   0x0000002e   Code   RO         1315    i._printf_pre_padding  mc_w.l(printfa.o)
    0x0100f53a   0x0000000a   Code   RO         1317    i._sputc            mc_w.l(printfa.o)
    0x0100f544   0x000002cc   Code   RO          999    i.erf               m_ws.l(erf.o)
    0x0100f810   0x00000314   Code   RO         1000    i.erfc              m_ws.l(erf.o)
    0x0100fb24   0x00000290   Code   RO         1016    i.exp               m_ws.l(exp.o)
    0x0100fdb4   0x000000dc   Code   RO         1026    i.floor             m_ws.l(floor.o)
    0x0100fe90   0x00000012   Code   RO         1383    i.fputc             mc_w.l(fputc.o)
    0x0100fea2   0x00000002   PAD
    0x0100fea4   0x00000370   Code   RO         1030    i.log               m_ws.l(log.o)
    0x01010214   0x000000b0   Code   RO         1040    i.sin               m_ws.l(sin.o)
    0x010102c4   0x0000004c   Code   RO         1048    i.sqrt              m_ws.l(sqrt.o)
    0x01010310   0x00000010   Data   RO            5    .constdata          main.o
    0x01010320   0x00000018   Data   RO          306    .constdata          mhscpu_gpio.o
    0x01010338   0x00000400   Data   RO          467    .constdata          mh_rand.o
    0x01010738   0x00000024   Data   RO          598    .constdata          usbd_storage_msd.o
    0x0101075c   0x00000017   Data   RO          856    .constdata          usbd_msc_data.o
    0x01010773   0x00000001   PAD
    0x01010774   0x00000180   Data   RO          992    .constdata          crypt_lib.lib(mh_sm4.o)
    0x010108f4   0x00000004   PAD
    0x010108f8   0x000001a8   Data   RO         1001    .constdata          m_ws.l(erf.o)
    0x01010aa0   0x00000058   Data   RO         1017    .constdata          m_ws.l(exp.o)
    0x01010af8   0x00000038   Data   RO         1031    .constdata          m_ws.l(log.o)
    0x01010b30   0x00000030   Data   RO         1349    .constdata          m_ws.l(cos_i.o)
    0x01010b60   0x00000008   Data   RO         1357    .constdata          m_ws.l(qnan.o)
    0x01010b68   0x000000c8   Data   RO         1360    .constdata          m_ws.l(rred.o)
    0x01010c30   0x00000028   Data   RO         1364    .constdata          m_ws.l(sin_i.o)
    0x01010c58   0x00000042   Data   RO            6    .conststring        main.o
    0x01010c9a   0x00000002   PAD
    0x01010c9c   0x00000041   Data   RO          652    .conststring        usb_core.o
    0x01010cdd   0x00000003   PAD
    0x01010ce0   0x00000020   Data   RO         1416    Region$$Table       anon$$obj.o


    Execution Region RW_IRAM1 (Base: 0x20000000, Size: 0x0000f928, Max: 0x00010000, ABSOLUTE, COMPRESSED[0x000001a0])

    Base Addr    Size         Type   Attr      Idx    E Section Name        Object

    0x20000000   0x00000010   Data   RW          175    .data               board.o
    0x20000010   0x00000026   Data   RW          249    .data               app_cmd.o
    0x20000036   0x00000002   PAD
    0x20000038   0x0000000c   Data   RW          444    .data               mhscpu_flash.o
    0x20000044   0x00000004   Data   RW          514    .data               system_mhscpu.o
    0x20000048   0x0000003c   Data   RW          541    .data               usbd_desc.o
    0x20000084   0x00000028   Data   RW          599    .data               usbd_storage_msd.o
    0x200000ac   0x0000001c   Data   RW          625    .data               usbd_usr.o
    0x200000c8   0x00000002   Data   RW          693    .data               usb_dcd_int.o
    0x200000ca   0x00000002   PAD
    0x200000cc   0x00000034   Data   RW          716    .data               usbd_core.o
    0x20000100   0x0000000d   Data   RW          763    .data               usbd_req.o
    0x2000010d   0x00000001   PAD
    0x2000010e   0x00000004   Data   RW          792    .data               usbd_msc_bot.o
    0x20000112   0x00000002   PAD
    0x20000114   0x0000004e   Data   RW          827    .data               usbd_msc_core.o
    0x20000162   0x00000002   PAD
    0x20000164   0x0000001e   Data   RW          878    .data               usbd_msc_scsi.o
    0x20000182   0x00000002   PAD
    0x20000184   0x0000000e   Data   RW          913    .data               cos.o
    0x20000192   0x00000006   PAD
    0x20000198   0x000000bc   Data   RW          989    .data               crypt_lib.lib(mh_cephes.o)
    0x20000254   0x00000004   Data   RW         1385    .data               mc_w.l(stdout.o)
    0x20000258   0x00000004   Data   RW         1399    .data               mc_w.l(errno.o)
    0x2000025c   0x0000056c   Zero   RW            4    .bss                main.o
    0x200007c8   0x0000002e   Zero   RW          247    .bss                app_cmd.o
    0x200007f6   0x0000000c   Zero   RW          305    .bss                mhscpu_gpio.o
    0x20000802   0x00000002   PAD
    0x20000804   0x00000438   Zero   RW          466    .bss                mh_rand.o
    0x20000c3c   0x00009000   Zero   RW          597    .bss                usbd_storage_msd.o
    0x20009c3c   0x00000040   Zero   RW          762    .bss                usbd_req.o
    0x20009c7c   0x00001030   Zero   RW          791    .bss                usbd_msc_bot.o
    0x2000acac   0x00000820   Zero   RW          877    .bss                usbd_msc_scsi.o
    0x2000b4cc   0x00000044   Zero   RW          911    .bss                cos.o
    0x2000b510   0x00000018   Zero   RW          963    .bss                hal_flash_interface.o
    0x2000b528   0x00004400   Zero   RW          275    STACK               startup_mhscpu.o


==============================================================================

Image component sizes


      Code (inc. data)   RO Data    RW Data    ZI Data      Debug   Object Name

       476         24          0         38         46       8480   app_cmd.o
       400         30          0         16          0      26266   board.o
      5844        194          0         14         68      26425   cos.o
       976         12          0          0          0       5431   hal_alg.o
       248         14          0          0         24       3396   hal_flash_interface.o
      1160        376         82          0       1388      91763   main.o
      2592         80       1024          0       1080      33721   mh_rand.o
       328         66          0          0          0       1467   mhscpu_exti.o
      2186        112          0         12          0       9129   mhscpu_flash.o
      2120         92         24          0         12       5820   mhscpu_gpio.o
        88         28          0          0          0      25312   mhscpu_it.o
      1940        132          0          0          0       7040   mhscpu_sysctrl.o
      1196         62          0          0          0       4363   mhscpu_timer.o
       948         58          0          0          0       7768   mhscpu_uart.o
       436         68          0          0          0      25860   misc.o
        56         18        204          0      17408        868   startup_mhscpu.o
        20         10          0          4          0        949   system_mhscpu.o
        64          4          0          0          0        561   timer.o
       340         10          0          0          0       3101   uart.o
        64          0          0          0          0       2471   usb_bsp.o
      4534         12         65          0          0      13930   usb_core.o
       904          0          0          0          0       4412   usb_dcd.o
      4996         22          0          2          0       6272   usb_dcd_int.o
       800          6          0         52          0       5918   usbd_core.o
       308        132          0         60          0       3596   usbd_desc.o
       236          0          0          0          0       2706   usbd_ioreq.o
       692         36          0          4       4144       4897   usbd_msc_bot.o
       420         18          0         78          0       3111   usbd_msc_core.o
         0          0         23          0          0        941   usbd_msc_data.o
      2184        120          0         30       2080       9191   usbd_msc_scsi.o
      2192         58          0         13         64       5803   usbd_req.o
       496         22         36         40      36864       4212   usbd_storage_msd.o
        14          0          0         28          0       1438   usbd_usr.o

    ----------------------------------------------------------------------
     39264       1816       1496        408      63180     356618   Object Totals
         0          0         32          0          0          0   (incl. Generated)
         6          0          6         17          2          0   (incl. Padding)

    ----------------------------------------------------------------------

      Code (inc. data)   RO Data    RW Data    ZI Data      Debug   Library Member Name

      3204        146          0        188          0        436   mh_cephes.o
      4836        268          0          0          0        668   mh_des.o
        88          0          0          0          0         84   mh_misc_swap.o
      5188        244        384          0          0        220   mh_sm4.o
       252         22         48          0          0        124   cos_i.o
        16          6          0          0          0         68   dunder.o
      1504        166        424          0          0        468   erf.o
       656         90         88          0          0        204   exp.o
       220         16          0          0          0         84   floor.o
        40          0          0          0          0         68   fpclassify.o
       880         58         56          0          0        264   log.o
       170          0          0          0          0         96   poly.o
         0          0          8          0          0          0   qnan.o
       904         74        200          0          0        140   rred.o
       176         10          0          0          0        116   sin.o
       236         12         40          0          0        128   sin_i.o
        76          0          0          0          0         84   sqrt.o
        86          0          0          0          0          0   __dczerorl2.o
         0          0          0          0          0          0   entry.o
         0          0          0          0          0          0   entry10a.o
         0          0          0          0          0          0   entry11a.o
         8          4          0          0          0          0   entry2.o
         4          0          0          0          0          0   entry5.o
         0          0          0          0          0          0   entry7b.o
         0          0          0          0          0          0   entry8b.o
         8          4          0          0          0          0   entry9a.o
        12          6          0          4          0         68   errno.o
        18          0          0          0          0         80   fputc.o
        30          0          0          0          0          0   handlers.o
        36          8          0          0          0         68   init.o
         0          0          0          0          0          0   iusefp.o
         0          0          0          0          0          0   iusesemip.o
        30          0          0          0          0         68   llshl.o
        36          0          0          0          0         68   llsshr.o
        32          0          0          0          0         68   llushr.o
        26          0          0          0          0         80   memcmp.o
        64          0          0          0          0         76   memmovea.o
        36          0          0          0          0        108   memseta.o
      2240         86          0          0          0        508   printfa.o
        50          8          0          0          0        152   printfb.o
         0          0          0          0          0          0   semi.o
         0          0          0          4          0          0   stdout.o
        14          0          0          0          0         68   strlen.o
        44          0          0          0          0         80   uidiv.o
        98          0          0          0          0         92   uldiv.o
        40          2          0          0          0         68   cdcmple.o
        40          2          0          0          0         68   cdrcmple.o
       334          0          0          0          0        148   dadd.o
       222          0          0          0          0        100   ddiv.o
       182          0          0          0          0        176   depilogue.o
        62          0          0          0          0         80   dfixi.o
        48          0          0          0          0         68   dfixul.o
        34          0          0          0          0         76   dflti.o
        26          0          0          0          0         76   dfltui.o
       228          0          0          0          0         96   dmul.o
        46          0          0          0          0         80   dscalb.o
       162          0          0          0          0        100   dsqrt.o

    ----------------------------------------------------------------------
     22756       1232       1252        196          0       5972   Library Totals
        14          0          4          0          0          0   (incl. Padding)

    ----------------------------------------------------------------------

      Code (inc. data)   RO Data    RW Data    ZI Data      Debug   Library Name

     13316        658        384        188          0       1408   crypt_lib.lib
      5130        454        864          0          0       1844   m_ws.l
      2872        116          0          8          0       1584   mc_w.l
      1424          4          0          0          0       1136   mf_w.l

    ----------------------------------------------------------------------
     22756       1232       1252        196          0       5972   Library Totals

    ----------------------------------------------------------------------

==============================================================================


      Code (inc. data)   RO Data    RW Data    ZI Data      Debug   

     62020       3048       2748        604      63180     357414   Grand Totals
     62020       3048       2748        416      63180     357414   ELF Image Totals (compressed)
     62020       3048       2748        416          0          0   ROM Totals

==============================================================================

    Total RO  Size (Code + RO Data)                64768 (  63.25kB)
    Total RW  Size (RW Data + ZI Data)             63784 (  62.29kB)
    Total ROM Size (Code + RO Data + RW Data)      65184 (  63.66kB)

==============================================================================

