<!doctype html public "-//w3c//dtd html 4.0 transitional//en">
<html><head>
<title>Static Call Graph - [.\SE-PU\Obj\UKEY_FINGER_MH1901.axf]</title></head>
<body><HR>
<H1>Static Call Graph for image .\SE-PU\Obj\UKEY_FINGER_MH1901.axf</H1><HR>
<BR><P>#&#060CALLGRAPH&#062# ARM Linker, 5040049: Last Updated: Thu Dec 14 18:04:18 2017
<BR><P>
<H3>Maximum Stack Usage =       2216 bytes + Unknown(Cycles, Untraceable Function Pointers)</H3><H3>
Call chain for Maximum Stack Depth:</H3>
main &rArr; WriteFlash &rArr; FLASH_WriteBlock &rArr; FLASH_Operate
<P>
<H3>
Mutually Recursive functions
</H3> <LI><a href="#[55]">ADC_IRQHandler</a>&nbsp;&nbsp;&nbsp;&rArr;&nbsp;&nbsp;&nbsp;<a href="#[55]">ADC_IRQHandler</a><BR>
</UL>
<P>
<H3>
Function Pointers
</H3><UL>
 <LI><a href="#[55]">ADC_IRQHandler</a> from startup_mhscpu.o(.text) referenced from startup_mhscpu.o(RESET)
 <LI><a href="#[3]">APP_CMD_DevAuth</a> from app_cmd.o(.text) referenced 2 times from app_cmd.o(.data)
 <LI><a href="#[5]">APP_CMD_GenRand</a> from app_cmd.o(.text) referenced 2 times from app_cmd.o(.data)
 <LI><a href="#[6]">APP_CMD_KeyInit</a> from app_cmd.o(.text) referenced 2 times from app_cmd.o(.data)
 <LI><a href="#[4]">APP_CMD_VeryfyPin</a> from app_cmd.o(.text) referenced 2 times from app_cmd.o(.data)
 <LI><a href="#[31]">BusFault_Handler</a> from mhscpu_it.o(.text) referenced from startup_mhscpu.o(RESET)
 <LI><a href="#[46]">CRYPT0_IRQHandler</a> from startup_mhscpu.o(.text) referenced from startup_mhscpu.o(RESET)
 <LI><a href="#[37]">DMA_IRQHandler</a> from startup_mhscpu.o(.text) referenced from startup_mhscpu.o(RESET)
 <LI><a href="#[34]">DebugMon_Handler</a> from mhscpu_it.o(.text) referenced from startup_mhscpu.o(RESET)
 <LI><a href="#[4b]">EXTI0_IRQHandler</a> from startup_mhscpu.o(.text) referenced from startup_mhscpu.o(RESET)
 <LI><a href="#[4c]">EXTI1_IRQHandler</a> from startup_mhscpu.o(.text) referenced from startup_mhscpu.o(RESET)
 <LI><a href="#[4d]">EXTI2_IRQHandler</a> from board.o(.text) referenced from startup_mhscpu.o(RESET)
 <LI><a href="#[4e]">EXTI3_IRQHandler</a> from startup_mhscpu.o(.text) referenced from startup_mhscpu.o(RESET)
 <LI><a href="#[4f]">EXTI4_IRQHandler</a> from startup_mhscpu.o(.text) referenced from startup_mhscpu.o(RESET)
 <LI><a href="#[50]">EXTI5_IRQHandler</a> from startup_mhscpu.o(.text) referenced from startup_mhscpu.o(RESET)
 <LI><a href="#[2]">GPIO_Configuration</a> from board.o(.text) referenced 2 times from board.o(.data)
 <LI><a href="#[2f]">HardFault_Handler</a> from mhscpu_it.o(.text) referenced from startup_mhscpu.o(RESET)
 <LI><a href="#[3e]">I2C0_IRQHandler</a> from startup_mhscpu.o(.text) referenced from startup_mhscpu.o(RESET)
 <LI><a href="#[43]">KCU_IRQHandler</a> from startup_mhscpu.o(.text) referenced from startup_mhscpu.o(RESET)
 <LI><a href="#[3a]">LCD_IRQHandler</a> from startup_mhscpu.o(.text) referenced from startup_mhscpu.o(RESET)
 <LI><a href="#[30]">MemManage_Handler</a> from mhscpu_it.o(.text) referenced from startup_mhscpu.o(RESET)
 <LI><a href="#[2e]">NMI_Handler</a> from mhscpu_it.o(.text) referenced from startup_mhscpu.o(RESET)
 <LI><a href="#[1]">NVIC_Configuration</a> from board.o(.text) referenced 2 times from board.o(.data)
 <LI><a href="#[35]">PendSV_Handler</a> from mhscpu_it.o(.text) referenced from startup_mhscpu.o(RESET)
 <LI><a href="#[51]">RTC_IRQHandler</a> from startup_mhscpu.o(.text) referenced from startup_mhscpu.o(RESET)
 <LI><a href="#[2d]">Reset_Handler</a> from startup_mhscpu.o(.text) referenced from startup_mhscpu.o(RESET)
 <LI><a href="#[3b]">SCI0_IRQHandler</a> from startup_mhscpu.o(.text) referenced from startup_mhscpu.o(RESET)
 <LI><a href="#[3c]">SCI1_IRQHandler</a> from startup_mhscpu.o(.text) referenced from startup_mhscpu.o(RESET)
 <LI><a href="#[3d]">SCI2_IRQHandler</a> from startup_mhscpu.o(.text) referenced from startup_mhscpu.o(RESET)
 <LI><a href="#[53]">SENSOR_IRQHandler</a> from startup_mhscpu.o(.text) referenced from startup_mhscpu.o(RESET)
 <LI><a href="#[44]">SPI0_IRQHandler</a> from startup_mhscpu.o(.text) referenced from startup_mhscpu.o(RESET)
 <LI><a href="#[45]">SPI1_IRQHandler</a> from startup_mhscpu.o(.text) referenced from startup_mhscpu.o(RESET)
 <LI><a href="#[52]">SPI2_IRQHandler</a> from startup_mhscpu.o(.text) referenced from startup_mhscpu.o(RESET)
 <LI><a href="#[59]">SPI3_IRQHandler</a> from startup_mhscpu.o(.text) referenced from startup_mhscpu.o(RESET)
 <LI><a href="#[56]">SSC_IRQHandler</a> from startup_mhscpu.o(.text) referenced from startup_mhscpu.o(RESET)
 <LI><a href="#[f]">STORAGE_GetCapacity</a> from usbd_storage_msd.o(.text) referenced 2 times from usbd_storage_msd.o(.data)
 <LI><a href="#[14]">STORAGE_GetMaxLun</a> from usbd_storage_msd.o(.text) referenced 2 times from usbd_storage_msd.o(.data)
 <LI><a href="#[e]">STORAGE_Init</a> from usbd_storage_msd.o(.text) referenced 2 times from usbd_storage_msd.o(.data)
 <LI><a href="#[10]">STORAGE_IsReady</a> from usbd_storage_msd.o(.text) referenced 2 times from usbd_storage_msd.o(.data)
 <LI><a href="#[11]">STORAGE_IsWriteProtected</a> from usbd_storage_msd.o(.text) referenced 2 times from usbd_storage_msd.o(.data)
 <LI><a href="#[12]">STORAGE_Read</a> from usbd_storage_msd.o(.text) referenced 2 times from usbd_storage_msd.o(.data)
 <LI><a href="#[13]">STORAGE_Write</a> from usbd_storage_msd.o(.text) referenced 2 times from usbd_storage_msd.o(.data)
 <LI><a href="#[33]">SVC_Handler</a> from mhscpu_it.o(.text) referenced from startup_mhscpu.o(RESET)
 <LI><a href="#[36]">SysTick_Handler</a> from mhscpu_it.o(.text) referenced from startup_mhscpu.o(RESET)
 <LI><a href="#[5b]">SystemInit</a> from system_mhscpu.o(.text) referenced from startup_mhscpu.o(.text)
 <LI><a href="#[47]">TIM0_0_IRQHandler</a> from main.o(.text) referenced from startup_mhscpu.o(RESET)
 <LI><a href="#[48]">TIM0_1_IRQHandler</a> from startup_mhscpu.o(.text) referenced from startup_mhscpu.o(RESET)
 <LI><a href="#[49]">TIM0_2_IRQHandler</a> from startup_mhscpu.o(.text) referenced from startup_mhscpu.o(RESET)
 <LI><a href="#[4a]">TIM0_3_IRQHandler</a> from startup_mhscpu.o(.text) referenced from startup_mhscpu.o(RESET)
 <LI><a href="#[57]">TIM0_4_IRQHandler</a> from startup_mhscpu.o(.text) referenced from startup_mhscpu.o(RESET)
 <LI><a href="#[58]">TIM0_5_IRQHandler</a> from startup_mhscpu.o(.text) referenced from startup_mhscpu.o(RESET)
 <LI><a href="#[54]">TRNG_IRQHandler</a> from mh_rand.o(.text) referenced from startup_mhscpu.o(RESET)
 <LI><a href="#[3f]">UART0_IRQHandler</a> from startup_mhscpu.o(.text) referenced from startup_mhscpu.o(RESET)
 <LI><a href="#[40]">UART1_IRQHandler</a> from startup_mhscpu.o(.text) referenced from startup_mhscpu.o(RESET)
 <LI><a href="#[41]">UART2_IRQHandler</a> from startup_mhscpu.o(.text) referenced from startup_mhscpu.o(RESET)
 <LI><a href="#[42]">UART3_IRQHandler</a> from startup_mhscpu.o(.text) referenced from startup_mhscpu.o(RESET)
 <LI><a href="#[39]">USBDMA_IRQHandler</a> from startup_mhscpu.o(.text) referenced from startup_mhscpu.o(RESET)
 <LI><a href="#[1d]">USBD_DataInStage</a> from usbd_core.o(.text) referenced 2 times from usbd_core.o(.data)
 <LI><a href="#[1c]">USBD_DataOutStage</a> from usbd_core.o(.text) referenced 2 times from usbd_core.o(.data)
 <LI><a href="#[25]">USBD_DevConnected</a> from usbd_core.o(.text) referenced 2 times from usbd_core.o(.data)
 <LI><a href="#[26]">USBD_DevDisconnected</a> from usbd_core.o(.text) referenced 2 times from usbd_core.o(.data)
 <LI><a href="#[23]">USBD_IsoINIncomplete</a> from usbd_core.o(.text) referenced 2 times from usbd_core.o(.data)
 <LI><a href="#[24]">USBD_IsoOUTIncomplete</a> from usbd_core.o(.text) referenced 2 times from usbd_core.o(.data)
 <LI><a href="#[2a]">USBD_MSC_DataIn</a> from usbd_msc_core.o(.text) referenced 2 times from usbd_msc_core.o(.data)
 <LI><a href="#[2b]">USBD_MSC_DataOut</a> from usbd_msc_core.o(.text) referenced 2 times from usbd_msc_core.o(.data)
 <LI><a href="#[28]">USBD_MSC_DeInit</a> from usbd_msc_core.o(.text) referenced 2 times from usbd_msc_core.o(.data)
 <LI><a href="#[2c]">USBD_MSC_GetCfgDesc</a> from usbd_msc_core.o(.text) referenced 2 times from usbd_msc_core.o(.data)
 <LI><a href="#[27]">USBD_MSC_Init</a> from usbd_msc_core.o(.text) referenced 2 times from usbd_msc_core.o(.data)
 <LI><a href="#[29]">USBD_MSC_Setup</a> from usbd_msc_core.o(.text) referenced 2 times from usbd_msc_core.o(.data)
 <LI><a href="#[20]">USBD_Reset</a> from usbd_core.o(.text) referenced 2 times from usbd_core.o(.data)
 <LI><a href="#[22]">USBD_Resume</a> from usbd_core.o(.text) referenced 2 times from usbd_core.o(.data)
 <LI><a href="#[1f]">USBD_SOF</a> from usbd_core.o(.text) referenced 2 times from usbd_core.o(.data)
 <LI><a href="#[1e]">USBD_SetupStage</a> from usbd_core.o(.text) referenced 2 times from usbd_core.o(.data)
 <LI><a href="#[21]">USBD_Suspend</a> from usbd_core.o(.text) referenced 2 times from usbd_core.o(.data)
 <LI><a href="#[c]">USBD_USR_ConfigStrDescriptor</a> from usbd_desc.o(.text) referenced 2 times from usbd_desc.o(.data)
 <LI><a href="#[17]">USBD_USR_DeviceConfigured</a> from usbd_usr.o(.text) referenced 2 times from usbd_usr.o(.data)
 <LI><a href="#[1a]">USBD_USR_DeviceConnected</a> from usbd_usr.o(.text) referenced 2 times from usbd_usr.o(.data)
 <LI><a href="#[7]">USBD_USR_DeviceDescriptor</a> from usbd_desc.o(.text) referenced 2 times from usbd_desc.o(.data)
 <LI><a href="#[1b]">USBD_USR_DeviceDisconnected</a> from usbd_usr.o(.text) referenced 2 times from usbd_usr.o(.data)
 <LI><a href="#[16]">USBD_USR_DeviceReset</a> from usbd_usr.o(.text) referenced 2 times from usbd_usr.o(.data)
 <LI><a href="#[19]">USBD_USR_DeviceResumed</a> from usbd_usr.o(.text) referenced 2 times from usbd_usr.o(.data)
 <LI><a href="#[18]">USBD_USR_DeviceSuspended</a> from usbd_usr.o(.text) referenced 2 times from usbd_usr.o(.data)
 <LI><a href="#[15]">USBD_USR_Init</a> from usbd_usr.o(.text) referenced 2 times from usbd_usr.o(.data)
 <LI><a href="#[d]">USBD_USR_InterfaceStrDescriptor</a> from usbd_desc.o(.text) referenced 2 times from usbd_desc.o(.data)
 <LI><a href="#[8]">USBD_USR_LangIDStrDescriptor</a> from usbd_desc.o(.text) referenced 2 times from usbd_desc.o(.data)
 <LI><a href="#[9]">USBD_USR_ManufacturerStrDescriptor</a> from usbd_desc.o(.text) referenced 2 times from usbd_desc.o(.data)
 <LI><a href="#[a]">USBD_USR_ProductStrDescriptor</a> from usbd_desc.o(.text) referenced 2 times from usbd_desc.o(.data)
 <LI><a href="#[b]">USBD_USR_SerialStrDescriptor</a> from usbd_desc.o(.text) referenced 2 times from usbd_desc.o(.data)
 <LI><a href="#[38]">USB_IRQHandler</a> from mhscpu_it.o(.text) referenced from startup_mhscpu.o(RESET)
 <LI><a href="#[32]">UsageFault_Handler</a> from mhscpu_it.o(.text) referenced from startup_mhscpu.o(RESET)
 <LI><a href="#[5c]">__main</a> from entry.o(.ARM.Collect$$$$00000000) referenced from startup_mhscpu.o(.text)
 <LI><a href="#[185]">_hal_erasepage</a> from hal_flash_interface.o(.text) referenced from hal_flash_interface.o(.text)
 <LI><a href="#[17f]">_hal_flash_init</a> from hal_flash_interface.o(.text) referenced from hal_flash_interface.o(.text)
 <LI><a href="#[183]">_hal_flash_readdata</a> from hal_flash_interface.o(.text) referenced from hal_flash_interface.o(.text)
 <LI><a href="#[181]">_hal_flash_updatedata</a> from hal_flash_interface.o(.text) referenced from hal_flash_interface.o(.text)
 <LI><a href="#[182]">_hal_flash_writedata</a> from hal_flash_interface.o(.text) referenced from hal_flash_interface.o(.text)
 <LI><a href="#[187]">_hal_updateflag</a> from hal_flash_interface.o(.text) referenced from hal_flash_interface.o(.text)
 <LI><a href="#[5f]">_sputc</a> from printfa.o(i._sputc) referenced from printfa.o(i.__0vsprintf)
 <LI><a href="#[5e]">fputc</a> from fputc.o(i.fputc) referenced from printfb.o(i.__0printf$bare)
 <LI><a href="#[0]">init_clock</a> from board.o(.text) referenced 2 times from board.o(.data)
 <LI><a href="#[5a]">main</a> from main.o(.text) referenced from entry9a.o(.ARM.Collect$$$$0000000B)
 <LI><a href="#[5d]">mh_rand_p</a> from mh_rand.o(.text) referenced from hal_alg.o(.text)
</UL>
<P>
<H3>
Global Symbols
</H3>
<P><STRONG><a name="[5c]"></a>__main</STRONG> (Thumb, 0 bytes, Stack size unknown bytes, entry.o(.ARM.Collect$$$$00000000))
<BR>[Address Reference Count : 1]<UL><LI> startup_mhscpu.o(.text)
</UL>
<P><STRONG><a name="[1c5]"></a>_main_stk</STRONG> (Thumb, 0 bytes, Stack size unknown bytes, entry2.o(.ARM.Collect$$$$00000001))

<P><STRONG><a name="[60]"></a>_main_scatterload</STRONG> (Thumb, 0 bytes, Stack size unknown bytes, entry5.o(.ARM.Collect$$$$00000004))
<BR><BR>[Calls]<UL><LI><a href="#[61]">&gt;&gt;</a>&nbsp;&nbsp;&nbsp;__scatterload
</UL>

<P><STRONG><a name="[1b4]"></a>__main_after_scatterload</STRONG> (Thumb, 0 bytes, Stack size unknown bytes, entry5.o(.ARM.Collect$$$$00000004))
<BR><BR>[Called By]<UL><LI><a href="#[61]">&gt;&gt;</a>&nbsp;&nbsp;&nbsp;__scatterload
</UL>

<P><STRONG><a name="[1c6]"></a>_main_clock</STRONG> (Thumb, 0 bytes, Stack size unknown bytes, entry7b.o(.ARM.Collect$$$$00000008))

<P><STRONG><a name="[1c7]"></a>_main_cpp_init</STRONG> (Thumb, 0 bytes, Stack size unknown bytes, entry8b.o(.ARM.Collect$$$$0000000A))

<P><STRONG><a name="[1c8]"></a>_main_init</STRONG> (Thumb, 0 bytes, Stack size unknown bytes, entry9a.o(.ARM.Collect$$$$0000000B))

<P><STRONG><a name="[1c9]"></a>__rt_final_cpp</STRONG> (Thumb, 0 bytes, Stack size unknown bytes, entry10a.o(.ARM.Collect$$$$0000000D))

<P><STRONG><a name="[1ca]"></a>__rt_final_exit</STRONG> (Thumb, 0 bytes, Stack size unknown bytes, entry11a.o(.ARM.Collect$$$$0000000F))

<P><STRONG><a name="[47]"></a>TIM0_0_IRQHandler</STRONG> (Thumb, 18 bytes, Stack size 8 bytes, main.o(.text))
<BR><BR>[Stack]<UL><LI>Max Depth = 24<LI>Call Chain = TIM0_0_IRQHandler &rArr; TIM_ClearITPendingBit
</UL>
<BR>[Calls]<UL><LI><a href="#[62]">&gt;&gt;</a>&nbsp;&nbsp;&nbsp;TIM_ClearITPendingBit
</UL>
<BR>[Address Reference Count : 1]<UL><LI> startup_mhscpu.o(RESET)
</UL>
<P><STRONG><a name="[63]"></a>test_read_template_totals</STRONG> (Thumb, 46 bytes, Stack size 8 bytes, main.o(.text))
<BR><BR>[Stack]<UL><LI>Max Depth = 576<LI>Call Chain = test_read_template_totals &rArr; debugPrint &rArr; __c89vsprintf
</UL>
<BR>[Calls]<UL><LI><a href="#[64]">&gt;&gt;</a>&nbsp;&nbsp;&nbsp;debugPrint
</UL>
<BR>[Called By]<UL><LI><a href="#[5a]">&gt;&gt;</a>&nbsp;&nbsp;&nbsp;main
</UL>

<P><STRONG><a name="[65]"></a>delete_fingerprint_id</STRONG> (Thumb, 54 bytes, Stack size 16 bytes, main.o(.text))
<BR><BR>[Stack]<UL><LI>Max Depth = 584<LI>Call Chain = delete_fingerprint_id &rArr; debugPrint &rArr; __c89vsprintf
</UL>
<BR>[Calls]<UL><LI><a href="#[64]">&gt;&gt;</a>&nbsp;&nbsp;&nbsp;debugPrint
</UL>
<BR>[Called By]<UL><LI><a href="#[5a]">&gt;&gt;</a>&nbsp;&nbsp;&nbsp;main
</UL>

<P><STRONG><a name="[66]"></a>clean_all_fingerprint</STRONG> (Thumb, 44 bytes, Stack size 8 bytes, main.o(.text))
<BR><BR>[Stack]<UL><LI>Max Depth = 576<LI>Call Chain = clean_all_fingerprint &rArr; debugPrint &rArr; __c89vsprintf
</UL>
<BR>[Calls]<UL><LI><a href="#[64]">&gt;&gt;</a>&nbsp;&nbsp;&nbsp;debugPrint
</UL>
<BR>[Called By]<UL><LI><a href="#[5a]">&gt;&gt;</a>&nbsp;&nbsp;&nbsp;main
</UL>

<P><STRONG><a name="[67]"></a>test_enroll</STRONG> (Thumb, 102 bytes, Stack size 16 bytes, main.o(.text))
<BR><BR>[Stack]<UL><LI>Max Depth = 584<LI>Call Chain = test_enroll &rArr; debugPrint &rArr; __c89vsprintf
</UL>
<BR>[Calls]<UL><LI><a href="#[64]">&gt;&gt;</a>&nbsp;&nbsp;&nbsp;debugPrint
</UL>
<BR>[Called By]<UL><LI><a href="#[5a]">&gt;&gt;</a>&nbsp;&nbsp;&nbsp;main
</UL>

<P><STRONG><a name="[68]"></a>match_fingerprint</STRONG> (Thumb, 78 bytes, Stack size 8 bytes, main.o(.text))
<BR><BR>[Stack]<UL><LI>Max Depth = 576<LI>Call Chain = match_fingerprint &rArr; debugPrint &rArr; __c89vsprintf
</UL>
<BR>[Calls]<UL><LI><a href="#[64]">&gt;&gt;</a>&nbsp;&nbsp;&nbsp;debugPrint
</UL>
<BR>[Called By]<UL><LI><a href="#[5a]">&gt;&gt;</a>&nbsp;&nbsp;&nbsp;main
</UL>

<P><STRONG><a name="[69]"></a>save_enroll</STRONG> (Thumb, 46 bytes, Stack size 16 bytes, main.o(.text))
<BR><BR>[Stack]<UL><LI>Max Depth = 584<LI>Call Chain = save_enroll &rArr; debugPrint &rArr; __c89vsprintf
</UL>
<BR>[Calls]<UL><LI><a href="#[64]">&gt;&gt;</a>&nbsp;&nbsp;&nbsp;debugPrint
</UL>
<BR>[Called By]<UL><LI><a href="#[5a]">&gt;&gt;</a>&nbsp;&nbsp;&nbsp;main
</UL>

<P><STRONG><a name="[5a]"></a>main</STRONG> (Thumb, 396 bytes, Stack size 24 bytes, main.o(.text))
<BR><BR>[Stack]<UL><LI>Max Depth = 2216<LI>Call Chain = main &rArr; WriteFlash &rArr; FLASH_WriteBlock &rArr; FLASH_Operate
</UL>
<BR>[Calls]<UL><LI><a href="#[71]">&gt;&gt;</a>&nbsp;&nbsp;&nbsp;writeonebyte
<LI><a href="#[6b]">&gt;&gt;</a>&nbsp;&nbsp;&nbsp;uartInit
<LI><a href="#[73]">&gt;&gt;</a>&nbsp;&nbsp;&nbsp;mh_rand_init
<LI><a href="#[6a]">&gt;&gt;</a>&nbsp;&nbsp;&nbsp;init_timer
<LI><a href="#[0]">&gt;&gt;</a>&nbsp;&nbsp;&nbsp;init_clock
<LI><a href="#[64]">&gt;&gt;</a>&nbsp;&nbsp;&nbsp;debugPrint
<LI><a href="#[74]">&gt;&gt;</a>&nbsp;&nbsp;&nbsp;cos_init
<LI><a href="#[70]">&gt;&gt;</a>&nbsp;&nbsp;&nbsp;WriteFlash
<LI><a href="#[6d]">&gt;&gt;</a>&nbsp;&nbsp;&nbsp;USBD_Init
<LI><a href="#[1]">&gt;&gt;</a>&nbsp;&nbsp;&nbsp;NVIC_Configuration
<LI><a href="#[6e]">&gt;&gt;</a>&nbsp;&nbsp;&nbsp;HAL_Flash_Interface_Init
<LI><a href="#[2]">&gt;&gt;</a>&nbsp;&nbsp;&nbsp;GPIO_Configuration
<LI><a href="#[72]">&gt;&gt;</a>&nbsp;&nbsp;&nbsp;FLASH_WriteBlock
<LI><a href="#[69]">&gt;&gt;</a>&nbsp;&nbsp;&nbsp;save_enroll
<LI><a href="#[68]">&gt;&gt;</a>&nbsp;&nbsp;&nbsp;match_fingerprint
<LI><a href="#[67]">&gt;&gt;</a>&nbsp;&nbsp;&nbsp;test_enroll
<LI><a href="#[66]">&gt;&gt;</a>&nbsp;&nbsp;&nbsp;clean_all_fingerprint
<LI><a href="#[65]">&gt;&gt;</a>&nbsp;&nbsp;&nbsp;delete_fingerprint_id
<LI><a href="#[63]">&gt;&gt;</a>&nbsp;&nbsp;&nbsp;test_read_template_totals
<LI><a href="#[6c]">&gt;&gt;</a>&nbsp;&nbsp;&nbsp;__aeabi_memclr4
<LI><a href="#[6f]">&gt;&gt;</a>&nbsp;&nbsp;&nbsp;__aeabi_memset
</UL>
<BR>[Address Reference Count : 1]<UL><LI> entry9a.o(.ARM.Collect$$$$0000000B)
</UL>
<P><STRONG><a name="[1]"></a>NVIC_Configuration</STRONG> (Thumb, 82 bytes, Stack size 24 bytes, board.o(.text))
<BR><BR>[Stack]<UL><LI>Max Depth = 56<LI>Call Chain = NVIC_Configuration &rArr; NVIC_Init
</UL>
<BR>[Calls]<UL><LI><a href="#[76]">&gt;&gt;</a>&nbsp;&nbsp;&nbsp;NVIC_Init
<LI><a href="#[77]">&gt;&gt;</a>&nbsp;&nbsp;&nbsp;NVIC_ClearPendingIRQ
<LI><a href="#[75]">&gt;&gt;</a>&nbsp;&nbsp;&nbsp;NVIC_SetPriorityGrouping
</UL>
<BR>[Called By]<UL><LI><a href="#[5a]">&gt;&gt;</a>&nbsp;&nbsp;&nbsp;main
</UL>
<BR>[Address Reference Count : 1]<UL><LI> board.o(.data)
</UL>
<P><STRONG><a name="[9a]"></a>assert_failed</STRONG> (Thumb, 4 bytes, Stack size 0 bytes, board.o(.text))
<BR><BR>[Called By]<UL><LI><a href="#[bc]">&gt;&gt;</a>&nbsp;&nbsp;&nbsp;FLASH_ProgramWord
<LI><a href="#[b9]">&gt;&gt;</a>&nbsp;&nbsp;&nbsp;FLASH_ErasePage
<LI><a href="#[b6]">&gt;&gt;</a>&nbsp;&nbsp;&nbsp;NVIC_SetVectorTable
<LI><a href="#[b5]">&gt;&gt;</a>&nbsp;&nbsp;&nbsp;NVIC_PriorityGroupConfig
<LI><a href="#[b4]">&gt;&gt;</a>&nbsp;&nbsp;&nbsp;UART_IrDACmd
<LI><a href="#[b2]">&gt;&gt;</a>&nbsp;&nbsp;&nbsp;TIM_GetAllRawITStatus
<LI><a href="#[b1]">&gt;&gt;</a>&nbsp;&nbsp;&nbsp;TIM_GetRawITStatus
<LI><a href="#[b0]">&gt;&gt;</a>&nbsp;&nbsp;&nbsp;TIM_GetAllITStatus
<LI><a href="#[af]">&gt;&gt;</a>&nbsp;&nbsp;&nbsp;TIM_GetITStatus
<LI><a href="#[ae]">&gt;&gt;</a>&nbsp;&nbsp;&nbsp;TIM_SetPWMPeriod
<LI><a href="#[ad]">&gt;&gt;</a>&nbsp;&nbsp;&nbsp;TIM_SetPeriod
<LI><a href="#[ac]">&gt;&gt;</a>&nbsp;&nbsp;&nbsp;TIM_ModeConfig
<LI><a href="#[ab]">&gt;&gt;</a>&nbsp;&nbsp;&nbsp;TIM_PWMInit
<LI><a href="#[aa]">&gt;&gt;</a>&nbsp;&nbsp;&nbsp;TIM_DeInit
<LI><a href="#[a6]">&gt;&gt;</a>&nbsp;&nbsp;&nbsp;SYSCTRL_EnterSleep
<LI><a href="#[a5]">&gt;&gt;</a>&nbsp;&nbsp;&nbsp;GPIO_WeakEvenConfig
<LI><a href="#[a4]">&gt;&gt;</a>&nbsp;&nbsp;&nbsp;GPIO_PullUpCmd
<LI><a href="#[a3]">&gt;&gt;</a>&nbsp;&nbsp;&nbsp;GPIO_Write
<LI><a href="#[a2]">&gt;&gt;</a>&nbsp;&nbsp;&nbsp;GPIO_WriteBit
<LI><a href="#[a1]">&gt;&gt;</a>&nbsp;&nbsp;&nbsp;GPIO_ResetBits
<LI><a href="#[a0]">&gt;&gt;</a>&nbsp;&nbsp;&nbsp;GPIO_SetBits
<LI><a href="#[9f]">&gt;&gt;</a>&nbsp;&nbsp;&nbsp;GPIO_ReadOutputDataBit
<LI><a href="#[9e]">&gt;&gt;</a>&nbsp;&nbsp;&nbsp;GPIO_ReadInputDataBit
<LI><a href="#[9b]">&gt;&gt;</a>&nbsp;&nbsp;&nbsp;GPIO_GetGPIONum
<LI><a href="#[99]">&gt;&gt;</a>&nbsp;&nbsp;&nbsp;EXTI_LineConfig
<LI><a href="#[8a]">&gt;&gt;</a>&nbsp;&nbsp;&nbsp;UART_Init
<LI><a href="#[89]">&gt;&gt;</a>&nbsp;&nbsp;&nbsp;GPIO_PinRemapConfig
<LI><a href="#[86]">&gt;&gt;</a>&nbsp;&nbsp;&nbsp;TIM_Init
<LI><a href="#[87]">&gt;&gt;</a>&nbsp;&nbsp;&nbsp;TIM_ITConfig
<LI><a href="#[7b]">&gt;&gt;</a>&nbsp;&nbsp;&nbsp;SYSCTRL_SYSCLKSourceSelect
<LI><a href="#[7c]">&gt;&gt;</a>&nbsp;&nbsp;&nbsp;SYSCTRL_PLLConfig
<LI><a href="#[7e]">&gt;&gt;</a>&nbsp;&nbsp;&nbsp;SYSCTRL_PCLKConfig
<LI><a href="#[7d]">&gt;&gt;</a>&nbsp;&nbsp;&nbsp;SYSCTRL_HCLKConfig
<LI><a href="#[80]">&gt;&gt;</a>&nbsp;&nbsp;&nbsp;SYSCTRL_APBPeriphResetCmd
<LI><a href="#[7f]">&gt;&gt;</a>&nbsp;&nbsp;&nbsp;SYSCTRL_APBPeriphClockCmd
<LI><a href="#[82]">&gt;&gt;</a>&nbsp;&nbsp;&nbsp;SYSCTRL_AHBPeriphResetCmd
<LI><a href="#[81]">&gt;&gt;</a>&nbsp;&nbsp;&nbsp;SYSCTRL_AHBPeriphClockCmd
<LI><a href="#[76]">&gt;&gt;</a>&nbsp;&nbsp;&nbsp;NVIC_Init
<LI><a href="#[7a]">&gt;&gt;</a>&nbsp;&nbsp;&nbsp;GPIO_Init
<LI><a href="#[62]">&gt;&gt;</a>&nbsp;&nbsp;&nbsp;TIM_ClearITPendingBit
<LI><a href="#[72]">&gt;&gt;</a>&nbsp;&nbsp;&nbsp;FLASH_WriteBlock
<LI><a href="#[df]">&gt;&gt;</a>&nbsp;&nbsp;&nbsp;USB_OTG_FifosizeReg
</UL>

<P><STRONG><a name="[2]"></a>GPIO_Configuration</STRONG> (Thumb, 90 bytes, Stack size 32 bytes, board.o(.text))
<BR><BR>[Stack]<UL><LI>Max Depth = 120<LI>Call Chain = GPIO_Configuration &rArr; GPIO_Init &rArr; GPIO_PinRemapConfig &rArr; GPIO_GetGPIONum &rArr; __aeabi_memcpy4
</UL>
<BR>[Calls]<UL><LI><a href="#[7a]">&gt;&gt;</a>&nbsp;&nbsp;&nbsp;GPIO_Init
<LI><a href="#[78]">&gt;&gt;</a>&nbsp;&nbsp;&nbsp;EXTI_DeInit
<LI><a href="#[79]">&gt;&gt;</a>&nbsp;&nbsp;&nbsp;EXTI_ClearITPendingBit
<LI><a href="#[77]">&gt;&gt;</a>&nbsp;&nbsp;&nbsp;NVIC_ClearPendingIRQ
<LI><a href="#[75]">&gt;&gt;</a>&nbsp;&nbsp;&nbsp;NVIC_SetPriorityGrouping
</UL>
<BR>[Called By]<UL><LI><a href="#[5a]">&gt;&gt;</a>&nbsp;&nbsp;&nbsp;main
</UL>
<BR>[Address Reference Count : 1]<UL><LI> board.o(.data)
</UL>
<P><STRONG><a name="[0]"></a>init_clock</STRONG> (Thumb, 100 bytes, Stack size 8 bytes, board.o(.text))
<BR><BR>[Stack]<UL><LI>Max Depth = 24<LI>Call Chain = init_clock &rArr; SYSCTRL_APBPeriphResetCmd
</UL>
<BR>[Calls]<UL><LI><a href="#[7b]">&gt;&gt;</a>&nbsp;&nbsp;&nbsp;SYSCTRL_SYSCLKSourceSelect
<LI><a href="#[7c]">&gt;&gt;</a>&nbsp;&nbsp;&nbsp;SYSCTRL_PLLConfig
<LI><a href="#[7e]">&gt;&gt;</a>&nbsp;&nbsp;&nbsp;SYSCTRL_PCLKConfig
<LI><a href="#[7d]">&gt;&gt;</a>&nbsp;&nbsp;&nbsp;SYSCTRL_HCLKConfig
<LI><a href="#[80]">&gt;&gt;</a>&nbsp;&nbsp;&nbsp;SYSCTRL_APBPeriphResetCmd
<LI><a href="#[7f]">&gt;&gt;</a>&nbsp;&nbsp;&nbsp;SYSCTRL_APBPeriphClockCmd
<LI><a href="#[82]">&gt;&gt;</a>&nbsp;&nbsp;&nbsp;SYSCTRL_AHBPeriphResetCmd
<LI><a href="#[81]">&gt;&gt;</a>&nbsp;&nbsp;&nbsp;SYSCTRL_AHBPeriphClockCmd
</UL>
<BR>[Called By]<UL><LI><a href="#[5a]">&gt;&gt;</a>&nbsp;&nbsp;&nbsp;main
</UL>
<BR>[Address Reference Count : 1]<UL><LI> board.o(.data)
</UL>
<P><STRONG><a name="[84]"></a>init_all_peripheral_devices</STRONG> (Thumb, 22 bytes, Stack size 8 bytes, board.o(.text), UNUSED)
<BR><BR>[Called By]<UL><LI><a href="#[83]">&gt;&gt;</a>&nbsp;&nbsp;&nbsp;hardwareInit
</UL>

<P><STRONG><a name="[83]"></a>hardwareInit</STRONG> (Thumb, 8 bytes, Stack size 8 bytes, board.o(.text), UNUSED)
<BR><BR>[Calls]<UL><LI><a href="#[84]">&gt;&gt;</a>&nbsp;&nbsp;&nbsp;init_all_peripheral_devices
</UL>

<P><STRONG><a name="[4d]"></a>EXTI2_IRQHandler</STRONG> (Thumb, 16 bytes, Stack size 8 bytes, board.o(.text))
<BR><BR>[Stack]<UL><LI>Max Depth = 8<LI>Call Chain = EXTI2_IRQHandler
</UL>
<BR>[Calls]<UL><LI><a href="#[79]">&gt;&gt;</a>&nbsp;&nbsp;&nbsp;EXTI_ClearITPendingBit
<LI><a href="#[77]">&gt;&gt;</a>&nbsp;&nbsp;&nbsp;NVIC_ClearPendingIRQ
</UL>
<BR>[Address Reference Count : 1]<UL><LI> startup_mhscpu.o(RESET)
</UL>
<P><STRONG><a name="[6a]"></a>init_timer</STRONG> (Thumb, 60 bytes, Stack size 24 bytes, timer.o(.text))
<BR><BR>[Stack]<UL><LI>Max Depth = 48<LI>Call Chain = init_timer &rArr; TIM_Init &rArr; TIM_Cmd
</UL>
<BR>[Calls]<UL><LI><a href="#[86]">&gt;&gt;</a>&nbsp;&nbsp;&nbsp;TIM_Init
<LI><a href="#[87]">&gt;&gt;</a>&nbsp;&nbsp;&nbsp;TIM_ITConfig
<LI><a href="#[88]">&gt;&gt;</a>&nbsp;&nbsp;&nbsp;TIM_Cmd
<LI><a href="#[85]">&gt;&gt;</a>&nbsp;&nbsp;&nbsp;SYSCTRL_GetClocksFreq
</UL>
<BR>[Called By]<UL><LI><a href="#[5a]">&gt;&gt;</a>&nbsp;&nbsp;&nbsp;main
</UL>

<P><STRONG><a name="[6b]"></a>uartInit</STRONG> (Thumb, 48 bytes, Stack size 24 bytes, uart.o(.text))
<BR><BR>[Stack]<UL><LI>Max Depth = 96<LI>Call Chain = uartInit &rArr; GPIO_PinRemapConfig &rArr; GPIO_GetGPIONum &rArr; __aeabi_memcpy4
</UL>
<BR>[Calls]<UL><LI><a href="#[8a]">&gt;&gt;</a>&nbsp;&nbsp;&nbsp;UART_Init
<LI><a href="#[8b]">&gt;&gt;</a>&nbsp;&nbsp;&nbsp;UART_ITConfig
<LI><a href="#[89]">&gt;&gt;</a>&nbsp;&nbsp;&nbsp;GPIO_PinRemapConfig
</UL>
<BR>[Called By]<UL><LI><a href="#[5a]">&gt;&gt;</a>&nbsp;&nbsp;&nbsp;main
</UL>

<P><STRONG><a name="[8c]"></a>uartSendBuff</STRONG> (Thumb, 38 bytes, Stack size 16 bytes, uart.o(.text))
<BR><BR>[Stack]<UL><LI>Max Depth = 16<LI>Call Chain = uartSendBuff
</UL>
<BR>[Calls]<UL><LI><a href="#[8d]">&gt;&gt;</a>&nbsp;&nbsp;&nbsp;UART_IsTXEmpty
</UL>
<BR>[Called By]<UL><LI><a href="#[90]">&gt;&gt;</a>&nbsp;&nbsp;&nbsp;HAL_UART_SendData
<LI><a href="#[64]">&gt;&gt;</a>&nbsp;&nbsp;&nbsp;debugPrint
</UL>

<P><STRONG><a name="[8e]"></a>uartSendBuffEmpty</STRONG> (Thumb, 12 bytes, Stack size 8 bytes, uart.o(.text), UNUSED)
<BR><BR>[Calls]<UL><LI><a href="#[8d]">&gt;&gt;</a>&nbsp;&nbsp;&nbsp;UART_IsTXEmpty
</UL>

<P><STRONG><a name="[64]"></a>debugPrint</STRONG> (Thumb, 46 bytes, Stack size 544 bytes, uart.o(.text))
<BR><BR>[Stack]<UL><LI>Max Depth = 568<LI>Call Chain = debugPrint &rArr; __c89vsprintf
</UL>
<BR>[Calls]<UL><LI><a href="#[8c]">&gt;&gt;</a>&nbsp;&nbsp;&nbsp;uartSendBuff
<LI><a href="#[8f]">&gt;&gt;</a>&nbsp;&nbsp;&nbsp;__c89vsprintf
</UL>
<BR>[Called By]<UL><LI><a href="#[5a]">&gt;&gt;</a>&nbsp;&nbsp;&nbsp;main
<LI><a href="#[69]">&gt;&gt;</a>&nbsp;&nbsp;&nbsp;save_enroll
<LI><a href="#[68]">&gt;&gt;</a>&nbsp;&nbsp;&nbsp;match_fingerprint
<LI><a href="#[67]">&gt;&gt;</a>&nbsp;&nbsp;&nbsp;test_enroll
<LI><a href="#[66]">&gt;&gt;</a>&nbsp;&nbsp;&nbsp;clean_all_fingerprint
<LI><a href="#[65]">&gt;&gt;</a>&nbsp;&nbsp;&nbsp;delete_fingerprint_id
<LI><a href="#[63]">&gt;&gt;</a>&nbsp;&nbsp;&nbsp;test_read_template_totals
</UL>

<P><STRONG><a name="[90]"></a>HAL_UART_SendData</STRONG> (Thumb, 16 bytes, Stack size 16 bytes, uart.o(.text), UNUSED)
<BR><BR>[Calls]<UL><LI><a href="#[8c]">&gt;&gt;</a>&nbsp;&nbsp;&nbsp;uartSendBuff
</UL>
<BR>[Called By]<UL><LI><a href="#[92]">&gt;&gt;</a>&nbsp;&nbsp;&nbsp;UART_printf
<LI><a href="#[91]">&gt;&gt;</a>&nbsp;&nbsp;&nbsp;HAL_UART_SEND_ASC
</UL>

<P><STRONG><a name="[91]"></a>HAL_UART_SEND_ASC</STRONG> (Thumb, 120 bytes, Stack size 32 bytes, uart.o(.text), UNUSED)
<BR><BR>[Calls]<UL><LI><a href="#[90]">&gt;&gt;</a>&nbsp;&nbsp;&nbsp;HAL_UART_SendData
</UL>

<P><STRONG><a name="[92]"></a>UART_printf</STRONG> (Thumb, 50 bytes, Stack size 288 bytes, uart.o(.text), UNUSED)
<BR><BR>[Calls]<UL><LI><a href="#[90]">&gt;&gt;</a>&nbsp;&nbsp;&nbsp;HAL_UART_SendData
<LI><a href="#[8f]">&gt;&gt;</a>&nbsp;&nbsp;&nbsp;__c89vsprintf
<LI><a href="#[93]">&gt;&gt;</a>&nbsp;&nbsp;&nbsp;strlen
</UL>
<BR>[Called By]<UL><LI><a href="#[14b]">&gt;&gt;</a>&nbsp;&nbsp;&nbsp;printfsector
</UL>

<P><STRONG><a name="[3]"></a>APP_CMD_DevAuth</STRONG> (Thumb, 98 bytes, Stack size 8 bytes, app_cmd.o(.text))
<BR><BR>[Stack]<UL><LI>Max Depth = 920<LI>Call Chain = APP_CMD_DevAuth &rArr; cos_dev_auth &rArr; hal_sm4_oper &rArr; mh_sm4_enc &rArr; mh_sm4
</UL>
<BR>[Calls]<UL><LI><a href="#[94]">&gt;&gt;</a>&nbsp;&nbsp;&nbsp;cos_dev_auth
</UL>
<BR>[Address Reference Count : 1]<UL><LI> app_cmd.o(.data)
</UL>
<P><STRONG><a name="[4]"></a>APP_CMD_VeryfyPin</STRONG> (Thumb, 104 bytes, Stack size 8 bytes, app_cmd.o(.text))
<BR><BR>[Stack]<UL><LI>Max Depth = 944<LI>Call Chain = APP_CMD_VeryfyPin &rArr; cos_veryfypin &rArr; hal_sm4_oper &rArr; mh_sm4_enc &rArr; mh_sm4
</UL>
<BR>[Calls]<UL><LI><a href="#[96]">&gt;&gt;</a>&nbsp;&nbsp;&nbsp;cos_veryfypin
<LI><a href="#[95]">&gt;&gt;</a>&nbsp;&nbsp;&nbsp;cos_open_app
</UL>
<BR>[Address Reference Count : 1]<UL><LI> app_cmd.o(.data)
</UL>
<P><STRONG><a name="[5]"></a>APP_CMD_GenRand</STRONG> (Thumb, 72 bytes, Stack size 8 bytes, app_cmd.o(.text))
<BR><BR>[Stack]<UL><LI>Max Depth = 36<LI>Call Chain = APP_CMD_GenRand &rArr; hal_alg_genrand &rArr; mh_rand
</UL>
<BR>[Calls]<UL><LI><a href="#[97]">&gt;&gt;</a>&nbsp;&nbsp;&nbsp;hal_alg_genrand
</UL>
<BR>[Address Reference Count : 1]<UL><LI> app_cmd.o(.data)
</UL>
<P><STRONG><a name="[6]"></a>APP_CMD_KeyInit</STRONG> (Thumb, 54 bytes, Stack size 8 bytes, app_cmd.o(.text))
<BR><BR>[Stack]<UL><LI>Max Depth = 336<LI>Call Chain = APP_CMD_KeyInit &rArr; cos_init_dev_authkey &rArr; cos_init &rArr; cos_creat_initMF &rArr; cos_instantiation_file &rArr; cos_malloc_space
</UL>
<BR>[Calls]<UL><LI><a href="#[98]">&gt;&gt;</a>&nbsp;&nbsp;&nbsp;cos_init_dev_authkey
</UL>
<BR>[Address Reference Count : 1]<UL><LI> app_cmd.o(.data)
</UL>
<P><STRONG><a name="[1cb]"></a>APP_CMD_EndInit</STRONG> (Thumb, 34 bytes, Stack size 16 bytes, app_cmd.o(.text), UNUSED)

<P><STRONG><a name="[14a]"></a>Command</STRONG> (Thumb, 90 bytes, Stack size 16 bytes, app_cmd.o(.text))
<BR><BR>[Stack]<UL><LI>Max Depth = 16<LI>Call Chain = Command
</UL>
<BR>[Called By]<UL><LI><a href="#[132]">&gt;&gt;</a>&nbsp;&nbsp;&nbsp;SCSI_ProcessCmd
</UL>

<P><STRONG><a name="[2d]"></a>Reset_Handler</STRONG> (Thumb, 18 bytes, Stack size 0 bytes, startup_mhscpu.o(.text))
<BR>[Address Reference Count : 1]<UL><LI> startup_mhscpu.o(RESET)
</UL>
<P><STRONG><a name="[55]"></a>ADC_IRQHandler</STRONG> (Thumb, 0 bytes, Stack size 0 bytes, startup_mhscpu.o(.text))
<BR><BR>[Calls]<UL><LI><a href="#[55]">&gt;&gt;</a>&nbsp;&nbsp;&nbsp;ADC_IRQHandler
</UL>
<BR>[Called By]<UL><LI><a href="#[55]">&gt;&gt;</a>&nbsp;&nbsp;&nbsp;ADC_IRQHandler
</UL>
<BR>[Address Reference Count : 1]<UL><LI> startup_mhscpu.o(RESET)
</UL>
<P><STRONG><a name="[46]"></a>CRYPT0_IRQHandler</STRONG> (Thumb, 0 bytes, Stack size 0 bytes, startup_mhscpu.o(.text))
<BR>[Address Reference Count : 1]<UL><LI> startup_mhscpu.o(RESET)
</UL>
<P><STRONG><a name="[37]"></a>DMA_IRQHandler</STRONG> (Thumb, 0 bytes, Stack size 0 bytes, startup_mhscpu.o(.text))
<BR>[Address Reference Count : 1]<UL><LI> startup_mhscpu.o(RESET)
</UL>
<P><STRONG><a name="[4b]"></a>EXTI0_IRQHandler</STRONG> (Thumb, 0 bytes, Stack size 0 bytes, startup_mhscpu.o(.text))
<BR>[Address Reference Count : 1]<UL><LI> startup_mhscpu.o(RESET)
</UL>
<P><STRONG><a name="[4c]"></a>EXTI1_IRQHandler</STRONG> (Thumb, 0 bytes, Stack size 0 bytes, startup_mhscpu.o(.text))
<BR>[Address Reference Count : 1]<UL><LI> startup_mhscpu.o(RESET)
</UL>
<P><STRONG><a name="[4e]"></a>EXTI3_IRQHandler</STRONG> (Thumb, 0 bytes, Stack size 0 bytes, startup_mhscpu.o(.text))
<BR>[Address Reference Count : 1]<UL><LI> startup_mhscpu.o(RESET)
</UL>
<P><STRONG><a name="[4f]"></a>EXTI4_IRQHandler</STRONG> (Thumb, 0 bytes, Stack size 0 bytes, startup_mhscpu.o(.text))
<BR>[Address Reference Count : 1]<UL><LI> startup_mhscpu.o(RESET)
</UL>
<P><STRONG><a name="[50]"></a>EXTI5_IRQHandler</STRONG> (Thumb, 0 bytes, Stack size 0 bytes, startup_mhscpu.o(.text))
<BR>[Address Reference Count : 1]<UL><LI> startup_mhscpu.o(RESET)
</UL>
<P><STRONG><a name="[3e]"></a>I2C0_IRQHandler</STRONG> (Thumb, 0 bytes, Stack size 0 bytes, startup_mhscpu.o(.text))
<BR>[Address Reference Count : 1]<UL><LI> startup_mhscpu.o(RESET)
</UL>
<P><STRONG><a name="[43]"></a>KCU_IRQHandler</STRONG> (Thumb, 0 bytes, Stack size 0 bytes, startup_mhscpu.o(.text))
<BR>[Address Reference Count : 1]<UL><LI> startup_mhscpu.o(RESET)
</UL>
<P><STRONG><a name="[3a]"></a>LCD_IRQHandler</STRONG> (Thumb, 0 bytes, Stack size 0 bytes, startup_mhscpu.o(.text))
<BR>[Address Reference Count : 1]<UL><LI> startup_mhscpu.o(RESET)
</UL>
<P><STRONG><a name="[51]"></a>RTC_IRQHandler</STRONG> (Thumb, 0 bytes, Stack size 0 bytes, startup_mhscpu.o(.text))
<BR>[Address Reference Count : 1]<UL><LI> startup_mhscpu.o(RESET)
</UL>
<P><STRONG><a name="[3b]"></a>SCI0_IRQHandler</STRONG> (Thumb, 0 bytes, Stack size 0 bytes, startup_mhscpu.o(.text))
<BR>[Address Reference Count : 1]<UL><LI> startup_mhscpu.o(RESET)
</UL>
<P><STRONG><a name="[3c]"></a>SCI1_IRQHandler</STRONG> (Thumb, 0 bytes, Stack size 0 bytes, startup_mhscpu.o(.text))
<BR>[Address Reference Count : 1]<UL><LI> startup_mhscpu.o(RESET)
</UL>
<P><STRONG><a name="[3d]"></a>SCI2_IRQHandler</STRONG> (Thumb, 0 bytes, Stack size 0 bytes, startup_mhscpu.o(.text))
<BR>[Address Reference Count : 1]<UL><LI> startup_mhscpu.o(RESET)
</UL>
<P><STRONG><a name="[53]"></a>SENSOR_IRQHandler</STRONG> (Thumb, 0 bytes, Stack size 0 bytes, startup_mhscpu.o(.text))
<BR>[Address Reference Count : 1]<UL><LI> startup_mhscpu.o(RESET)
</UL>
<P><STRONG><a name="[44]"></a>SPI0_IRQHandler</STRONG> (Thumb, 0 bytes, Stack size 0 bytes, startup_mhscpu.o(.text))
<BR>[Address Reference Count : 1]<UL><LI> startup_mhscpu.o(RESET)
</UL>
<P><STRONG><a name="[45]"></a>SPI1_IRQHandler</STRONG> (Thumb, 0 bytes, Stack size 0 bytes, startup_mhscpu.o(.text))
<BR>[Address Reference Count : 1]<UL><LI> startup_mhscpu.o(RESET)
</UL>
<P><STRONG><a name="[52]"></a>SPI2_IRQHandler</STRONG> (Thumb, 0 bytes, Stack size 0 bytes, startup_mhscpu.o(.text))
<BR>[Address Reference Count : 1]<UL><LI> startup_mhscpu.o(RESET)
</UL>
<P><STRONG><a name="[59]"></a>SPI3_IRQHandler</STRONG> (Thumb, 0 bytes, Stack size 0 bytes, startup_mhscpu.o(.text))
<BR>[Address Reference Count : 1]<UL><LI> startup_mhscpu.o(RESET)
</UL>
<P><STRONG><a name="[56]"></a>SSC_IRQHandler</STRONG> (Thumb, 0 bytes, Stack size 0 bytes, startup_mhscpu.o(.text))
<BR>[Address Reference Count : 1]<UL><LI> startup_mhscpu.o(RESET)
</UL>
<P><STRONG><a name="[48]"></a>TIM0_1_IRQHandler</STRONG> (Thumb, 0 bytes, Stack size 0 bytes, startup_mhscpu.o(.text))
<BR>[Address Reference Count : 1]<UL><LI> startup_mhscpu.o(RESET)
</UL>
<P><STRONG><a name="[49]"></a>TIM0_2_IRQHandler</STRONG> (Thumb, 0 bytes, Stack size 0 bytes, startup_mhscpu.o(.text))
<BR>[Address Reference Count : 1]<UL><LI> startup_mhscpu.o(RESET)
</UL>
<P><STRONG><a name="[4a]"></a>TIM0_3_IRQHandler</STRONG> (Thumb, 0 bytes, Stack size 0 bytes, startup_mhscpu.o(.text))
<BR>[Address Reference Count : 1]<UL><LI> startup_mhscpu.o(RESET)
</UL>
<P><STRONG><a name="[57]"></a>TIM0_4_IRQHandler</STRONG> (Thumb, 0 bytes, Stack size 0 bytes, startup_mhscpu.o(.text))
<BR>[Address Reference Count : 1]<UL><LI> startup_mhscpu.o(RESET)
</UL>
<P><STRONG><a name="[58]"></a>TIM0_5_IRQHandler</STRONG> (Thumb, 0 bytes, Stack size 0 bytes, startup_mhscpu.o(.text))
<BR>[Address Reference Count : 1]<UL><LI> startup_mhscpu.o(RESET)
</UL>
<P><STRONG><a name="[3f]"></a>UART0_IRQHandler</STRONG> (Thumb, 0 bytes, Stack size 0 bytes, startup_mhscpu.o(.text))
<BR>[Address Reference Count : 1]<UL><LI> startup_mhscpu.o(RESET)
</UL>
<P><STRONG><a name="[40]"></a>UART1_IRQHandler</STRONG> (Thumb, 0 bytes, Stack size 0 bytes, startup_mhscpu.o(.text))
<BR>[Address Reference Count : 1]<UL><LI> startup_mhscpu.o(RESET)
</UL>
<P><STRONG><a name="[41]"></a>UART2_IRQHandler</STRONG> (Thumb, 0 bytes, Stack size 0 bytes, startup_mhscpu.o(.text))
<BR>[Address Reference Count : 1]<UL><LI> startup_mhscpu.o(RESET)
</UL>
<P><STRONG><a name="[42]"></a>UART3_IRQHandler</STRONG> (Thumb, 0 bytes, Stack size 0 bytes, startup_mhscpu.o(.text))
<BR>[Address Reference Count : 1]<UL><LI> startup_mhscpu.o(RESET)
</UL>
<P><STRONG><a name="[39]"></a>USBDMA_IRQHandler</STRONG> (Thumb, 0 bytes, Stack size 0 bytes, startup_mhscpu.o(.text))
<BR>[Address Reference Count : 1]<UL><LI> startup_mhscpu.o(RESET)
</UL>
<P><STRONG><a name="[78]"></a>EXTI_DeInit</STRONG> (Thumb, 30 bytes, Stack size 0 bytes, mhscpu_exti.o(.text))
<BR><BR>[Called By]<UL><LI><a href="#[2]">&gt;&gt;</a>&nbsp;&nbsp;&nbsp;GPIO_Configuration
</UL>

<P><STRONG><a name="[99]"></a>EXTI_LineConfig</STRONG> (Thumb, 146 bytes, Stack size 24 bytes, mhscpu_exti.o(.text), UNUSED)
<BR><BR>[Calls]<UL><LI><a href="#[9a]">&gt;&gt;</a>&nbsp;&nbsp;&nbsp;assert_failed
</UL>

<P><STRONG><a name="[1cc]"></a>EXTI_GetITStatus</STRONG> (Thumb, 60 bytes, Stack size 0 bytes, mhscpu_exti.o(.text), UNUSED)

<P><STRONG><a name="[1cd]"></a>EXTI_GetITLineStatus</STRONG> (Thumb, 12 bytes, Stack size 0 bytes, mhscpu_exti.o(.text), UNUSED)

<P><STRONG><a name="[79]"></a>EXTI_ClearITPendingBit</STRONG> (Thumb, 14 bytes, Stack size 0 bytes, mhscpu_exti.o(.text))
<BR><BR>[Called By]<UL><LI><a href="#[4d]">&gt;&gt;</a>&nbsp;&nbsp;&nbsp;EXTI2_IRQHandler
<LI><a href="#[2]">&gt;&gt;</a>&nbsp;&nbsp;&nbsp;GPIO_Configuration
</UL>

<P><STRONG><a name="[9d]"></a>GPIO_DeInit</STRONG> (Thumb, 12 bytes, Stack size 8 bytes, mhscpu_gpio.o(.text), UNUSED)
<BR><BR>[Calls]<UL><LI><a href="#[80]">&gt;&gt;</a>&nbsp;&nbsp;&nbsp;SYSCTRL_APBPeriphResetCmd
</UL>

<P><STRONG><a name="[89]"></a>GPIO_PinRemapConfig</STRONG> (Thumb, 264 bytes, Stack size 24 bytes, mhscpu_gpio.o(.text))
<BR><BR>[Stack]<UL><LI>Max Depth = 72<LI>Call Chain = GPIO_PinRemapConfig &rArr; GPIO_GetGPIONum &rArr; __aeabi_memcpy4
</UL>
<BR>[Calls]<UL><LI><a href="#[9b]">&gt;&gt;</a>&nbsp;&nbsp;&nbsp;GPIO_GetGPIONum
<LI><a href="#[9a]">&gt;&gt;</a>&nbsp;&nbsp;&nbsp;assert_failed
</UL>
<BR>[Called By]<UL><LI><a href="#[7a]">&gt;&gt;</a>&nbsp;&nbsp;&nbsp;GPIO_Init
<LI><a href="#[6b]">&gt;&gt;</a>&nbsp;&nbsp;&nbsp;uartInit
</UL>

<P><STRONG><a name="[7a]"></a>GPIO_Init</STRONG> (Thumb, 340 bytes, Stack size 16 bytes, mhscpu_gpio.o(.text))
<BR><BR>[Stack]<UL><LI>Max Depth = 88<LI>Call Chain = GPIO_Init &rArr; GPIO_PinRemapConfig &rArr; GPIO_GetGPIONum &rArr; __aeabi_memcpy4
</UL>
<BR>[Calls]<UL><LI><a href="#[9b]">&gt;&gt;</a>&nbsp;&nbsp;&nbsp;GPIO_GetGPIONum
<LI><a href="#[89]">&gt;&gt;</a>&nbsp;&nbsp;&nbsp;GPIO_PinRemapConfig
<LI><a href="#[9a]">&gt;&gt;</a>&nbsp;&nbsp;&nbsp;assert_failed
</UL>
<BR>[Called By]<UL><LI><a href="#[2]">&gt;&gt;</a>&nbsp;&nbsp;&nbsp;GPIO_Configuration
</UL>

<P><STRONG><a name="[1ce]"></a>GPIO_StructInit</STRONG> (Thumb, 14 bytes, Stack size 0 bytes, mhscpu_gpio.o(.text), UNUSED)

<P><STRONG><a name="[9e]"></a>GPIO_ReadInputDataBit</STRONG> (Thumb, 172 bytes, Stack size 16 bytes, mhscpu_gpio.o(.text), UNUSED)
<BR><BR>[Calls]<UL><LI><a href="#[9a]">&gt;&gt;</a>&nbsp;&nbsp;&nbsp;assert_failed
</UL>

<P><STRONG><a name="[1cf]"></a>GPIO_ReadInputData</STRONG> (Thumb, 14 bytes, Stack size 0 bytes, mhscpu_gpio.o(.text), UNUSED)

<P><STRONG><a name="[9f]"></a>GPIO_ReadOutputDataBit</STRONG> (Thumb, 242 bytes, Stack size 16 bytes, mhscpu_gpio.o(.text), UNUSED)
<BR><BR>[Calls]<UL><LI><a href="#[9a]">&gt;&gt;</a>&nbsp;&nbsp;&nbsp;assert_failed
</UL>

<P><STRONG><a name="[1d0]"></a>GPIO_ReadOutputData</STRONG> (Thumb, 8 bytes, Stack size 0 bytes, mhscpu_gpio.o(.text), UNUSED)

<P><STRONG><a name="[a0]"></a>GPIO_SetBits</STRONG> (Thumb, 150 bytes, Stack size 24 bytes, mhscpu_gpio.o(.text), UNUSED)
<BR><BR>[Calls]<UL><LI><a href="#[9b]">&gt;&gt;</a>&nbsp;&nbsp;&nbsp;GPIO_GetGPIONum
<LI><a href="#[9a]">&gt;&gt;</a>&nbsp;&nbsp;&nbsp;assert_failed
</UL>
<BR>[Called By]<UL><LI><a href="#[a2]">&gt;&gt;</a>&nbsp;&nbsp;&nbsp;GPIO_WriteBit
</UL>

<P><STRONG><a name="[a1]"></a>GPIO_ResetBits</STRONG> (Thumb, 156 bytes, Stack size 24 bytes, mhscpu_gpio.o(.text), UNUSED)
<BR><BR>[Calls]<UL><LI><a href="#[9b]">&gt;&gt;</a>&nbsp;&nbsp;&nbsp;GPIO_GetGPIONum
<LI><a href="#[9a]">&gt;&gt;</a>&nbsp;&nbsp;&nbsp;assert_failed
</UL>
<BR>[Called By]<UL><LI><a href="#[a2]">&gt;&gt;</a>&nbsp;&nbsp;&nbsp;GPIO_WriteBit
</UL>

<P><STRONG><a name="[a2]"></a>GPIO_WriteBit</STRONG> (Thumb, 116 bytes, Stack size 16 bytes, mhscpu_gpio.o(.text), UNUSED)
<BR><BR>[Calls]<UL><LI><a href="#[a1]">&gt;&gt;</a>&nbsp;&nbsp;&nbsp;GPIO_ResetBits
<LI><a href="#[a0]">&gt;&gt;</a>&nbsp;&nbsp;&nbsp;GPIO_SetBits
<LI><a href="#[9a]">&gt;&gt;</a>&nbsp;&nbsp;&nbsp;assert_failed
</UL>

<P><STRONG><a name="[a3]"></a>GPIO_Write</STRONG> (Thumb, 170 bytes, Stack size 24 bytes, mhscpu_gpio.o(.text), UNUSED)
<BR><BR>[Calls]<UL><LI><a href="#[9b]">&gt;&gt;</a>&nbsp;&nbsp;&nbsp;GPIO_GetGPIONum
<LI><a href="#[9a]">&gt;&gt;</a>&nbsp;&nbsp;&nbsp;assert_failed
</UL>

<P><STRONG><a name="[a4]"></a>GPIO_PullUpCmd</STRONG> (Thumb, 108 bytes, Stack size 16 bytes, mhscpu_gpio.o(.text), UNUSED)
<BR><BR>[Calls]<UL><LI><a href="#[9a]">&gt;&gt;</a>&nbsp;&nbsp;&nbsp;assert_failed
</UL>

<P><STRONG><a name="[1d1]"></a>GPIO_WakeEvenDeInit</STRONG> (Thumb, 8 bytes, Stack size 0 bytes, mhscpu_gpio.o(.text), UNUSED)

<P><STRONG><a name="[a5]"></a>GPIO_WeakEvenConfig</STRONG> (Thumb, 224 bytes, Stack size 16 bytes, mhscpu_gpio.o(.text), UNUSED)
<BR><BR>[Calls]<UL><LI><a href="#[9a]">&gt;&gt;</a>&nbsp;&nbsp;&nbsp;assert_failed
</UL>

<P><STRONG><a name="[81]"></a>SYSCTRL_AHBPeriphClockCmd</STRONG> (Thumb, 82 bytes, Stack size 16 bytes, mhscpu_sysctrl.o(.text))
<BR><BR>[Stack]<UL><LI>Max Depth = 16<LI>Call Chain = SYSCTRL_AHBPeriphClockCmd
</UL>
<BR>[Calls]<UL><LI><a href="#[9a]">&gt;&gt;</a>&nbsp;&nbsp;&nbsp;assert_failed
</UL>
<BR>[Called By]<UL><LI><a href="#[0]">&gt;&gt;</a>&nbsp;&nbsp;&nbsp;init_clock
</UL>

<P><STRONG><a name="[7f]"></a>SYSCTRL_APBPeriphClockCmd</STRONG> (Thumb, 66 bytes, Stack size 16 bytes, mhscpu_sysctrl.o(.text))
<BR><BR>[Stack]<UL><LI>Max Depth = 16<LI>Call Chain = SYSCTRL_APBPeriphClockCmd
</UL>
<BR>[Calls]<UL><LI><a href="#[9a]">&gt;&gt;</a>&nbsp;&nbsp;&nbsp;assert_failed
</UL>
<BR>[Called By]<UL><LI><a href="#[0]">&gt;&gt;</a>&nbsp;&nbsp;&nbsp;init_clock
</UL>

<P><STRONG><a name="[82]"></a>SYSCTRL_AHBPeriphResetCmd</STRONG> (Thumb, 120 bytes, Stack size 16 bytes, mhscpu_sysctrl.o(.text))
<BR><BR>[Stack]<UL><LI>Max Depth = 16<LI>Call Chain = SYSCTRL_AHBPeriphResetCmd
</UL>
<BR>[Calls]<UL><LI><a href="#[9a]">&gt;&gt;</a>&nbsp;&nbsp;&nbsp;assert_failed
</UL>
<BR>[Called By]<UL><LI><a href="#[0]">&gt;&gt;</a>&nbsp;&nbsp;&nbsp;init_clock
</UL>

<P><STRONG><a name="[80]"></a>SYSCTRL_APBPeriphResetCmd</STRONG> (Thumb, 66 bytes, Stack size 16 bytes, mhscpu_sysctrl.o(.text))
<BR><BR>[Stack]<UL><LI>Max Depth = 16<LI>Call Chain = SYSCTRL_APBPeriphResetCmd
</UL>
<BR>[Calls]<UL><LI><a href="#[9a]">&gt;&gt;</a>&nbsp;&nbsp;&nbsp;assert_failed
</UL>
<BR>[Called By]<UL><LI><a href="#[aa]">&gt;&gt;</a>&nbsp;&nbsp;&nbsp;TIM_DeInit
<LI><a href="#[a9]">&gt;&gt;</a>&nbsp;&nbsp;&nbsp;SYSCTRL_I2S_Reset
<LI><a href="#[a8]">&gt;&gt;</a>&nbsp;&nbsp;&nbsp;SYSCTRL_UART_Reset
<LI><a href="#[a7]">&gt;&gt;</a>&nbsp;&nbsp;&nbsp;SYSCTRL_SPI_Reset
<LI><a href="#[9d]">&gt;&gt;</a>&nbsp;&nbsp;&nbsp;GPIO_DeInit
<LI><a href="#[0]">&gt;&gt;</a>&nbsp;&nbsp;&nbsp;init_clock
</UL>

<P><STRONG><a name="[a6]"></a>SYSCTRL_EnterSleep</STRONG> (Thumb, 134 bytes, Stack size 16 bytes, mhscpu_sysctrl.o(.text), UNUSED)
<BR><BR>[Calls]<UL><LI><a href="#[9a]">&gt;&gt;</a>&nbsp;&nbsp;&nbsp;assert_failed
</UL>

<P><STRONG><a name="[1d2]"></a>SYSCTRL_GetWakeupFlag1Status</STRONG> (Thumb, 10 bytes, Stack size 0 bytes, mhscpu_sysctrl.o(.text), UNUSED)

<P><STRONG><a name="[1d3]"></a>SYSCTRL_GetWakeupFlag2Status</STRONG> (Thumb, 12 bytes, Stack size 0 bytes, mhscpu_sysctrl.o(.text), UNUSED)

<P><STRONG><a name="[1d4]"></a>SYSCTRL_WakeIntDeInit</STRONG> (Thumb, 14 bytes, Stack size 0 bytes, mhscpu_sysctrl.o(.text), UNUSED)

<P><STRONG><a name="[1d5]"></a>SYSCTRL_WakeUpInt1Config</STRONG> (Thumb, 26 bytes, Stack size 0 bytes, mhscpu_sysctrl.o(.text), UNUSED)

<P><STRONG><a name="[1d6]"></a>SYSCTRL_WakeUpInt2Config</STRONG> (Thumb, 26 bytes, Stack size 0 bytes, mhscpu_sysctrl.o(.text), UNUSED)

<P><STRONG><a name="[7b]"></a>SYSCTRL_SYSCLKSourceSelect</STRONG> (Thumb, 62 bytes, Stack size 8 bytes, mhscpu_sysctrl.o(.text))
<BR><BR>[Stack]<UL><LI>Max Depth = 8<LI>Call Chain = SYSCTRL_SYSCLKSourceSelect
</UL>
<BR>[Calls]<UL><LI><a href="#[9a]">&gt;&gt;</a>&nbsp;&nbsp;&nbsp;assert_failed
</UL>
<BR>[Called By]<UL><LI><a href="#[0]">&gt;&gt;</a>&nbsp;&nbsp;&nbsp;init_clock
</UL>

<P><STRONG><a name="[7c]"></a>SYSCTRL_PLLConfig</STRONG> (Thumb, 146 bytes, Stack size 8 bytes, mhscpu_sysctrl.o(.text))
<BR><BR>[Stack]<UL><LI>Max Depth = 8<LI>Call Chain = SYSCTRL_PLLConfig
</UL>
<BR>[Calls]<UL><LI><a href="#[9a]">&gt;&gt;</a>&nbsp;&nbsp;&nbsp;assert_failed
</UL>
<BR>[Called By]<UL><LI><a href="#[0]">&gt;&gt;</a>&nbsp;&nbsp;&nbsp;init_clock
</UL>

<P><STRONG><a name="[7d]"></a>SYSCTRL_HCLKConfig</STRONG> (Thumb, 130 bytes, Stack size 8 bytes, mhscpu_sysctrl.o(.text))
<BR><BR>[Stack]<UL><LI>Max Depth = 8<LI>Call Chain = SYSCTRL_HCLKConfig
</UL>
<BR>[Calls]<UL><LI><a href="#[9a]">&gt;&gt;</a>&nbsp;&nbsp;&nbsp;assert_failed
</UL>
<BR>[Called By]<UL><LI><a href="#[0]">&gt;&gt;</a>&nbsp;&nbsp;&nbsp;init_clock
</UL>

<P><STRONG><a name="[7e]"></a>SYSCTRL_PCLKConfig</STRONG> (Thumb, 82 bytes, Stack size 8 bytes, mhscpu_sysctrl.o(.text))
<BR><BR>[Stack]<UL><LI>Max Depth = 8<LI>Call Chain = SYSCTRL_PCLKConfig
</UL>
<BR>[Calls]<UL><LI><a href="#[9a]">&gt;&gt;</a>&nbsp;&nbsp;&nbsp;assert_failed
</UL>
<BR>[Called By]<UL><LI><a href="#[0]">&gt;&gt;</a>&nbsp;&nbsp;&nbsp;init_clock
</UL>

<P><STRONG><a name="[85]"></a>SYSCTRL_GetClocksFreq</STRONG> (Thumb, 164 bytes, Stack size 0 bytes, mhscpu_sysctrl.o(.text))
<BR><BR>[Called By]<UL><LI><a href="#[8a]">&gt;&gt;</a>&nbsp;&nbsp;&nbsp;UART_Init
<LI><a href="#[6a]">&gt;&gt;</a>&nbsp;&nbsp;&nbsp;init_timer
</UL>

<P><STRONG><a name="[1d7]"></a>SYSCTRL_DMA_ChannelConfig</STRONG> (Thumb, 408 bytes, Stack size 12 bytes, mhscpu_sysctrl.o(.text), UNUSED)

<P><STRONG><a name="[a7]"></a>SYSCTRL_SPI_Reset</STRONG> (Thumb, 104 bytes, Stack size 8 bytes, mhscpu_sysctrl.o(.text), UNUSED)
<BR><BR>[Calls]<UL><LI><a href="#[80]">&gt;&gt;</a>&nbsp;&nbsp;&nbsp;SYSCTRL_APBPeriphResetCmd
</UL>

<P><STRONG><a name="[1d8]"></a>SYSCTRL_SPI_MasterSlaveModeSet</STRONG> (Thumb, 132 bytes, Stack size 0 bytes, mhscpu_sysctrl.o(.text), UNUSED)

<P><STRONG><a name="[a8]"></a>SYSCTRL_UART_Reset</STRONG> (Thumb, 74 bytes, Stack size 8 bytes, mhscpu_sysctrl.o(.text), UNUSED)
<BR><BR>[Calls]<UL><LI><a href="#[80]">&gt;&gt;</a>&nbsp;&nbsp;&nbsp;SYSCTRL_APBPeriphResetCmd
</UL>
<BR>[Called By]<UL><LI><a href="#[b3]">&gt;&gt;</a>&nbsp;&nbsp;&nbsp;UART_DeInit
</UL>

<P><STRONG><a name="[a9]"></a>SYSCTRL_I2S_Reset</STRONG> (Thumb, 24 bytes, Stack size 8 bytes, mhscpu_sysctrl.o(.text), UNUSED)
<BR><BR>[Calls]<UL><LI><a href="#[80]">&gt;&gt;</a>&nbsp;&nbsp;&nbsp;SYSCTRL_APBPeriphResetCmd
</UL>

<P><STRONG><a name="[aa]"></a>TIM_DeInit</STRONG> (Thumb, 42 bytes, Stack size 8 bytes, mhscpu_timer.o(.text), UNUSED)
<BR><BR>[Calls]<UL><LI><a href="#[80]">&gt;&gt;</a>&nbsp;&nbsp;&nbsp;SYSCTRL_APBPeriphResetCmd
<LI><a href="#[9a]">&gt;&gt;</a>&nbsp;&nbsp;&nbsp;assert_failed
</UL>

<P><STRONG><a name="[88]"></a>TIM_Cmd</STRONG> (Thumb, 56 bytes, Stack size 8 bytes, mhscpu_timer.o(.text))
<BR><BR>[Stack]<UL><LI>Max Depth = 8<LI>Call Chain = TIM_Cmd
</UL>
<BR>[Called By]<UL><LI><a href="#[ab]">&gt;&gt;</a>&nbsp;&nbsp;&nbsp;TIM_PWMInit
<LI><a href="#[86]">&gt;&gt;</a>&nbsp;&nbsp;&nbsp;TIM_Init
<LI><a href="#[6a]">&gt;&gt;</a>&nbsp;&nbsp;&nbsp;init_timer
</UL>

<P><STRONG><a name="[86]"></a>TIM_Init</STRONG> (Thumb, 160 bytes, Stack size 16 bytes, mhscpu_timer.o(.text))
<BR><BR>[Stack]<UL><LI>Max Depth = 24<LI>Call Chain = TIM_Init &rArr; TIM_Cmd
</UL>
<BR>[Calls]<UL><LI><a href="#[88]">&gt;&gt;</a>&nbsp;&nbsp;&nbsp;TIM_Cmd
<LI><a href="#[9a]">&gt;&gt;</a>&nbsp;&nbsp;&nbsp;assert_failed
</UL>
<BR>[Called By]<UL><LI><a href="#[6a]">&gt;&gt;</a>&nbsp;&nbsp;&nbsp;init_timer
</UL>

<P><STRONG><a name="[ab]"></a>TIM_PWMInit</STRONG> (Thumb, 172 bytes, Stack size 16 bytes, mhscpu_timer.o(.text), UNUSED)
<BR><BR>[Calls]<UL><LI><a href="#[88]">&gt;&gt;</a>&nbsp;&nbsp;&nbsp;TIM_Cmd
<LI><a href="#[9a]">&gt;&gt;</a>&nbsp;&nbsp;&nbsp;assert_failed
</UL>

<P><STRONG><a name="[ac]"></a>TIM_ModeConfig</STRONG> (Thumb, 130 bytes, Stack size 16 bytes, mhscpu_timer.o(.text), UNUSED)
<BR><BR>[Calls]<UL><LI><a href="#[9a]">&gt;&gt;</a>&nbsp;&nbsp;&nbsp;assert_failed
</UL>

<P><STRONG><a name="[ad]"></a>TIM_SetPeriod</STRONG> (Thumb, 66 bytes, Stack size 16 bytes, mhscpu_timer.o(.text), UNUSED)
<BR><BR>[Calls]<UL><LI><a href="#[9a]">&gt;&gt;</a>&nbsp;&nbsp;&nbsp;assert_failed
</UL>

<P><STRONG><a name="[ae]"></a>TIM_SetPWMPeriod</STRONG> (Thumb, 80 bytes, Stack size 24 bytes, mhscpu_timer.o(.text), UNUSED)
<BR><BR>[Calls]<UL><LI><a href="#[9a]">&gt;&gt;</a>&nbsp;&nbsp;&nbsp;assert_failed
</UL>

<P><STRONG><a name="[87]"></a>TIM_ITConfig</STRONG> (Thumb, 126 bytes, Stack size 16 bytes, mhscpu_timer.o(.text))
<BR><BR>[Stack]<UL><LI>Max Depth = 16<LI>Call Chain = TIM_ITConfig
</UL>
<BR>[Calls]<UL><LI><a href="#[9a]">&gt;&gt;</a>&nbsp;&nbsp;&nbsp;assert_failed
</UL>
<BR>[Called By]<UL><LI><a href="#[6a]">&gt;&gt;</a>&nbsp;&nbsp;&nbsp;init_timer
</UL>

<P><STRONG><a name="[62]"></a>TIM_ClearITPendingBit</STRONG> (Thumb, 68 bytes, Stack size 16 bytes, mhscpu_timer.o(.text))
<BR><BR>[Stack]<UL><LI>Max Depth = 16<LI>Call Chain = TIM_ClearITPendingBit
</UL>
<BR>[Calls]<UL><LI><a href="#[9a]">&gt;&gt;</a>&nbsp;&nbsp;&nbsp;assert_failed
</UL>
<BR>[Called By]<UL><LI><a href="#[47]">&gt;&gt;</a>&nbsp;&nbsp;&nbsp;TIM0_0_IRQHandler
</UL>

<P><STRONG><a name="[af]"></a>TIM_GetITStatus</STRONG> (Thumb, 82 bytes, Stack size 16 bytes, mhscpu_timer.o(.text), UNUSED)
<BR><BR>[Calls]<UL><LI><a href="#[9a]">&gt;&gt;</a>&nbsp;&nbsp;&nbsp;assert_failed
</UL>

<P><STRONG><a name="[b0]"></a>TIM_GetAllITStatus</STRONG> (Thumb, 86 bytes, Stack size 8 bytes, mhscpu_timer.o(.text), UNUSED)
<BR><BR>[Calls]<UL><LI><a href="#[9a]">&gt;&gt;</a>&nbsp;&nbsp;&nbsp;assert_failed
</UL>

<P><STRONG><a name="[b1]"></a>TIM_GetRawITStatus</STRONG> (Thumb, 82 bytes, Stack size 16 bytes, mhscpu_timer.o(.text), UNUSED)
<BR><BR>[Calls]<UL><LI><a href="#[9a]">&gt;&gt;</a>&nbsp;&nbsp;&nbsp;assert_failed
</UL>

<P><STRONG><a name="[b2]"></a>TIM_GetAllRawITStatus</STRONG> (Thumb, 28 bytes, Stack size 8 bytes, mhscpu_timer.o(.text), UNUSED)
<BR><BR>[Calls]<UL><LI><a href="#[9a]">&gt;&gt;</a>&nbsp;&nbsp;&nbsp;assert_failed
</UL>

<P><STRONG><a name="[1d9]"></a>get_current_count_value</STRONG> (Thumb, 14 bytes, Stack size 0 bytes, mhscpu_timer.o(.text), UNUSED)

<P><STRONG><a name="[b3]"></a>UART_DeInit</STRONG> (Thumb, 12 bytes, Stack size 8 bytes, mhscpu_uart.o(.text), UNUSED)
<BR><BR>[Calls]<UL><LI><a href="#[a8]">&gt;&gt;</a>&nbsp;&nbsp;&nbsp;SYSCTRL_UART_Reset
</UL>

<P><STRONG><a name="[8a]"></a>UART_Init</STRONG> (Thumb, 180 bytes, Stack size 32 bytes, mhscpu_uart.o(.text))
<BR><BR>[Stack]<UL><LI>Max Depth = 32<LI>Call Chain = UART_Init
</UL>
<BR>[Calls]<UL><LI><a href="#[85]">&gt;&gt;</a>&nbsp;&nbsp;&nbsp;SYSCTRL_GetClocksFreq
<LI><a href="#[9a]">&gt;&gt;</a>&nbsp;&nbsp;&nbsp;assert_failed
</UL>
<BR>[Called By]<UL><LI><a href="#[6b]">&gt;&gt;</a>&nbsp;&nbsp;&nbsp;uartInit
</UL>

<P><STRONG><a name="[1da]"></a>UART_StructInit</STRONG> (Thumb, 18 bytes, Stack size 0 bytes, mhscpu_uart.o(.text), UNUSED)

<P><STRONG><a name="[8b]"></a>UART_ITConfig</STRONG> (Thumb, 18 bytes, Stack size 0 bytes, mhscpu_uart.o(.text))
<BR><BR>[Called By]<UL><LI><a href="#[6b]">&gt;&gt;</a>&nbsp;&nbsp;&nbsp;uartInit
</UL>

<P><STRONG><a name="[1db]"></a>UART_SendData</STRONG> (Thumb, 6 bytes, Stack size 0 bytes, mhscpu_uart.o(.text), UNUSED)

<P><STRONG><a name="[1dc]"></a>UART_ReceiveData</STRONG> (Thumb, 8 bytes, Stack size 0 bytes, mhscpu_uart.o(.text), UNUSED)

<P><STRONG><a name="[1dd]"></a>UART_AutoFlowCtrlCmd</STRONG> (Thumb, 22 bytes, Stack size 0 bytes, mhscpu_uart.o(.text), UNUSED)

<P><STRONG><a name="[1de]"></a>UART_SetDTR</STRONG> (Thumb, 10 bytes, Stack size 0 bytes, mhscpu_uart.o(.text), UNUSED)

<P><STRONG><a name="[1df]"></a>UART_ResetDTR</STRONG> (Thumb, 10 bytes, Stack size 0 bytes, mhscpu_uart.o(.text), UNUSED)

<P><STRONG><a name="[1e0]"></a>UART_SetRTS</STRONG> (Thumb, 10 bytes, Stack size 0 bytes, mhscpu_uart.o(.text), UNUSED)

<P><STRONG><a name="[1e1]"></a>UART_ResetRTS</STRONG> (Thumb, 10 bytes, Stack size 0 bytes, mhscpu_uart.o(.text), UNUSED)

<P><STRONG><a name="[1e2]"></a>UART_FIFOInit</STRONG> (Thumb, 124 bytes, Stack size 0 bytes, mhscpu_uart.o(.text), UNUSED)

<P><STRONG><a name="[1e3]"></a>UART_FIFOStructInit</STRONG> (Thumb, 20 bytes, Stack size 0 bytes, mhscpu_uart.o(.text), UNUSED)

<P><STRONG><a name="[1e4]"></a>UART_FIFOReset</STRONG> (Thumb, 26 bytes, Stack size 0 bytes, mhscpu_uart.o(.text), UNUSED)

<P><STRONG><a name="[1e5]"></a>UART_FIFOCmd</STRONG> (Thumb, 30 bytes, Stack size 0 bytes, mhscpu_uart.o(.text), UNUSED)

<P><STRONG><a name="[1e6]"></a>UART_GetLineStatus</STRONG> (Thumb, 6 bytes, Stack size 0 bytes, mhscpu_uart.o(.text), UNUSED)

<P><STRONG><a name="[1e7]"></a>UART_GetModemStatus</STRONG> (Thumb, 6 bytes, Stack size 0 bytes, mhscpu_uart.o(.text), UNUSED)

<P><STRONG><a name="[1e8]"></a>UART_GetITIdentity</STRONG> (Thumb, 6 bytes, Stack size 0 bytes, mhscpu_uart.o(.text), UNUSED)

<P><STRONG><a name="[1e9]"></a>UART_IsRXFIFOError</STRONG> (Thumb, 18 bytes, Stack size 0 bytes, mhscpu_uart.o(.text), UNUSED)

<P><STRONG><a name="[1ea]"></a>UART_IsRXFramingError</STRONG> (Thumb, 18 bytes, Stack size 0 bytes, mhscpu_uart.o(.text), UNUSED)

<P><STRONG><a name="[1eb]"></a>UART_IsRXParityError</STRONG> (Thumb, 18 bytes, Stack size 0 bytes, mhscpu_uart.o(.text), UNUSED)

<P><STRONG><a name="[1ec]"></a>UART_IsRXOverrunError</STRONG> (Thumb, 18 bytes, Stack size 0 bytes, mhscpu_uart.o(.text), UNUSED)

<P><STRONG><a name="[1ed]"></a>UART_IsRXReceived</STRONG> (Thumb, 18 bytes, Stack size 0 bytes, mhscpu_uart.o(.text), UNUSED)

<P><STRONG><a name="[8d]"></a>UART_IsTXEmpty</STRONG> (Thumb, 18 bytes, Stack size 0 bytes, mhscpu_uart.o(.text))
<BR><BR>[Called By]<UL><LI><a href="#[8e]">&gt;&gt;</a>&nbsp;&nbsp;&nbsp;uartSendBuffEmpty
<LI><a href="#[8c]">&gt;&gt;</a>&nbsp;&nbsp;&nbsp;uartSendBuff
</UL>

<P><STRONG><a name="[1ee]"></a>UART_IsTXHoldingRegisterEmpty</STRONG> (Thumb, 18 bytes, Stack size 0 bytes, mhscpu_uart.o(.text), UNUSED)

<P><STRONG><a name="[1ef]"></a>UART_IsTXFIFOTrigger</STRONG> (Thumb, 18 bytes, Stack size 0 bytes, mhscpu_uart.o(.text), UNUSED)

<P><STRONG><a name="[1f0]"></a>UART_IsRXFIFOFull</STRONG> (Thumb, 18 bytes, Stack size 0 bytes, mhscpu_uart.o(.text), UNUSED)

<P><STRONG><a name="[1f1]"></a>UART_IsRXFIFONotEmpty</STRONG> (Thumb, 18 bytes, Stack size 0 bytes, mhscpu_uart.o(.text), UNUSED)

<P><STRONG><a name="[1f2]"></a>UART_IsTXFIFOEmpty</STRONG> (Thumb, 18 bytes, Stack size 0 bytes, mhscpu_uart.o(.text), UNUSED)

<P><STRONG><a name="[1f3]"></a>UART_IsTXFIFONotFull</STRONG> (Thumb, 18 bytes, Stack size 0 bytes, mhscpu_uart.o(.text), UNUSED)

<P><STRONG><a name="[1f4]"></a>UART_IsUARTBusy</STRONG> (Thumb, 18 bytes, Stack size 0 bytes, mhscpu_uart.o(.text), UNUSED)

<P><STRONG><a name="[1f5]"></a>UART_DMAGenerateSoftAck</STRONG> (Thumb, 14 bytes, Stack size 0 bytes, mhscpu_uart.o(.text), UNUSED)

<P><STRONG><a name="[1f6]"></a>UART_TXHaltCmd</STRONG> (Thumb, 30 bytes, Stack size 0 bytes, mhscpu_uart.o(.text), UNUSED)

<P><STRONG><a name="[1f7]"></a>UART_FIFOAccessModeCmd</STRONG> (Thumb, 22 bytes, Stack size 0 bytes, mhscpu_uart.o(.text), UNUSED)

<P><STRONG><a name="[1f8]"></a>UART_FIFOTxRead</STRONG> (Thumb, 8 bytes, Stack size 0 bytes, mhscpu_uart.o(.text), UNUSED)

<P><STRONG><a name="[b4]"></a>UART_IrDACmd</STRONG> (Thumb, 46 bytes, Stack size 16 bytes, mhscpu_uart.o(.text), UNUSED)
<BR><BR>[Calls]<UL><LI><a href="#[9a]">&gt;&gt;</a>&nbsp;&nbsp;&nbsp;assert_failed
</UL>

<P><STRONG><a name="[1f9]"></a>UART_SendBreak</STRONG> (Thumb, 14 bytes, Stack size 0 bytes, mhscpu_uart.o(.text), UNUSED)

<P><STRONG><a name="[b5]"></a>NVIC_PriorityGroupConfig</STRONG> (Thumb, 44 bytes, Stack size 8 bytes, misc.o(.text), UNUSED)
<BR><BR>[Calls]<UL><LI><a href="#[9a]">&gt;&gt;</a>&nbsp;&nbsp;&nbsp;assert_failed
</UL>

<P><STRONG><a name="[76]"></a>NVIC_Init</STRONG> (Thumb, 264 bytes, Stack size 32 bytes, misc.o(.text))
<BR><BR>[Stack]<UL><LI>Max Depth = 32<LI>Call Chain = NVIC_Init
</UL>
<BR>[Calls]<UL><LI><a href="#[9a]">&gt;&gt;</a>&nbsp;&nbsp;&nbsp;assert_failed
</UL>
<BR>[Called By]<UL><LI><a href="#[1]">&gt;&gt;</a>&nbsp;&nbsp;&nbsp;NVIC_Configuration
</UL>

<P><STRONG><a name="[b6]"></a>NVIC_SetVectorTable</STRONG> (Thumb, 60 bytes, Stack size 16 bytes, misc.o(.text), UNUSED)
<BR><BR>[Calls]<UL><LI><a href="#[9a]">&gt;&gt;</a>&nbsp;&nbsp;&nbsp;assert_failed
</UL>

<P><STRONG><a name="[2e]"></a>NMI_Handler</STRONG> (Thumb, 2 bytes, Stack size 0 bytes, mhscpu_it.o(.text))
<BR>[Address Reference Count : 1]<UL><LI> startup_mhscpu.o(RESET)
</UL>
<P><STRONG><a name="[2f]"></a>HardFault_Handler</STRONG> (Thumb, 4 bytes, Stack size 0 bytes, mhscpu_it.o(.text))
<BR>[Address Reference Count : 1]<UL><LI> startup_mhscpu.o(RESET)
</UL>
<P><STRONG><a name="[30]"></a>MemManage_Handler</STRONG> (Thumb, 4 bytes, Stack size 0 bytes, mhscpu_it.o(.text))
<BR>[Address Reference Count : 1]<UL><LI> startup_mhscpu.o(RESET)
</UL>
<P><STRONG><a name="[31]"></a>BusFault_Handler</STRONG> (Thumb, 4 bytes, Stack size 0 bytes, mhscpu_it.o(.text))
<BR>[Address Reference Count : 1]<UL><LI> startup_mhscpu.o(RESET)
</UL>
<P><STRONG><a name="[32]"></a>UsageFault_Handler</STRONG> (Thumb, 4 bytes, Stack size 0 bytes, mhscpu_it.o(.text))
<BR>[Address Reference Count : 1]<UL><LI> startup_mhscpu.o(RESET)
</UL>
<P><STRONG><a name="[33]"></a>SVC_Handler</STRONG> (Thumb, 2 bytes, Stack size 0 bytes, mhscpu_it.o(.text))
<BR>[Address Reference Count : 1]<UL><LI> startup_mhscpu.o(RESET)
</UL>
<P><STRONG><a name="[34]"></a>DebugMon_Handler</STRONG> (Thumb, 2 bytes, Stack size 0 bytes, mhscpu_it.o(.text))
<BR>[Address Reference Count : 1]<UL><LI> startup_mhscpu.o(RESET)
</UL>
<P><STRONG><a name="[35]"></a>PendSV_Handler</STRONG> (Thumb, 2 bytes, Stack size 0 bytes, mhscpu_it.o(.text))
<BR>[Address Reference Count : 1]<UL><LI> startup_mhscpu.o(RESET)
</UL>
<P><STRONG><a name="[36]"></a>SysTick_Handler</STRONG> (Thumb, 10 bytes, Stack size 8 bytes, mhscpu_it.o(.text))
<BR><BR>[Stack]<UL><LI>Max Depth = 8<LI>Call Chain = SysTick_Handler
</UL>
<BR>[Calls]<UL><LI><a href="#[b7]">&gt;&gt;</a>&nbsp;&nbsp;&nbsp;__2printf
</UL>
<BR>[Address Reference Count : 1]<UL><LI> startup_mhscpu.o(RESET)
</UL>
<P><STRONG><a name="[38]"></a>USB_IRQHandler</STRONG> (Thumb, 26 bytes, Stack size 8 bytes, mhscpu_it.o(.text))
<BR><BR>[Stack]<UL><LI>Max Depth = 204<LI>Call Chain = USB_IRQHandler &rArr; USBD_OTG_ISR_Handler &rArr; DCD_HandleInEP_ISR &rArr; DCD_WriteEmptyTxFifo &rArr; USB_OTG_WritePacket &rArr; USB_OTG_DMA_DataTransferInt &rArr; USB_OTG_DMA_Cmd
</UL>
<BR>[Calls]<UL><LI><a href="#[b8]">&gt;&gt;</a>&nbsp;&nbsp;&nbsp;USBD_OTG_ISR_Handler
</UL>
<BR>[Address Reference Count : 1]<UL><LI> startup_mhscpu.o(RESET)
</UL>
<P><STRONG><a name="[ba]"></a>FLASH_Operate</STRONG> (Thumb, 18 bytes, Stack size 8 bytes, mhscpu_flash.o(.text))
<BR><BR>[Stack]<UL><LI>Max Depth = 8<LI>Call Chain = FLASH_Operate
</UL>
<BR>[Called By]<UL><LI><a href="#[bc]">&gt;&gt;</a>&nbsp;&nbsp;&nbsp;FLASH_ProgramWord
<LI><a href="#[bb]">&gt;&gt;</a>&nbsp;&nbsp;&nbsp;FLASH_EraseAllPages
<LI><a href="#[b9]">&gt;&gt;</a>&nbsp;&nbsp;&nbsp;FLASH_ErasePage
<LI><a href="#[72]">&gt;&gt;</a>&nbsp;&nbsp;&nbsp;FLASH_WriteBlock
</UL>

<P><STRONG><a name="[1fa]"></a>FLASH_SetLatency</STRONG> (Thumb, 30 bytes, Stack size 0 bytes, mhscpu_flash.o(.text), UNUSED)

<P><STRONG><a name="[180]"></a>FLASH_Unlock</STRONG> (Thumb, 14 bytes, Stack size 0 bytes, mhscpu_flash.o(.text))
<BR><BR>[Called By]<UL><LI><a href="#[17f]">&gt;&gt;</a>&nbsp;&nbsp;&nbsp;_hal_flash_init
</UL>

<P><STRONG><a name="[1fb]"></a>FLASH_Lock</STRONG> (Thumb, 26 bytes, Stack size 0 bytes, mhscpu_flash.o(.text), UNUSED)

<P><STRONG><a name="[b9]"></a>FLASH_ErasePage</STRONG> (Thumb, 118 bytes, Stack size 16 bytes, mhscpu_flash.o(.text))
<BR><BR>[Stack]<UL><LI>Max Depth = 24<LI>Call Chain = FLASH_ErasePage &rArr; FLASH_Operate
</UL>
<BR>[Calls]<UL><LI><a href="#[ba]">&gt;&gt;</a>&nbsp;&nbsp;&nbsp;FLASH_Operate
<LI><a href="#[9a]">&gt;&gt;</a>&nbsp;&nbsp;&nbsp;assert_failed
</UL>
<BR>[Called By]<UL><LI><a href="#[70]">&gt;&gt;</a>&nbsp;&nbsp;&nbsp;WriteFlash
<LI><a href="#[185]">&gt;&gt;</a>&nbsp;&nbsp;&nbsp;_hal_erasepage
</UL>

<P><STRONG><a name="[bb]"></a>FLASH_EraseAllPages</STRONG> (Thumb, 88 bytes, Stack size 8 bytes, mhscpu_flash.o(.text), UNUSED)
<BR><BR>[Calls]<UL><LI><a href="#[ba]">&gt;&gt;</a>&nbsp;&nbsp;&nbsp;FLASH_Operate
</UL>

<P><STRONG><a name="[bc]"></a>FLASH_ProgramWord</STRONG> (Thumb, 214 bytes, Stack size 32 bytes, mhscpu_flash.o(.text), UNUSED)
<BR><BR>[Calls]<UL><LI><a href="#[ba]">&gt;&gt;</a>&nbsp;&nbsp;&nbsp;FLASH_Operate
<LI><a href="#[9a]">&gt;&gt;</a>&nbsp;&nbsp;&nbsp;assert_failed
</UL>

<P><STRONG><a name="[1fc]"></a>FLASH_Protect</STRONG> (Thumb, 88 bytes, Stack size 12 bytes, mhscpu_flash.o(.text), UNUSED)

<P><STRONG><a name="[1fd]"></a>FLASH_IsProtect</STRONG> (Thumb, 80 bytes, Stack size 12 bytes, mhscpu_flash.o(.text), UNUSED)

<P><STRONG><a name="[1fe]"></a>FLASH_SetProtect</STRONG> (Thumb, 22 bytes, Stack size 0 bytes, mhscpu_flash.o(.text), UNUSED)

<P><STRONG><a name="[1ff]"></a>FLASH_GetProtect</STRONG> (Thumb, 20 bytes, Stack size 0 bytes, mhscpu_flash.o(.text), UNUSED)

<P><STRONG><a name="[200]"></a>FLASH_SetProtectLock</STRONG> (Thumb, 36 bytes, Stack size 8 bytes, mhscpu_flash.o(.text), UNUSED)

<P><STRONG><a name="[201]"></a>FLASH_GetProtectLock</STRONG> (Thumb, 20 bytes, Stack size 0 bytes, mhscpu_flash.o(.text), UNUSED)

<P><STRONG><a name="[186]"></a>FLASH_UnProtect</STRONG> (Thumb, 72 bytes, Stack size 12 bytes, mhscpu_flash.o(.text))
<BR><BR>[Stack]<UL><LI>Max Depth = 12<LI>Call Chain = FLASH_UnProtect
</UL>
<BR>[Called By]<UL><LI><a href="#[185]">&gt;&gt;</a>&nbsp;&nbsp;&nbsp;_hal_erasepage
</UL>

<P><STRONG><a name="[202]"></a>FLASH_SetUnProtect</STRONG> (Thumb, 22 bytes, Stack size 0 bytes, mhscpu_flash.o(.text), UNUSED)

<P><STRONG><a name="[203]"></a>FLASH_ProtectLock</STRONG> (Thumb, 104 bytes, Stack size 16 bytes, mhscpu_flash.o(.text), UNUSED)

<P><STRONG><a name="[204]"></a>FLASH_IsProtectLock</STRONG> (Thumb, 180 bytes, Stack size 16 bytes, mhscpu_flash.o(.text), UNUSED)

<P><STRONG><a name="[72]"></a>FLASH_WriteBlock</STRONG> (Thumb, 458 bytes, Stack size 64 bytes, mhscpu_flash.o(.text))
<BR><BR>[Stack]<UL><LI>Max Depth = 72<LI>Call Chain = FLASH_WriteBlock &rArr; FLASH_Operate
</UL>
<BR>[Calls]<UL><LI><a href="#[ba]">&gt;&gt;</a>&nbsp;&nbsp;&nbsp;FLASH_Operate
<LI><a href="#[9a]">&gt;&gt;</a>&nbsp;&nbsp;&nbsp;assert_failed
</UL>
<BR>[Called By]<UL><LI><a href="#[71]">&gt;&gt;</a>&nbsp;&nbsp;&nbsp;writeonebyte
<LI><a href="#[70]">&gt;&gt;</a>&nbsp;&nbsp;&nbsp;WriteFlash
<LI><a href="#[5a]">&gt;&gt;</a>&nbsp;&nbsp;&nbsp;main
</UL>

<P><STRONG><a name="[184]"></a>ReadFlash</STRONG> (Thumb, 20 bytes, Stack size 8 bytes, mhscpu_flash.o(.text))
<BR><BR>[Stack]<UL><LI>Max Depth = 8<LI>Call Chain = ReadFlash
</UL>
<BR>[Called By]<UL><LI><a href="#[183]">&gt;&gt;</a>&nbsp;&nbsp;&nbsp;_hal_flash_readdata
</UL>

<P><STRONG><a name="[70]"></a>WriteFlash</STRONG> (Thumb, 442 bytes, Stack size 2120 bytes, mhscpu_flash.o(.text))
<BR><BR>[Stack]<UL><LI>Max Depth = 2192<LI>Call Chain = WriteFlash &rArr; FLASH_WriteBlock &rArr; FLASH_Operate
</UL>
<BR>[Calls]<UL><LI><a href="#[b9]">&gt;&gt;</a>&nbsp;&nbsp;&nbsp;FLASH_ErasePage
<LI><a href="#[72]">&gt;&gt;</a>&nbsp;&nbsp;&nbsp;FLASH_WriteBlock
</UL>
<BR>[Called By]<UL><LI><a href="#[5a]">&gt;&gt;</a>&nbsp;&nbsp;&nbsp;main
<LI><a href="#[187]">&gt;&gt;</a>&nbsp;&nbsp;&nbsp;_hal_updateflag
<LI><a href="#[182]">&gt;&gt;</a>&nbsp;&nbsp;&nbsp;_hal_flash_writedata
<LI><a href="#[181]">&gt;&gt;</a>&nbsp;&nbsp;&nbsp;_hal_flash_updatedata
</UL>

<P><STRONG><a name="[71]"></a>writeonebyte</STRONG> (Thumb, 114 bytes, Stack size 32 bytes, mhscpu_flash.o(.text))
<BR><BR>[Stack]<UL><LI>Max Depth = 104<LI>Call Chain = writeonebyte &rArr; FLASH_WriteBlock &rArr; FLASH_Operate
</UL>
<BR>[Calls]<UL><LI><a href="#[72]">&gt;&gt;</a>&nbsp;&nbsp;&nbsp;FLASH_WriteBlock
</UL>
<BR>[Called By]<UL><LI><a href="#[5a]">&gt;&gt;</a>&nbsp;&nbsp;&nbsp;main
<LI><a href="#[187]">&gt;&gt;</a>&nbsp;&nbsp;&nbsp;_hal_updateflag
</UL>

<P><STRONG><a name="[bd]"></a>mh_frequency</STRONG> (Thumb, 154 bytes, Stack size 88 bytes, mh_rand.o(.text), UNUSED)
<BR><BR>[Calls]<UL><LI><a href="#[c0]">&gt;&gt;</a>&nbsp;&nbsp;&nbsp;__aeabi_ui2d
<LI><a href="#[be]">&gt;&gt;</a>&nbsp;&nbsp;&nbsp;__aeabi_i2d
<LI><a href="#[c2]">&gt;&gt;</a>&nbsp;&nbsp;&nbsp;__aeabi_ddiv
<LI><a href="#[bf]">&gt;&gt;</a>&nbsp;&nbsp;&nbsp;__aeabi_dadd
<LI><a href="#[c1]">&gt;&gt;</a>&nbsp;&nbsp;&nbsp;sqrt
<LI><a href="#[c3]">&gt;&gt;</a>&nbsp;&nbsp;&nbsp;erfc
</UL>

<P><STRONG><a name="[c4]"></a>mh_block_frequency</STRONG> (Thumb, 328 bytes, Stack size 104 bytes, mh_rand.o(.text), UNUSED)
<BR><BR>[Calls]<UL><LI><a href="#[c7]">&gt;&gt;</a>&nbsp;&nbsp;&nbsp;mh_cephes_igamc
<LI><a href="#[be]">&gt;&gt;</a>&nbsp;&nbsp;&nbsp;__aeabi_i2d
<LI><a href="#[c5]">&gt;&gt;</a>&nbsp;&nbsp;&nbsp;__aeabi_dsub
<LI><a href="#[c6]">&gt;&gt;</a>&nbsp;&nbsp;&nbsp;__aeabi_dmul
<LI><a href="#[c2]">&gt;&gt;</a>&nbsp;&nbsp;&nbsp;__aeabi_ddiv
<LI><a href="#[bf]">&gt;&gt;</a>&nbsp;&nbsp;&nbsp;__aeabi_dadd
</UL>

<P><STRONG><a name="[c8]"></a>mh_runs</STRONG> (Thumb, 462 bytes, Stack size 112 bytes, mh_rand.o(.text), UNUSED)
<BR><BR>[Calls]<UL><LI><a href="#[be]">&gt;&gt;</a>&nbsp;&nbsp;&nbsp;__aeabi_i2d
<LI><a href="#[c5]">&gt;&gt;</a>&nbsp;&nbsp;&nbsp;__aeabi_dsub
<LI><a href="#[ca]">&gt;&gt;</a>&nbsp;&nbsp;&nbsp;__aeabi_drsub
<LI><a href="#[c6]">&gt;&gt;</a>&nbsp;&nbsp;&nbsp;__aeabi_dmul
<LI><a href="#[c2]">&gt;&gt;</a>&nbsp;&nbsp;&nbsp;__aeabi_ddiv
<LI><a href="#[bf]">&gt;&gt;</a>&nbsp;&nbsp;&nbsp;__aeabi_dadd
<LI><a href="#[c9]">&gt;&gt;</a>&nbsp;&nbsp;&nbsp;__aeabi_cdrcmple
<LI><a href="#[c1]">&gt;&gt;</a>&nbsp;&nbsp;&nbsp;sqrt
<LI><a href="#[c3]">&gt;&gt;</a>&nbsp;&nbsp;&nbsp;erfc
</UL>

<P><STRONG><a name="[cb]"></a>mh_longest_run_of_ones</STRONG> (Thumb, 510 bytes, Stack size 240 bytes, mh_rand.o(.text), UNUSED)
<BR><BR>[Calls]<UL><LI><a href="#[c7]">&gt;&gt;</a>&nbsp;&nbsp;&nbsp;mh_cephes_igamc
<LI><a href="#[c0]">&gt;&gt;</a>&nbsp;&nbsp;&nbsp;__aeabi_ui2d
<LI><a href="#[be]">&gt;&gt;</a>&nbsp;&nbsp;&nbsp;__aeabi_i2d
<LI><a href="#[c5]">&gt;&gt;</a>&nbsp;&nbsp;&nbsp;__aeabi_dsub
<LI><a href="#[c6]">&gt;&gt;</a>&nbsp;&nbsp;&nbsp;__aeabi_dmul
<LI><a href="#[c2]">&gt;&gt;</a>&nbsp;&nbsp;&nbsp;__aeabi_ddiv
<LI><a href="#[bf]">&gt;&gt;</a>&nbsp;&nbsp;&nbsp;__aeabi_dadd
<LI><a href="#[6c]">&gt;&gt;</a>&nbsp;&nbsp;&nbsp;__aeabi_memclr4
</UL>

<P><STRONG><a name="[205]"></a>mh_rand_check</STRONG> (Thumb, 28 bytes, Stack size 0 bytes, mh_rand.o(.text), UNUSED)

<P><STRONG><a name="[cc]"></a>mh_trand_buf_init</STRONG> (Thumb, 42 bytes, Stack size 8 bytes, mh_rand.o(.text))
<BR><BR>[Stack]<UL><LI>Max Depth = 8<LI>Call Chain = mh_trand_buf_init
</UL>
<BR>[Calls]<UL><LI><a href="#[6c]">&gt;&gt;</a>&nbsp;&nbsp;&nbsp;__aeabi_memclr4
</UL>
<BR>[Called By]<UL><LI><a href="#[73]">&gt;&gt;</a>&nbsp;&nbsp;&nbsp;mh_rand_init
</UL>

<P><STRONG><a name="[cd]"></a>mh_trand_polling</STRONG> (Thumb, 218 bytes, Stack size 56 bytes, mh_rand.o(.text), UNUSED)
<BR><BR>[Calls]<UL><LI><a href="#[d0]">&gt;&gt;</a>&nbsp;&nbsp;&nbsp;mh_trand_start
<LI><a href="#[cf]">&gt;&gt;</a>&nbsp;&nbsp;&nbsp;mh_trand_init
<LI><a href="#[ce]">&gt;&gt;</a>&nbsp;&nbsp;&nbsp;__aeabi_memclr
<LI><a href="#[d1]">&gt;&gt;</a>&nbsp;&nbsp;&nbsp;__aeabi_memcpy
</UL>

<P><STRONG><a name="[d6]"></a>mh_trand_buf_attack_get</STRONG> (Thumb, 20 bytes, Stack size 0 bytes, mh_rand.o(.text), UNUSED)
<BR><BR>[Called By]<UL><LI><a href="#[d5]">&gt;&gt;</a>&nbsp;&nbsp;&nbsp;mh_trand
</UL>

<P><STRONG><a name="[206]"></a>mh_trand_buf_attack_clean</STRONG> (Thumb, 8 bytes, Stack size 0 bytes, mh_rand.o(.text), UNUSED)

<P><STRONG><a name="[207]"></a>mh_trand_buf_count</STRONG> (Thumb, 8 bytes, Stack size 0 bytes, mh_rand.o(.text), UNUSED)

<P><STRONG><a name="[d5]"></a>mh_trand</STRONG> (Thumb, 284 bytes, Stack size 32 bytes, mh_rand.o(.text), UNUSED)
<BR><BR>[Calls]<UL><LI><a href="#[d6]">&gt;&gt;</a>&nbsp;&nbsp;&nbsp;mh_trand_buf_attack_get
<LI><a href="#[d4]">&gt;&gt;</a>&nbsp;&nbsp;&nbsp;NVIC_DisableIRQ
<LI><a href="#[d3]">&gt;&gt;</a>&nbsp;&nbsp;&nbsp;NVIC_EnableIRQ
<LI><a href="#[cf]">&gt;&gt;</a>&nbsp;&nbsp;&nbsp;mh_trand_init
<LI><a href="#[ce]">&gt;&gt;</a>&nbsp;&nbsp;&nbsp;__aeabi_memclr
</UL>

<P><STRONG><a name="[d8]"></a>mh_frand</STRONG> (Thumb, 38 bytes, Stack size 0 bytes, mh_rand.o(.text))
<BR><BR>[Called By]<UL><LI><a href="#[d7]">&gt;&gt;</a>&nbsp;&nbsp;&nbsp;mh_rand
</UL>

<P><STRONG><a name="[d7]"></a>mh_rand</STRONG> (Thumb, 16 bytes, Stack size 12 bytes, mh_rand.o(.text))
<BR><BR>[Stack]<UL><LI>Max Depth = 12<LI>Call Chain = mh_rand
</UL>
<BR>[Calls]<UL><LI><a href="#[d8]">&gt;&gt;</a>&nbsp;&nbsp;&nbsp;mh_frand
</UL>
<BR>[Called By]<UL><LI><a href="#[5d]">&gt;&gt;</a>&nbsp;&nbsp;&nbsp;mh_rand_p
<LI><a href="#[97]">&gt;&gt;</a>&nbsp;&nbsp;&nbsp;hal_alg_genrand
</UL>

<P><STRONG><a name="[d9]"></a>TRNG_ClearITPendingBit</STRONG> (Thumb, 12 bytes, Stack size 0 bytes, mh_rand.o(.text))
<BR><BR>[Called By]<UL><LI><a href="#[54]">&gt;&gt;</a>&nbsp;&nbsp;&nbsp;TRNG_IRQHandler
</UL>

<P><STRONG><a name="[54]"></a>TRNG_IRQHandler</STRONG> (Thumb, 216 bytes, Stack size 24 bytes, mh_rand.o(.text))
<BR><BR>[Stack]<UL><LI>Max Depth = 24<LI>Call Chain = TRNG_IRQHandler
</UL>
<BR>[Calls]<UL><LI><a href="#[d9]">&gt;&gt;</a>&nbsp;&nbsp;&nbsp;TRNG_ClearITPendingBit
<LI><a href="#[d4]">&gt;&gt;</a>&nbsp;&nbsp;&nbsp;NVIC_DisableIRQ
</UL>
<BR>[Address Reference Count : 1]<UL><LI> startup_mhscpu.o(RESET)
</UL>
<P><STRONG><a name="[73]"></a>mh_rand_init</STRONG> (Thumb, 20 bytes, Stack size 8 bytes, mh_rand.o(.text))
<BR><BR>[Stack]<UL><LI>Max Depth = 16<LI>Call Chain = mh_rand_init &rArr; mh_trand_buf_init
</UL>
<BR>[Calls]<UL><LI><a href="#[cc]">&gt;&gt;</a>&nbsp;&nbsp;&nbsp;mh_trand_buf_init
<LI><a href="#[d0]">&gt;&gt;</a>&nbsp;&nbsp;&nbsp;mh_trand_start
<LI><a href="#[cf]">&gt;&gt;</a>&nbsp;&nbsp;&nbsp;mh_trand_init
</UL>
<BR>[Called By]<UL><LI><a href="#[5a]">&gt;&gt;</a>&nbsp;&nbsp;&nbsp;main
</UL>

<P><STRONG><a name="[5d]"></a>mh_rand_p</STRONG> (Thumb, 18 bytes, Stack size 16 bytes, mh_rand.o(.text))
<BR><BR>[Stack]<UL><LI>Max Depth = 28<LI>Call Chain = mh_rand_p &rArr; mh_rand
</UL>
<BR>[Calls]<UL><LI><a href="#[d7]">&gt;&gt;</a>&nbsp;&nbsp;&nbsp;mh_rand
</UL>
<BR>[Address Reference Count : 1]<UL><LI> hal_alg.o(.text)
</UL>
<P><STRONG><a name="[208]"></a>SystemCoreClockUpdate</STRONG> (Thumb, 8 bytes, Stack size 0 bytes, system_mhscpu.o(.text), UNUSED)

<P><STRONG><a name="[5b]"></a>SystemInit</STRONG> (Thumb, 2 bytes, Stack size 0 bytes, system_mhscpu.o(.text))
<BR>[Address Reference Count : 1]<UL><LI> startup_mhscpu.o(.text)
</UL>
<P><STRONG><a name="[7]"></a>USBD_USR_DeviceDescriptor</STRONG> (Thumb, 10 bytes, Stack size 0 bytes, usbd_desc.o(.text))
<BR>[Address Reference Count : 1]<UL><LI> usbd_desc.o(.data)
</UL>
<P><STRONG><a name="[8]"></a>USBD_USR_LangIDStrDescriptor</STRONG> (Thumb, 10 bytes, Stack size 0 bytes, usbd_desc.o(.text))
<BR>[Address Reference Count : 1]<UL><LI> usbd_desc.o(.data)
</UL>
<P><STRONG><a name="[a]"></a>USBD_USR_ProductStrDescriptor</STRONG> (Thumb, 34 bytes, Stack size 16 bytes, usbd_desc.o(.text))
<BR><BR>[Stack]<UL><LI>Max Depth = 40<LI>Call Chain = USBD_USR_ProductStrDescriptor &rArr; USBD_GetString
</UL>
<BR>[Calls]<UL><LI><a href="#[da]">&gt;&gt;</a>&nbsp;&nbsp;&nbsp;USBD_GetString
</UL>
<BR>[Address Reference Count : 1]<UL><LI> usbd_desc.o(.data)
</UL>
<P><STRONG><a name="[9]"></a>USBD_USR_ManufacturerStrDescriptor</STRONG> (Thumb, 20 bytes, Stack size 16 bytes, usbd_desc.o(.text))
<BR><BR>[Stack]<UL><LI>Max Depth = 40<LI>Call Chain = USBD_USR_ManufacturerStrDescriptor &rArr; USBD_GetString
</UL>
<BR>[Calls]<UL><LI><a href="#[da]">&gt;&gt;</a>&nbsp;&nbsp;&nbsp;USBD_GetString
</UL>
<BR>[Address Reference Count : 1]<UL><LI> usbd_desc.o(.data)
</UL>
<P><STRONG><a name="[b]"></a>USBD_USR_SerialStrDescriptor</STRONG> (Thumb, 34 bytes, Stack size 16 bytes, usbd_desc.o(.text))
<BR><BR>[Stack]<UL><LI>Max Depth = 40<LI>Call Chain = USBD_USR_SerialStrDescriptor &rArr; USBD_GetString
</UL>
<BR>[Calls]<UL><LI><a href="#[da]">&gt;&gt;</a>&nbsp;&nbsp;&nbsp;USBD_GetString
</UL>
<BR>[Address Reference Count : 1]<UL><LI> usbd_desc.o(.data)
</UL>
<P><STRONG><a name="[c]"></a>USBD_USR_ConfigStrDescriptor</STRONG> (Thumb, 34 bytes, Stack size 16 bytes, usbd_desc.o(.text))
<BR><BR>[Stack]<UL><LI>Max Depth = 40<LI>Call Chain = USBD_USR_ConfigStrDescriptor &rArr; USBD_GetString
</UL>
<BR>[Calls]<UL><LI><a href="#[da]">&gt;&gt;</a>&nbsp;&nbsp;&nbsp;USBD_GetString
</UL>
<BR>[Address Reference Count : 1]<UL><LI> usbd_desc.o(.data)
</UL>
<P><STRONG><a name="[d]"></a>USBD_USR_InterfaceStrDescriptor</STRONG> (Thumb, 34 bytes, Stack size 16 bytes, usbd_desc.o(.text))
<BR><BR>[Stack]<UL><LI>Max Depth = 40<LI>Call Chain = USBD_USR_InterfaceStrDescriptor &rArr; USBD_GetString
</UL>
<BR>[Calls]<UL><LI><a href="#[da]">&gt;&gt;</a>&nbsp;&nbsp;&nbsp;USBD_GetString
</UL>
<BR>[Address Reference Count : 1]<UL><LI> usbd_desc.o(.data)
</UL>
<P><STRONG><a name="[115]"></a>USB_OTG_BSP_Init</STRONG> (Thumb, 2 bytes, Stack size 0 bytes, usb_bsp.o(.text))
<BR><BR>[Called By]<UL><LI><a href="#[6d]">&gt;&gt;</a>&nbsp;&nbsp;&nbsp;USBD_Init
</UL>

<P><STRONG><a name="[117]"></a>USB_OTG_BSP_EnableInterrupt</STRONG> (Thumb, 2 bytes, Stack size 0 bytes, usb_bsp.o(.text))
<BR><BR>[Called By]<UL><LI><a href="#[6d]">&gt;&gt;</a>&nbsp;&nbsp;&nbsp;USBD_Init
</UL>

<P><STRONG><a name="[209]"></a>USB_OTG_BSP_DriveVBUS</STRONG> (Thumb, 2 bytes, Stack size 0 bytes, usb_bsp.o(.text), UNUSED)

<P><STRONG><a name="[20a]"></a>USB_OTG_BSP_ConfigVBUS</STRONG> (Thumb, 2 bytes, Stack size 0 bytes, usb_bsp.o(.text), UNUSED)

<P><STRONG><a name="[dc]"></a>USB_OTG_BSP_uDelay</STRONG> (Thumb, 34 bytes, Stack size 8 bytes, usb_bsp.o(.text))
<BR><BR>[Stack]<UL><LI>Max Depth = 8<LI>Call Chain = USB_OTG_BSP_uDelay
</UL>
<BR>[Called By]<UL><LI><a href="#[e4]">&gt;&gt;</a>&nbsp;&nbsp;&nbsp;USB_OTG_FlushRxFifo
<LI><a href="#[e3]">&gt;&gt;</a>&nbsp;&nbsp;&nbsp;USB_OTG_FlushTxFifo
<LI><a href="#[e1]">&gt;&gt;</a>&nbsp;&nbsp;&nbsp;USB_OTG_CoreReset
<LI><a href="#[db]">&gt;&gt;</a>&nbsp;&nbsp;&nbsp;USB_OTG_BSP_mDelay
</UL>

<P><STRONG><a name="[db]"></a>USB_OTG_BSP_mDelay</STRONG> (Thumb, 18 bytes, Stack size 8 bytes, usb_bsp.o(.text))
<BR><BR>[Stack]<UL><LI>Max Depth = 16<LI>Call Chain = USB_OTG_BSP_mDelay &rArr; USB_OTG_BSP_uDelay
</UL>
<BR>[Calls]<UL><LI><a href="#[dc]">&gt;&gt;</a>&nbsp;&nbsp;&nbsp;USB_OTG_BSP_uDelay
</UL>
<BR>[Called By]<UL><LI><a href="#[104]">&gt;&gt;</a>&nbsp;&nbsp;&nbsp;DCD_DevDisconnect
<LI><a href="#[103]">&gt;&gt;</a>&nbsp;&nbsp;&nbsp;DCD_DevConnect
<LI><a href="#[f1]">&gt;&gt;</a>&nbsp;&nbsp;&nbsp;USB_OTG_ActiveRemoteWakeup
<LI><a href="#[e5]">&gt;&gt;</a>&nbsp;&nbsp;&nbsp;USB_OTG_SetCurrentMode
<LI><a href="#[e1]">&gt;&gt;</a>&nbsp;&nbsp;&nbsp;USB_OTG_CoreReset
</UL>

<P><STRONG><a name="[20b]"></a>USB_OTG_BSP_TimerIRQ</STRONG> (Thumb, 2 bytes, Stack size 0 bytes, usb_bsp.o(.text), UNUSED)

<P><STRONG><a name="[e]"></a>STORAGE_Init</STRONG> (Thumb, 6 bytes, Stack size 0 bytes, usbd_storage_msd.o(.text))
<BR>[Address Reference Count : 1]<UL><LI> usbd_storage_msd.o(.data)
</UL>
<P><STRONG><a name="[f]"></a>STORAGE_GetCapacity</STRONG> (Thumb, 14 bytes, Stack size 0 bytes, usbd_storage_msd.o(.text))
<BR>[Address Reference Count : 1]<UL><LI> usbd_storage_msd.o(.data)
</UL>
<P><STRONG><a name="[10]"></a>STORAGE_IsReady</STRONG> (Thumb, 4 bytes, Stack size 0 bytes, usbd_storage_msd.o(.text))
<BR>[Address Reference Count : 1]<UL><LI> usbd_storage_msd.o(.data)
</UL>
<P><STRONG><a name="[11]"></a>STORAGE_IsWriteProtected</STRONG> (Thumb, 6 bytes, Stack size 0 bytes, usbd_storage_msd.o(.text))
<BR>[Address Reference Count : 1]<UL><LI> usbd_storage_msd.o(.data)
</UL>
<P><STRONG><a name="[12]"></a>STORAGE_Read</STRONG> (Thumb, 220 bytes, Stack size 24 bytes, usbd_storage_msd.o(.text))
<BR><BR>[Stack]<UL><LI>Max Depth = 32<LI>Call Chain = STORAGE_Read &rArr; __aeabi_memcpy
</UL>
<BR>[Calls]<UL><LI><a href="#[d1]">&gt;&gt;</a>&nbsp;&nbsp;&nbsp;__aeabi_memcpy
</UL>
<BR>[Address Reference Count : 1]<UL><LI> usbd_storage_msd.o(.data)
</UL>
<P><STRONG><a name="[13]"></a>STORAGE_Write</STRONG> (Thumb, 220 bytes, Stack size 24 bytes, usbd_storage_msd.o(.text))
<BR><BR>[Stack]<UL><LI>Max Depth = 32<LI>Call Chain = STORAGE_Write &rArr; __aeabi_memcpy
</UL>
<BR>[Calls]<UL><LI><a href="#[d1]">&gt;&gt;</a>&nbsp;&nbsp;&nbsp;__aeabi_memcpy
</UL>
<BR>[Address Reference Count : 1]<UL><LI> usbd_storage_msd.o(.data)
</UL>
<P><STRONG><a name="[14]"></a>STORAGE_GetMaxLun</STRONG> (Thumb, 4 bytes, Stack size 0 bytes, usbd_storage_msd.o(.text))
<BR>[Address Reference Count : 1]<UL><LI> usbd_storage_msd.o(.data)
</UL>
<P><STRONG><a name="[15]"></a>USBD_USR_Init</STRONG> (Thumb, 2 bytes, Stack size 0 bytes, usbd_usr.o(.text))
<BR>[Address Reference Count : 1]<UL><LI> usbd_usr.o(.data)
</UL>
<P><STRONG><a name="[16]"></a>USBD_USR_DeviceReset</STRONG> (Thumb, 2 bytes, Stack size 0 bytes, usbd_usr.o(.text))
<BR>[Address Reference Count : 1]<UL><LI> usbd_usr.o(.data)
</UL>
<P><STRONG><a name="[17]"></a>USBD_USR_DeviceConfigured</STRONG> (Thumb, 2 bytes, Stack size 0 bytes, usbd_usr.o(.text))
<BR>[Address Reference Count : 1]<UL><LI> usbd_usr.o(.data)
</UL>
<P><STRONG><a name="[1a]"></a>USBD_USR_DeviceConnected</STRONG> (Thumb, 2 bytes, Stack size 0 bytes, usbd_usr.o(.text))
<BR>[Address Reference Count : 1]<UL><LI> usbd_usr.o(.data)
</UL>
<P><STRONG><a name="[1b]"></a>USBD_USR_DeviceDisconnected</STRONG> (Thumb, 2 bytes, Stack size 0 bytes, usbd_usr.o(.text))
<BR>[Address Reference Count : 1]<UL><LI> usbd_usr.o(.data)
</UL>
<P><STRONG><a name="[18]"></a>USBD_USR_DeviceSuspended</STRONG> (Thumb, 2 bytes, Stack size 0 bytes, usbd_usr.o(.text))
<BR>[Address Reference Count : 1]<UL><LI> usbd_usr.o(.data)
</UL>
<P><STRONG><a name="[19]"></a>USBD_USR_DeviceResumed</STRONG> (Thumb, 2 bytes, Stack size 0 bytes, usbd_usr.o(.text))
<BR>[Address Reference Count : 1]<UL><LI> usbd_usr.o(.data)
</UL>
<P><STRONG><a name="[ed]"></a>USB_OTG_DMAInt</STRONG> (Thumb, 78 bytes, Stack size 20 bytes, usb_core.o(.text))
<BR><BR>[Stack]<UL><LI>Max Depth = 20<LI>Call Chain = USB_OTG_DMAInt
</UL>
<BR>[Called By]<UL><LI><a href="#[eb]">&gt;&gt;</a>&nbsp;&nbsp;&nbsp;USB_OTG_CoreInitDev
</UL>

<P><STRONG><a name="[de]"></a>USB_OTG_DMA_Cmd</STRONG> (Thumb, 762 bytes, Stack size 32 bytes, usb_core.o(.text))
<BR><BR>[Stack]<UL><LI>Max Depth = 32<LI>Call Chain = USB_OTG_DMA_Cmd
</UL>
<BR>[Called By]<UL><LI><a href="#[108]">&gt;&gt;</a>&nbsp;&nbsp;&nbsp;USBD_OTG_DMA_ISR_Handler
<LI><a href="#[dd]">&gt;&gt;</a>&nbsp;&nbsp;&nbsp;USB_OTG_DMA_DataTransferInt
</UL>

<P><STRONG><a name="[dd]"></a>USB_OTG_DMA_DataTransferInt</STRONG> (Thumb, 50 bytes, Stack size 24 bytes, usb_core.o(.text))
<BR><BR>[Stack]<UL><LI>Max Depth = 56<LI>Call Chain = USB_OTG_DMA_DataTransferInt &rArr; USB_OTG_DMA_Cmd
</UL>
<BR>[Calls]<UL><LI><a href="#[de]">&gt;&gt;</a>&nbsp;&nbsp;&nbsp;USB_OTG_DMA_Cmd
</UL>
<BR>[Called By]<UL><LI><a href="#[108]">&gt;&gt;</a>&nbsp;&nbsp;&nbsp;USBD_OTG_DMA_ISR_Handler
<LI><a href="#[e2]">&gt;&gt;</a>&nbsp;&nbsp;&nbsp;USB_OTG_WritePacket
</UL>

<P><STRONG><a name="[20c]"></a>USB_OTG_DMA_IntCmd</STRONG> (Thumb, 34 bytes, Stack size 8 bytes, usb_core.o(.text), UNUSED)

<P><STRONG><a name="[ec]"></a>USB_OTG_InitDevSpeed</STRONG> (Thumb, 2 bytes, Stack size 0 bytes, usb_core.o(.text))
<BR><BR>[Called By]<UL><LI><a href="#[eb]">&gt;&gt;</a>&nbsp;&nbsp;&nbsp;USB_OTG_CoreInitDev
</UL>

<P><STRONG><a name="[e2]"></a>USB_OTG_WritePacket</STRONG> (Thumb, 218 bytes, Stack size 44 bytes, usb_core.o(.text))
[...]
</UL>
<BR>[Calls]<UL><LI><a href="#[123]">&gt;&gt;</a>&nbsp;&nbsp;&nbsp;USBD_CtlError
<LI><a href="#[121]">&gt;&gt;</a>&nbsp;&nbsp;&nbsp;USBD_CtlSendData
</UL>
<BR>[Called By]<UL><LI><a href="#[119]">&gt;&gt;</a>&nbsp;&nbsp;&nbsp;USBD_StdDevReq
</UL>

<P><STRONG><a name="[128]"></a>USBD_SetConfig</STRONG> (Thumb, 198 bytes, Stack size 16 bytes, usbd_req.o(.text))
<BR><BR>[Stack]<UL><LI>Max Depth = 192<LI>Call Chain = USBD_SetConfig &rArr; USBD_CtlSendStatus &rArr; DCD_EP_Tx &rArr; USB_OTG_EPStartXfer &rArr; USB_OTG_WritePacket &rArr; USB_OTG_DMA_DataTransferInt &rArr; USB_OTG_DMA_Cmd
</UL>
<BR>[Calls]<UL><LI><a href="#[123]">&gt;&gt;</a>&nbsp;&nbsp;&nbsp;USBD_CtlError
<LI><a href="#[11d]">&gt;&gt;</a>&nbsp;&nbsp;&nbsp;USBD_CtlSendStatus
<LI><a href="#[12a]">&gt;&gt;</a>&nbsp;&nbsp;&nbsp;USBD_ClrCfg
<LI><a href="#[129]">&gt;&gt;</a>&nbsp;&nbsp;&nbsp;USBD_SetCfg
</UL>
<BR>[Called By]<UL><LI><a href="#[119]">&gt;&gt;</a>&nbsp;&nbsp;&nbsp;USBD_StdDevReq
</UL>

<P><STRONG><a name="[12b]"></a>USBD_SetAddress</STRONG> (Thumb, 70 bytes, Stack size 16 bytes, usbd_req.o(.text))
<BR><BR>[Stack]<UL><LI>Max Depth = 72<LI>Call Chain = USBD_SetAddress &rArr; USBD_CtlError &rArr; DCD_EP_Stall &rArr; USB_OTG_EPSetStall
</UL>
<BR>[Calls]<UL><LI><a href="#[123]">&gt;&gt;</a>&nbsp;&nbsp;&nbsp;USBD_CtlError
</UL>
<BR>[Called By]<UL><LI><a href="#[119]">&gt;&gt;</a>&nbsp;&nbsp;&nbsp;USBD_StdDevReq
</UL>

<P><STRONG><a name="[12c]"></a>USBD_GetDescriptor</STRONG> (Thumb, 280 bytes, Stack size 24 bytes, usbd_req.o(.text))
<BR><BR>[Stack]<UL><LI>Max Depth = 208<LI>Call Chain = USBD_GetDescriptor &rArr; USBD_CtlSendData &rArr; DCD_EP_Tx &rArr; USB_OTG_EPStartXfer &rArr; USB_OTG_WritePacket &rArr; USB_OTG_DMA_DataTransferInt &rArr; USB_OTG_DMA_Cmd
</UL>
<BR>[Calls]<UL><LI><a href="#[123]">&gt;&gt;</a>&nbsp;&nbsp;&nbsp;USBD_CtlError
<LI><a href="#[121]">&gt;&gt;</a>&nbsp;&nbsp;&nbsp;USBD_CtlSendData
</UL>
<BR>[Called By]<UL><LI><a href="#[119]">&gt;&gt;</a>&nbsp;&nbsp;&nbsp;USBD_StdDevReq
</UL>

<P><STRONG><a name="[12d]"></a>USBD_GetLen</STRONG> (Thumb, 20 bytes, Stack size 0 bytes, usbd_req.o(.text))
<BR><BR>[Called By]<UL><LI><a href="#[da]">&gt;&gt;</a>&nbsp;&nbsp;&nbsp;USBD_GetString
</UL>

<P><STRONG><a name="[133]"></a>MSC_BOT_SendData</STRONG> (Thumb, 60 bytes, Stack size 16 bytes, usbd_msc_bot.o(.text))
<BR><BR>[Stack]<UL><LI>Max Depth = 176<LI>Call Chain = MSC_BOT_SendData &rArr; DCD_EP_Tx &rArr; USB_OTG_EPStartXfer &rArr; USB_OTG_WritePacket &rArr; USB_OTG_DMA_DataTransferInt &rArr; USB_OTG_DMA_Cmd
</UL>
<BR>[Calls]<UL><LI><a href="#[ff]">&gt;&gt;</a>&nbsp;&nbsp;&nbsp;DCD_EP_Tx
</UL>
<BR>[Called By]<UL><LI><a href="#[135]">&gt;&gt;</a>&nbsp;&nbsp;&nbsp;MSC_BOT_CBW_Decode
</UL>

<P><STRONG><a name="[134]"></a>MSC_BOT_Abort</STRONG> (Thumb, 60 bytes, Stack size 8 bytes, usbd_msc_bot.o(.text))
<BR><BR>[Stack]<UL><LI>Max Depth = 168<LI>Call Chain = MSC_BOT_Abort &rArr; DCD_EP_PrepareRx &rArr; USB_OTG_EPStartXfer &rArr; USB_OTG_WritePacket &rArr; USB_OTG_DMA_DataTransferInt &rArr; USB_OTG_DMA_Cmd
</UL>
<BR>[Calls]<UL><LI><a href="#[100]">&gt;&gt;</a>&nbsp;&nbsp;&nbsp;DCD_EP_Stall
<LI><a href="#[fe]">&gt;&gt;</a>&nbsp;&nbsp;&nbsp;DCD_EP_PrepareRx
</UL>
<BR>[Called By]<UL><LI><a href="#[135]">&gt;&gt;</a>&nbsp;&nbsp;&nbsp;MSC_BOT_CBW_Decode
</UL>

<P><STRONG><a name="[135]"></a>MSC_BOT_CBW_Decode</STRONG> (Thumb, 184 bytes, Stack size 8 bytes, usbd_msc_bot.o(.text))
<BR><BR>[Stack]<UL><LI>Max Depth = 240<LI>Call Chain = MSC_BOT_CBW_Decode &rArr; SCSI_ProcessCmd &rArr; SCSI_Write10 &rArr; SCSI_ProcessWrite &rArr; MSC_BOT_SendCSW &rArr; DCD_EP_Tx &rArr; USB_OTG_EPStartXfer &rArr; USB_OTG_WritePacket &rArr; USB_OTG_DMA_DataTransferInt &rArr; USB_OTG_DMA_Cmd
</UL>
<BR>[Calls]<UL><LI><a href="#[137]">&gt;&gt;</a>&nbsp;&nbsp;&nbsp;SCSI_SenseCode
<LI><a href="#[132]">&gt;&gt;</a>&nbsp;&nbsp;&nbsp;SCSI_ProcessCmd
<LI><a href="#[130]">&gt;&gt;</a>&nbsp;&nbsp;&nbsp;MSC_BOT_SendCSW
<LI><a href="#[134]">&gt;&gt;</a>&nbsp;&nbsp;&nbsp;MSC_BOT_Abort
<LI><a href="#[133]">&gt;&gt;</a>&nbsp;&nbsp;&nbsp;MSC_BOT_SendData
<LI><a href="#[136]">&gt;&gt;</a>&nbsp;&nbsp;&nbsp;USBD_GetRxCount
</UL>
<BR>[Called By]<UL><LI><a href="#[138]">&gt;&gt;</a>&nbsp;&nbsp;&nbsp;MSC_BOT_DataOut
</UL>

<P><STRONG><a name="[13b]"></a>SCSI_CheckAddressRange</STRONG> (Thumb, 38 bytes, Stack size 16 bytes, usbd_msc_scsi.o(.text))
<BR><BR>[Stack]<UL><LI>Max Depth = 28<LI>Call Chain = SCSI_CheckAddressRange &rArr; SCSI_SenseCode
</UL>
<BR>[Calls]<UL><LI><a href="#[137]">&gt;&gt;</a>&nbsp;&nbsp;&nbsp;SCSI_SenseCode
</UL>
<BR>[Called By]<UL><LI><a href="#[140]">&gt;&gt;</a>&nbsp;&nbsp;&nbsp;SCSI_Read10
<LI><a href="#[13e]">&gt;&gt;</a>&nbsp;&nbsp;&nbsp;SCSI_Write10
<LI><a href="#[13c]">&gt;&gt;</a>&nbsp;&nbsp;&nbsp;SCSI_Verify10
</UL>

<P><STRONG><a name="[13c]"></a>SCSI_Verify10</STRONG> (Thumb, 68 bytes, Stack size 16 bytes, usbd_msc_scsi.o(.text))
<BR><BR>[Stack]<UL><LI>Max Depth = 44<LI>Call Chain = SCSI_Verify10 &rArr; SCSI_CheckAddressRange &rArr; SCSI_SenseCode
</UL>
<BR>[Calls]<UL><LI><a href="#[13b]">&gt;&gt;</a>&nbsp;&nbsp;&nbsp;SCSI_CheckAddressRange
<LI><a href="#[137]">&gt;&gt;</a>&nbsp;&nbsp;&nbsp;SCSI_SenseCode
</UL>
<BR>[Called By]<UL><LI><a href="#[132]">&gt;&gt;</a>&nbsp;&nbsp;&nbsp;SCSI_ProcessCmd
</UL>

<P><STRONG><a name="[13d]"></a>SCSI_ProcessWrite</STRONG> (Thumb, 176 bytes, Stack size 24 bytes, usbd_msc_scsi.o(.text))
<BR><BR>[Stack]<UL><LI>Max Depth = 200<LI>Call Chain = SCSI_ProcessWrite &rArr; MSC_BOT_SendCSW &rArr; DCD_EP_Tx &rArr; USB_OTG_EPStartXfer &rArr; USB_OTG_WritePacket &rArr; USB_OTG_DMA_DataTransferInt &rArr; USB_OTG_DMA_Cmd
</UL>
<BR>[Calls]<UL><LI><a href="#[137]">&gt;&gt;</a>&nbsp;&nbsp;&nbsp;SCSI_SenseCode
<LI><a href="#[130]">&gt;&gt;</a>&nbsp;&nbsp;&nbsp;MSC_BOT_SendCSW
<LI><a href="#[fe]">&gt;&gt;</a>&nbsp;&nbsp;&nbsp;DCD_EP_PrepareRx
</UL>
<BR>[Called By]<UL><LI><a href="#[13e]">&gt;&gt;</a>&nbsp;&nbsp;&nbsp;SCSI_Write10
</UL>

<P><STRONG><a name="[13e]"></a>SCSI_Write10</STRONG> (Thumb, 274 bytes, Stack size 16 bytes, usbd_msc_scsi.o(.text))
<BR><BR>[Stack]<UL><LI>Max Depth = 216<LI>Call Chain = SCSI_Write10 &rArr; SCSI_ProcessWrite &rArr; MSC_BOT_SendCSW &rArr; DCD_EP_Tx &rArr; USB_OTG_EPStartXfer &rArr; USB_OTG_WritePacket &rArr; USB_OTG_DMA_DataTransferInt &rArr; USB_OTG_DMA_Cmd
</UL>
<BR>[Calls]<UL><LI><a href="#[13d]">&gt;&gt;</a>&nbsp;&nbsp;&nbsp;SCSI_ProcessWrite
<LI><a href="#[13b]">&gt;&gt;</a>&nbsp;&nbsp;&nbsp;SCSI_CheckAddressRange
<LI><a href="#[137]">&gt;&gt;</a>&nbsp;&nbsp;&nbsp;SCSI_SenseCode
<LI><a href="#[fe]">&gt;&gt;</a>&nbsp;&nbsp;&nbsp;DCD_EP_PrepareRx
</UL>
<BR>[Called By]<UL><LI><a href="#[132]">&gt;&gt;</a>&nbsp;&nbsp;&nbsp;SCSI_ProcessCmd
</UL>

<P><STRONG><a name="[13f]"></a>SCSI_ProcessRead</STRONG> (Thumb, 162 bytes, Stack size 24 bytes, usbd_msc_scsi.o(.text))
<BR><BR>[Stack]<UL><LI>Max Depth = 184<LI>Call Chain = SCSI_ProcessRead &rArr; DCD_EP_Tx &rArr; USB_OTG_EPStartXfer &rArr; USB_OTG_WritePacket &rArr; USB_OTG_DMA_DataTransferInt &rArr; USB_OTG_DMA_Cmd
</UL>
<BR>[Calls]<UL><LI><a href="#[137]">&gt;&gt;</a>&nbsp;&nbsp;&nbsp;SCSI_SenseCode
<LI><a href="#[ff]">&gt;&gt;</a>&nbsp;&nbsp;&nbsp;DCD_EP_Tx
</UL>
<BR>[Called By]<UL><LI><a href="#[140]">&gt;&gt;</a>&nbsp;&nbsp;&nbsp;SCSI_Read10
</UL>

<P><STRONG><a name="[140]"></a>SCSI_Read10</STRONG> (Thumb, 212 bytes, Stack size 16 bytes, usbd_msc_scsi.o(.text))
<BR><BR>[Stack]<UL><LI>Max Depth = 200<LI>Call Chain = SCSI_Read10 &rArr; SCSI_ProcessRead &rArr; DCD_EP_Tx &rArr; USB_OTG_EPStartXfer &rArr; USB_OTG_WritePacket &rArr; USB_OTG_DMA_DataTransferInt &rArr; USB_OTG_DMA_Cmd
</UL>
<BR>[Calls]<UL><LI><a href="#[13f]">&gt;&gt;</a>&nbsp;&nbsp;&nbsp;SCSI_ProcessRead
<LI><a href="#[13b]">&gt;&gt;</a>&nbsp;&nbsp;&nbsp;SCSI_CheckAddressRange
<LI><a href="#[137]">&gt;&gt;</a>&nbsp;&nbsp;&nbsp;SCSI_SenseCode
</UL>
<BR>[Called By]<UL><LI><a href="#[132]">&gt;&gt;</a>&nbsp;&nbsp;&nbsp;SCSI_ProcessCmd
</UL>

<P><STRONG><a name="[141]"></a>SCSI_ReadCapacity10</STRONG> (Thumb, 172 bytes, Stack size 16 bytes, usbd_msc_scsi.o(.text))
<BR><BR>[Stack]<UL><LI>Max Depth = 28<LI>Call Chain = SCSI_ReadCapacity10 &rArr; SCSI_SenseCode
</UL>
<BR>[Calls]<UL><LI><a href="#[137]">&gt;&gt;</a>&nbsp;&nbsp;&nbsp;SCSI_SenseCode
</UL>
<BR>[Called By]<UL><LI><a href="#[132]">&gt;&gt;</a>&nbsp;&nbsp;&nbsp;SCSI_ProcessCmd
</UL>

<P><STRONG><a name="[142]"></a>SCSI_ReadFormatCapacity</STRONG> (Thumb, 122 bytes, Stack size 24 bytes, usbd_msc_scsi.o(.text))
<BR><BR>[Stack]<UL><LI>Max Depth = 36<LI>Call Chain = SCSI_ReadFormatCapacity &rArr; SCSI_SenseCode
</UL>
<BR>[Calls]<UL><LI><a href="#[137]">&gt;&gt;</a>&nbsp;&nbsp;&nbsp;SCSI_SenseCode
</UL>
<BR>[Called By]<UL><LI><a href="#[132]">&gt;&gt;</a>&nbsp;&nbsp;&nbsp;SCSI_ProcessCmd
</UL>

<P><STRONG><a name="[148]"></a>SCSI_ModeSense10</STRONG> (Thumb, 34 bytes, Stack size 8 bytes, usbd_msc_scsi.o(.text))
<BR><BR>[Stack]<UL><LI>Max Depth = 8<LI>Call Chain = SCSI_ModeSense10
</UL>
<BR>[Called By]<UL><LI><a href="#[132]">&gt;&gt;</a>&nbsp;&nbsp;&nbsp;SCSI_ProcessCmd
</UL>

<P><STRONG><a name="[147]"></a>SCSI_ModeSense6</STRONG> (Thumb, 34 bytes, Stack size 8 bytes, usbd_msc_scsi.o(.text))
<BR><BR>[Stack]<UL><LI>Max Depth = 8<LI>Call Chain = SCSI_ModeSense6
</UL>
<BR>[Called By]<UL><LI><a href="#[132]">&gt;&gt;</a>&nbsp;&nbsp;&nbsp;SCSI_ProcessCmd
</UL>

<P><STRONG><a name="[146]"></a>SCSI_StartStopUnit</STRONG> (Thumb, 10 bytes, Stack size 0 bytes, usbd_msc_scsi.o(.text))
<BR><BR>[Called By]<UL><LI><a href="#[132]">&gt;&gt;</a>&nbsp;&nbsp;&nbsp;SCSI_ProcessCmd
</UL>

<P><STRONG><a name="[145]"></a>SCSI_Inquiry</STRONG> (Thumb, 70 bytes, Stack size 12 bytes, usbd_msc_scsi.o(.text))
<BR><BR>[Stack]<UL><LI>Max Depth = 12<LI>Call Chain = SCSI_Inquiry
</UL>
<BR>[Called By]<UL><LI><a href="#[132]">&gt;&gt;</a>&nbsp;&nbsp;&nbsp;SCSI_ProcessCmd
</UL>

<P><STRONG><a name="[144]"></a>SCSI_RequestSense</STRONG> (Thumb, 132 bytes, Stack size 8 bytes, usbd_msc_scsi.o(.text))
<BR><BR>[Stack]<UL><LI>Max Depth = 8<LI>Call Chain = SCSI_RequestSense
</UL>
<BR>[Called By]<UL><LI><a href="#[132]">&gt;&gt;</a>&nbsp;&nbsp;&nbsp;SCSI_ProcessCmd
</UL>

<P><STRONG><a name="[143]"></a>SCSI_TestUnitReady</STRONG> (Thumb, 68 bytes, Stack size 16 bytes, usbd_msc_scsi.o(.text))
<BR><BR>[Stack]<UL><LI>Max Depth = 28<LI>Call Chain = SCSI_TestUnitReady &rArr; SCSI_SenseCode
</UL>
<BR>[Calls]<UL><LI><a href="#[137]">&gt;&gt;</a>&nbsp;&nbsp;&nbsp;SCSI_SenseCode
</UL>
<BR>[Called By]<UL><LI><a href="#[132]">&gt;&gt;</a>&nbsp;&nbsp;&nbsp;SCSI_ProcessCmd
</UL>

<P><STRONG><a name="[18f]"></a>mh_ssc_backup</STRONG> (Thumb, 50 bytes, Stack size 0 bytes, mh_des.o(.text), UNUSED)
<BR><BR>[Called By]<UL><LI><a href="#[195]">&gt;&gt;</a>&nbsp;&nbsp;&nbsp;mh_tdes
<LI><a href="#[18e]">&gt;&gt;</a>&nbsp;&nbsp;&nbsp;mh_des
</UL>

<P><STRONG><a name="[191]"></a>mh_ssc_recover</STRONG> (Thumb, 38 bytes, Stack size 0 bytes, mh_des.o(.text), UNUSED)
<BR><BR>[Called By]<UL><LI><a href="#[195]">&gt;&gt;</a>&nbsp;&nbsp;&nbsp;mh_tdes
<LI><a href="#[18e]">&gt;&gt;</a>&nbsp;&nbsp;&nbsp;mh_des
</UL>

<P><STRONG><a name="[190]"></a>mh_ssc_sec_enable</STRONG> (Thumb, 74 bytes, Stack size 0 bytes, mh_des.o(.text), UNUSED)
<BR><BR>[Called By]<UL><LI><a href="#[195]">&gt;&gt;</a>&nbsp;&nbsp;&nbsp;mh_tdes
<LI><a href="#[18e]">&gt;&gt;</a>&nbsp;&nbsp;&nbsp;mh_des
</UL>

<P><STRONG><a name="[188]"></a>mh_des_is_equal</STRONG> (Thumb, 212 bytes, Stack size 72 bytes, mh_des.o(.text), UNUSED)
<BR><BR>[Calls]<UL><LI><a href="#[18a]">&gt;&gt;</a>&nbsp;&nbsp;&nbsp;mh_ssc_rand_branch_disable
<LI><a href="#[189]">&gt;&gt;</a>&nbsp;&nbsp;&nbsp;mh_ssc_rand_branch_enable
</UL>
<BR>[Called By]<UL><LI><a href="#[18e]">&gt;&gt;</a>&nbsp;&nbsp;&nbsp;mh_des
</UL>

<P><STRONG><a name="[18b]"></a>mh_des_cpy_swap</STRONG> (Thumb, 208 bytes, Stack size 80 bytes, mh_des.o(.text), UNUSED)
<BR><BR>[Calls]<UL><LI><a href="#[18c]">&gt;&gt;</a>&nbsp;&nbsp;&nbsp;mh_swap_u32
<LI><a href="#[18a]">&gt;&gt;</a>&nbsp;&nbsp;&nbsp;mh_ssc_rand_branch_disable
<LI><a href="#[189]">&gt;&gt;</a>&nbsp;&nbsp;&nbsp;mh_ssc_rand_branch_enable
</UL>
<BR>[Called By]<UL><LI><a href="#[18e]">&gt;&gt;</a>&nbsp;&nbsp;&nbsp;mh_des
</UL>

<P><STRONG><a name="[18d]"></a>mh_des_cpy</STRONG> (Thumb, 186 bytes, Stack size 72 bytes, mh_des.o(.text), UNUSED)
<BR><BR>[Calls]<UL><LI><a href="#[18a]">&gt;&gt;</a>&nbsp;&nbsp;&nbsp;mh_ssc_rand_branch_disable
<LI><a href="#[189]">&gt;&gt;</a>&nbsp;&nbsp;&nbsp;mh_ssc_rand_branch_enable
</UL>
<BR>[Called By]<UL><LI><a href="#[18e]">&gt;&gt;</a>&nbsp;&nbsp;&nbsp;mh_des
</UL>

<P><STRONG><a name="[18e]"></a>mh_des</STRONG> (Thumb, 1686 bytes, Stack size 688 bytes, mh_des.o(.text), UNUSED)
<BR><BR>[Calls]<UL><LI><a href="#[18a]">&gt;&gt;</a>&nbsp;&nbsp;&nbsp;mh_ssc_rand_branch_disable
<LI><a href="#[189]">&gt;&gt;</a>&nbsp;&nbsp;&nbsp;mh_ssc_rand_branch_enable
<LI><a href="#[18d]">&gt;&gt;</a>&nbsp;&nbsp;&nbsp;mh_des_cpy
<LI><a href="#[18b]">&gt;&gt;</a>&nbsp;&nbsp;&nbsp;mh_des_cpy_swap
<LI><a href="#[188]">&gt;&gt;</a>&nbsp;&nbsp;&nbsp;mh_des_is_equal
<LI><a href="#[190]">&gt;&gt;</a>&nbsp;&nbsp;&nbsp;mh_ssc_sec_enable
<LI><a href="#[191]">&gt;&gt;</a>&nbsp;&nbsp;&nbsp;mh_ssc_recover
<LI><a href="#[18f]">&gt;&gt;</a>&nbsp;&nbsp;&nbsp;mh_ssc_backup
<LI><a href="#[6c]">&gt;&gt;</a>&nbsp;&nbsp;&nbsp;__aeabi_memclr4
<LI><a href="#[ce]">&gt;&gt;</a>&nbsp;&nbsp;&nbsp;__aeabi_memclr
</UL>
<BR>[Called By]<UL><LI><a href="#[197]">&gt;&gt;</a>&nbsp;&nbsp;&nbsp;mh_des_dec
<LI><a href="#[196]">&gt;&gt;</a>&nbsp;&nbsp;&nbsp;mh_des_enc
</UL>

<P><STRONG><a name="[192]"></a>mh_tdes_is_equal</STRONG> (Thumb, 212 bytes, Stack size 72 bytes, mh_des.o(.text), UNUSED)
<BR><BR>[Calls]<UL><LI><a href="#[18a]">&gt;&gt;</a>&nbsp;&nbsp;&nbsp;mh_ssc_rand_branch_disable
<LI><a href="#[189]">&gt;&gt;</a>&nbsp;&nbsp;&nbsp;mh_ssc_rand_branch_enable
</UL>
<BR>[Called By]<UL><LI><a href="#[195]">&gt;&gt;</a>&nbsp;&nbsp;&nbsp;mh_tdes
</UL>

<P><STRONG><a name="[193]"></a>mh_tdes_cpy_swap</STRONG> (Thumb, 208 bytes, Stack size 80 bytes, mh_des.o(.text), UNUSED)
<BR><BR>[Calls]<UL><LI><a href="#[18c]">&gt;&gt;</a>&nbsp;&nbsp;&nbsp;mh_swap_u32
<LI><a href="#[18a]">&gt;&gt;</a>&nbsp;&nbsp;&nbsp;mh_ssc_rand_branch_disable
<LI><a href="#[189]">&gt;&gt;</a>&nbsp;&nbsp;&nbsp;mh_ssc_rand_branch_enable
</UL>
<BR>[Called By]<UL><LI><a href="#[195]">&gt;&gt;</a>&nbsp;&nbsp;&nbsp;mh_tdes
</UL>

<P><STRONG><a name="[194]"></a>mh_tdes_cpy</STRONG> (Thumb, 186 bytes, Stack size 72 bytes, mh_des.o(.text), UNUSED)
<BR><BR>[Calls]<UL><LI><a href="#[18a]">&gt;&gt;</a>&nbsp;&nbsp;&nbsp;mh_ssc_rand_branch_disable
<LI><a href="#[189]">&gt;&gt;</a>&nbsp;&nbsp;&nbsp;mh_ssc_rand_branch_enable
</UL>
<BR>[Called By]<UL><LI><a href="#[195]">&gt;&gt;</a>&nbsp;&nbsp;&nbsp;mh_tdes
</UL>

<P><STRONG><a name="[195]"></a>mh_tdes</STRONG> (Thumb, 1522 bytes, Stack size 688 bytes, mh_des.o(.text), UNUSED)
<BR><BR>[Calls]<UL><LI><a href="#[18a]">&gt;&gt;</a>&nbsp;&nbsp;&nbsp;mh_ssc_rand_branch_disable
<LI><a href="#[189]">&gt;&gt;</a>&nbsp;&nbsp;&nbsp;mh_ssc_rand_branch_enable
<LI><a href="#[194]">&gt;&gt;</a>&nbsp;&nbsp;&nbsp;mh_tdes_cpy
<LI><a href="#[193]">&gt;&gt;</a>&nbsp;&nbsp;&nbsp;mh_tdes_cpy_swap
<LI><a href="#[192]">&gt;&gt;</a>&nbsp;&nbsp;&nbsp;mh_tdes_is_equal
<LI><a href="#[190]">&gt;&gt;</a>&nbsp;&nbsp;&nbsp;mh_ssc_sec_enable
<LI><a href="#[191]">&gt;&gt;</a>&nbsp;&nbsp;&nbsp;mh_ssc_recover
<LI><a href="#[18f]">&gt;&gt;</a>&nbsp;&nbsp;&nbsp;mh_ssc_backup
<LI><a href="#[6c]">&gt;&gt;</a>&nbsp;&nbsp;&nbsp;__aeabi_memclr4
<LI><a href="#[ce]">&gt;&gt;</a>&nbsp;&nbsp;&nbsp;__aeabi_memclr
</UL>
<BR>[Called By]<UL><LI><a href="#[17d]">&gt;&gt;</a>&nbsp;&nbsp;&nbsp;mh_tdes_enc
<LI><a href="#[17e]">&gt;&gt;</a>&nbsp;&nbsp;&nbsp;mh_tdes_dec
</UL>

<P><STRONG><a name="[189]"></a>mh_ssc_rand_branch_enable</STRONG> (Thumb, 18 bytes, Stack size 0 bytes, mh_des.o(.text), UNUSED)
<BR><BR>[Called By]<UL><LI><a href="#[195]">&gt;&gt;</a>&nbsp;&nbsp;&nbsp;mh_tdes
<LI><a href="#[194]">&gt;&gt;</a>&nbsp;&nbsp;&nbsp;mh_tdes_cpy
<LI><a href="#[193]">&gt;&gt;</a>&nbsp;&nbsp;&nbsp;mh_tdes_cpy_swap
<LI><a href="#[192]">&gt;&gt;</a>&nbsp;&nbsp;&nbsp;mh_tdes_is_equal
<LI><a href="#[18e]">&gt;&gt;</a>&nbsp;&nbsp;&nbsp;mh_des
<LI><a href="#[18d]">&gt;&gt;</a>&nbsp;&nbsp;&nbsp;mh_des_cpy
<LI><a href="#[18b]">&gt;&gt;</a>&nbsp;&nbsp;&nbsp;mh_des_cpy_swap
<LI><a href="#[188]">&gt;&gt;</a>&nbsp;&nbsp;&nbsp;mh_des_is_equal
</UL>

<P><STRONG><a name="[18a]"></a>mh_ssc_rand_branch_disable</STRONG> (Thumb, 18 bytes, Stack size 0 bytes, mh_des.o(.text), UNUSED)
<BR><BR>[Called By]<UL><LI><a href="#[195]">&gt;&gt;</a>&nbsp;&nbsp;&nbsp;mh_tdes
<LI><a href="#[194]">&gt;&gt;</a>&nbsp;&nbsp;&nbsp;mh_tdes_cpy
<LI><a href="#[193]">&gt;&gt;</a>&nbsp;&nbsp;&nbsp;mh_tdes_cpy_swap
<LI><a href="#[192]">&gt;&gt;</a>&nbsp;&nbsp;&nbsp;mh_tdes_is_equal
<LI><a href="#[18e]">&gt;&gt;</a>&nbsp;&nbsp;&nbsp;mh_des
<LI><a href="#[18d]">&gt;&gt;</a>&nbsp;&nbsp;&nbsp;mh_des_cpy
<LI><a href="#[18b]">&gt;&gt;</a>&nbsp;&nbsp;&nbsp;mh_des_cpy_swap
<LI><a href="#[188]">&gt;&gt;</a>&nbsp;&nbsp;&nbsp;mh_des_is_equal
</UL>

<P><STRONG><a name="[1a9]"></a>mh_ssc_rand_branch_enable</STRONG> (Thumb, 18 bytes, Stack size 0 bytes, mh_sm4.o(.text))
<BR><BR>[Called By]<UL><LI><a href="#[1a7]">&gt;&gt;</a>&nbsp;&nbsp;&nbsp;mh_sm4
</UL>

<P><STRONG><a name="[1aa]"></a>mh_ssc_rand_branch_disable</STRONG> (Thumb, 18 bytes, Stack size 0 bytes, mh_sm4.o(.text))
<BR><BR>[Called By]<UL><LI><a href="#[1a7]">&gt;&gt;</a>&nbsp;&nbsp;&nbsp;mh_sm4
</UL>

<P><STRONG><a name="[1a8]"></a>mh_ssc_sec_enable</STRONG> (Thumb, 74 bytes, Stack size 0 bytes, mh_sm4.o(.text))
<BR><BR>[Called By]<UL><LI><a href="#[1a7]">&gt;&gt;</a>&nbsp;&nbsp;&nbsp;mh_sm4
</UL>

<P><STRONG><a name="[1b6]"></a>_printf_core</STRONG> (Thumb, 34 bytes, Stack size 24 bytes, printfb.o(i._printf_core), UNUSED)
<BR><BR>[Called By]<UL><LI><a href="#[1b5]">&gt;&gt;</a>&nbsp;&nbsp;&nbsp;__0printf$bare
</UL>

<P><STRONG><a name="[1c0]"></a>_fp_digits</STRONG> (Thumb, 334 bytes, Stack size 56 bytes, printfa.o(i._fp_digits), UNUSED)
<BR><BR>[Calls]<UL><LI><a href="#[c6]">&gt;&gt;</a>&nbsp;&nbsp;&nbsp;__aeabi_dmul
<LI><a href="#[c2]">&gt;&gt;</a>&nbsp;&nbsp;&nbsp;__aeabi_ddiv
<LI><a href="#[bf]">&gt;&gt;</a>&nbsp;&nbsp;&nbsp;__aeabi_dadd
<LI><a href="#[c9]">&gt;&gt;</a>&nbsp;&nbsp;&nbsp;__aeabi_cdrcmple
<LI><a href="#[1b1]">&gt;&gt;</a>&nbsp;&nbsp;&nbsp;__aeabi_uldivmod
<LI><a href="#[1b3]">&gt;&gt;</a>&nbsp;&nbsp;&nbsp;__aeabi_d2ulz
</UL>
<BR>[Called By]<UL><LI><a href="#[1b8]">&gt;&gt;</a>&nbsp;&nbsp;&nbsp;_printf_core
</UL>

<P><STRONG><a name="[1b8]"></a>_printf_core</STRONG> (Thumb, 1744 bytes, Stack size 136 bytes, printfa.o(i._printf_core), UNUSED)
<BR><BR>[Calls]<UL><LI><a href="#[1b1]">&gt;&gt;</a>&nbsp;&nbsp;&nbsp;__aeabi_uldivmod
<LI><a href="#[1c3]">&gt;&gt;</a>&nbsp;&nbsp;&nbsp;__aeabi_uidivmod
<LI><a href="#[1c1]">&gt;&gt;</a>&nbsp;&nbsp;&nbsp;_printf_pre_padding
<LI><a href="#[1c2]">&gt;&gt;</a>&nbsp;&nbsp;&nbsp;_printf_post_padding
<LI><a href="#[1c0]">&gt;&gt;</a>&nbsp;&nbsp;&nbsp;_fp_digits
</UL>
<BR>[Called By]<UL><LI><a href="#[1b7]">&gt;&gt;</a>&nbsp;&nbsp;&nbsp;__0vsprintf
</UL>

<P><STRONG><a name="[1c2]"></a>_printf_post_padding</STRONG> (Thumb, 36 bytes, Stack size 24 bytes, printfa.o(i._printf_post_padding), UNUSED)
<BR><BR>[Called By]<UL><LI><a href="#[1b8]">&gt;&gt;</a>&nbsp;&nbsp;&nbsp;_printf_core
</UL>

<P><STRONG><a name="[1c1]"></a>_printf_pre_padding</STRONG> (Thumb, 46 bytes, Stack size 24 bytes, printfa.o(i._printf_pre_padding), UNUSED)
<BR><BR>[Called By]<UL><LI><a href="#[1b8]">&gt;&gt;</a>&nbsp;&nbsp;&nbsp;_printf_core
</UL>

<P><STRONG><a name="[5f]"></a>_sputc</STRONG> (Thumb, 10 bytes, Stack size 0 bytes, printfa.o(i._sputc))
<BR><BR>[Called By]<UL><LI><a href="#[1b7]">&gt;&gt;</a>&nbsp;&nbsp;&nbsp;__0vsprintf
</UL>
<BR>[Address Reference Count : 1]<UL><LI> printfa.o(i.__0vsprintf)
</UL><P>
<H3>
Undefined Global Symbols
</H3><HR></body></html>
